02-13 20:36:05.975 31953 15388 W Codec2Client: query -- param skipped: index = 1107298332.
02-13 20:36:05.976 31953 15388 I CCodecConfig: query failed after returning 18 values (BAD_INDEX)
02-13 20:36:05.983 31953 15388 W Codec2Client: query -- param skipped: index = 1342179345.
02-13 20:36:05.983 31953 15388 W Codec2Client: query -- param skipped: index = 2415921170.
02-13 20:36:05.983 31953 15388 W Codec2Client: query -- param skipped: index = 1610614798.
02-13 20:36:05.988 31953 15387 I VivoVideoDumpInfo: property persist.sys.log.ctrl-->no
02-13 20:36:05.988 31953 15387 I VivoVideoDumpInfo: logger is not running,videoDump is disable.
02-13 20:36:05.992 31953 15384 W MediaCodecSelectorHelper: Unexpected mime type audio/mp4a-latm
02-13 20:36:05.992 31953 15384 W AString : ctor got NULL, using empty string instead
02-13 20:36:05.994 31953 15384 I CCodecBufferChannel: mIsVivoLogEnable = 0
02-13 20:36:05.996 31953 15388 I CCodecBufferChannel: [c2.qti.av1.decoder#770] onWorkDone: updating max output delay 22
02-13 20:36:05.998 31953 15397 I CCodec  : setting up 'default' as default (vendor) store
02-13 20:36:06.000 31953 15397 I CCodec  : Created component [c2.android.aac.decoder]
02-13 20:36:06.005 31953 15397 I CCodecConfig: query failed after returning 20 values (BAD_INDEX)
02-13 20:36:06.008 31953 15397 W Codec2Client: query -- param skipped: index = 1107298332.
02-13 20:36:06.008 31953 15397 I CCodecConfig: query failed after returning 20 values (BAD_INDEX)
02-13 20:36:06.009 31953 15397 W Codec2Client: query -- param skipped: index = 1342179345.
02-13 20:36:06.009 31953 15397 W Codec2Client: query -- param skipped: index = 2415921170.
02-13 20:36:06.009 31953 15397 W Codec2Client: query -- param skipped: index = 1610614798.
02-13 20:36:06.009 31953 15397 I CCodecBufferChannel: mIsVivoLogEnable = 0
02-13 20:36:06.019 31953 15384 W AudioSystem: setParameters: PlaybackCaptureProtectSupport=com.instagram.android
02-13 20:36:06.020 31953   399 W qdgralloc: getInterlacedFlag: getMetaData returned 3, defaulting to interlaced_flag = 0
02-13 20:36:06.065 31953   358 W AidlConversionCppNdk: aidl2legacy_AudioChannelLayout_audio_channel_mask_t: no legacy output audio_channel_mask_t found for AudioChannelLayout{layoutMask: 16}
02-13 20:36:06.142 31953 15284 I MediaCodec: ++kWhatRelease   mState :6
02-13 20:36:06.169 31953 15284 I MediaCodec: ++kWhatRelease   mState :2
02-13 20:36:06.171 31953 15284 W MediaCodec: no metrics handle found
02-13 20:36:06.171 31953 15285 I hw-BpHwBinder: onLastStrongRef automatically unlinking death recipients
02-13 20:36:06.174 31953   399 W qdgralloc: getInterlacedFlag: getMetaData returned 3, defaulting to interlaced_flag = 0
02-13 20:36:06.188 31953 15294 I CCodecConfig: query failed after returning 20 values (BAD_INDEX)
02-13 20:36:06.188 31953 15294 W Codec2Client: query -- param skipped: index = 1342179345.
02-13 20:36:06.188 31953 15294 W Codec2Client: query -- param skipped: index = 2415921170.
02-13 20:36:06.188 31953 15294 W Codec2Client: query -- param skipped: index = 1610614798.
02-13 20:36:06.190 31953 15294 I MediaCodec: ++kWhatRelease   mState :6
02-13 20:36:06.191 31953 15294 I MediaCodec: ++kWhatRelease   mState :2
02-13 20:36:06.191 31953 15294 I hw-BpHwBinder: onLastStrongRef automatically unlinking death recipients
02-13 20:36:06.192 31953 15294 W MediaCodec: no metrics handle found
02-13 20:36:06.192 31953 15280 W MessageQueue: Handler (android.os.Handler) {cb366f2} sending message to a Handler on a dead thread
02-13 20:36:06.192 31953 15280 W MessageQueue: java.lang.IllegalStateException: Handler (android.os.Handler) {cb366f2} sending message to a Handler on a dead thread
02-13 20:36:06.192 31953 15280 W MessageQueue: 	at android.os.MessageQueue.enqueueMessage(MessageQueue.java:564)
02-13 20:36:06.192 31953 15280 W MessageQueue: 	at android.os.Handler.enqueueMessage(Handler.java:841)
02-13 20:36:06.192 31953 15280 W MessageQueue: 	at android.os.Handler.sendMessageAtTime(Handler.java:737)
02-13 20:36:06.192 31953 15280 W MessageQueue: 	at android.os.Handler.sendMessageDelayed(Handler.java:707)
02-13 20:36:06.192 31953 15280 W MessageQueue: 	at android.os.Handler.sendMessage(Handler.java:645)
02-13 20:36:06.192 31953 15280 W MessageQueue: 	at android.os.Message.sendToTarget(Message.java:472)
02-13 20:36:06.192 31953 15280 W MessageQueue: 	at X.8zQ.A01(Unknown Source:4)
02-13 20:36:06.192 31953 15280 W MessageQueue: 	at X.8zF.G3A(Unknown Source:9)
02-13 20:36:06.192 31953 15280 W MessageQueue: 	at X.8yK.G3A(Unknown Source:11)
02-13 20:36:06.192 31953 15280 W MessageQueue: 	at X.3eP.A08(Unknown Source:126)
02-13 20:36:06.192 31953 15280 W MessageQueue: 	at X.3eP.handleMessage(Unknown Source:1551)
02-13 20:36:06.192 31953 15280 W MessageQueue: 	at android.os.Handler.dispatchMessage(Handler.java:104)
02-13 20:36:06.192 31953 15280 W MessageQueue: 	at android.os.Looper.loopOnce(Looper.java:226)
02-13 20:36:06.192 31953 15280 W MessageQueue: 	at android.os.Looper.loop(Looper.java:328)
02-13 20:36:06.192 31953 15280 W MessageQueue: 	at android.os.HandlerThread.run(HandlerThread.java:67)
02-13 20:36:06.192 31953 15280 W MessageQueue: Handler (android.os.Handler) {e82e3c0} sending message to a Handler on a dead thread
02-13 20:36:06.192 31953 15280 W MessageQueue: java.lang.IllegalStateException: Handler (android.os.Handler) {e82e3c0} sending message to a Handler on a dead thread
02-13 20:36:06.192 31953 15280 W MessageQueue: 	at android.os.MessageQueue.enqueueMessage(MessageQueue.java:564)
02-13 20:36:06.192 31953 15280 W MessageQueue: 	at android.os.Handler.enqueueMessage(Handler.java:841)
02-13 20:36:06.192 31953 15280 W MessageQueue: 	at android.os.Handler.sendMessageAtFrontOfQueue(Handler.java:760)
02-13 20:36:06.192 31953 15280 W MessageQueue: 	at X.8Kz.FlO(Unknown Source:8)
02-13 20:36:06.192 31953 15280 W MessageQueue: 	at X.8KA.A01(Unknown Source:29)
02-13 20:36:06.192 31953 15280 W MessageQueue: 	at X.8yK.G3A(Unknown Source:29)
02-13 20:36:06.192 31953 15280 W MessageQueue: 	at X.3eP.A08(Unknown Source:126)
02-13 20:36:06.192 31953 15280 W MessageQueue: 	at X.3eP.handleMessage(Unknown Source:1551)
02-13 20:36:06.192 31953 15280 W MessageQueue: 	at android.os.Handler.dispatchMessage(Handler.java:104)
02-13 20:36:06.192 31953 15280 W MessageQueue: 	at android.os.Looper.loopOnce(Looper.java:226)
02-13 20:36:06.192 31953 15280 W MessageQueue: 	at android.os.Looper.loop(Looper.java:328)
02-13 20:36:06.192 31953 15280 W MessageQueue: 	at android.os.HandlerThread.run(HandlerThread.java:67)
02-13 20:36:06.224 31953   399 W qdgralloc: getInterlacedFlag: getMetaData returned 3, defaulting to interlaced_flag = 0
02-13 20:36:06.249 31953   399 W qdgralloc: getInterlacedFlag: getMetaData returned 3, defaulting to interlaced_flag = 0
02-13 20:36:06.283 31953   399 W qdgralloc: getInterlacedFlag: getMetaData returned 3, defaulting to interlaced_flag = 0
02-13 20:36:06.324 31953   399 W qdgralloc: getInterlacedFlag: getMetaData returned 3, defaulting to interlaced_flag = 0
02-13 20:36:06.341 31953   399 W qdgralloc: getInterlacedFlag: getMetaData returned 3, defaulting to interlaced_flag = 0
02-13 20:36:06.374 31953   399 W qdgralloc: getInterlacedFlag: getMetaData returned 3, defaulting to interlaced_flag = 0
02-13 20:36:06.416 31953   399 W qdgralloc: getInterlacedFlag: getMetaData returned 3, defaulting to interlaced_flag = 0
02-13 20:36:06.441 31953   399 W qdgralloc: getInterlacedFlag: getMetaData returned 3, defaulting to interlaced_flag = 0
02-13 20:36:06.474  6120  6496 I WM-WorkerWrapper: Worker result SUCCESS for Work [ id=58c89620-a043-48a1-ac81-b97ce104a8ee, tags={ com.meesho.diskanalysis.DailyDiskSpaceAnalysisWorker, DailyDiskSpaceAnalysisWorker } ]
02-13 20:36:06.475 31953   399 W qdgralloc: getInterlacedFlag: getMetaData returned 3, defaulting to interlaced_flag = 0
02-13 20:36:06.508 31953   399 W qdgralloc: getInterlacedFlag: getMetaData returned 3, defaulting to interlaced_flag = 0
02-13 20:36:06.541 31953   399 W qdgralloc: getInterlacedFlag: getMetaData returned 3, defaulting to interlaced_flag = 0
02-13 20:36:06.575 31953   399 W qdgralloc: getInterlacedFlag: getMetaData returned 3, defaulting to interlaced_flag = 0
02-13 20:36:06.608 31953   399 W qdgralloc: getInterlacedFlag: getMetaData returned 3, defaulting to interlaced_flag = 0
02-13 20:36:06.650 31953   399 W qdgralloc: getInterlacedFlag: getMetaData returned 3, defaulting to interlaced_flag = 0
02-13 20:36:06.675 31953   399 W qdgralloc: getInterlacedFlag: getMetaData returned 3, defaulting to interlaced_flag = 0
02-13 20:36:06.708 31953   399 W qdgralloc: getInterlacedFlag: getMetaData returned 3, defaulting to interlaced_flag = 0
02-13 20:36:06.809 31953   399 W qdgralloc: getInterlacedFlag: getMetaData returned 3, defaulting to interlaced_flag = 0
02-13 20:36:07.076 31953   399 W qdgralloc: getInterlacedFlag: getMetaData returned 3, defaulting to interlaced_flag = 0
02-13 20:36:07.611 31953   399 W qdgralloc: getInterlacedFlag: getMetaData returned 3, defaulting to interlaced_flag = 0
02-13 20:36:08.964 31953   399 W qdgralloc: getInterlacedFlag: getMetaData returned 3, defaulting to interlaced_flag = 0
02-13 20:36:10.655 25631 23408 I NearbyDiscovery: (REDACTED) [trigger-id=Scan71450949] FastPairCache: First time advertise data with bloom filter, %s, %s, %s
02-13 20:36:10.657 25631 23408 I NearbyDiscovery: (REDACTED) BloomFilterAdvManager: Detected bloom filter but too far away, ignoring. %sm, %s
02-13 20:36:10.659 25631 14799 I NearbyDiscovery: (REDACTED) loadFastPairModule: checkFeaturesAreAvailable:%d
02-13 20:36:10.659 25631 14799 I NearbyDiscovery: loadFastPairModule: FastPair module is downloaded. [CONTEXT service_id=265 ]
02-13 20:36:10.659 25631 23408 I NearbyDiscovery: (REDACTED) %s
02-13 20:36:10.660 25631 23408 I NearbyDiscovery: (REDACTED) %s
02-13 20:36:10.660 31953 13515 E IdleQueuePayloadBasedServiceLayer: Request empty, but still some servings left: 125847
02-13 20:36:10.660 25631 23408 I NearbyDiscovery: (REDACTED) %s
02-13 20:36:10.688 31953 13517 E IdleQueuePayloadBasedServiceLayer: Request empty, but still some servings left: -125847
02-13 20:36:10.986 31953   399 W qdgralloc: getInterlacedFlag: getMetaData returned 3, defaulting to interlaced_flag = 0
02-13 20:36:11.318 31953 15368 E FbnsAIDLClientManager: Max Try reached for binding to FbnsAIDLService, threadId 174448
02-13 20:36:11.319 31953 15368 E FbnsAIDLClientManager: Fbns AIDL request got RemoteException
02-13 20:36:11.319 31953 15368 E FbnsAIDLClientManager: android.os.RemoteException: AIDLService is not bound
02-13 20:36:11.319 31953 15368 E FbnsAIDLClientManager: 	at X.9yp.call(Unknown Source:372)
02-13 20:36:11.319 31953 15368 E FbnsAIDLClientManager: 	at java.util.concurrent.FutureTask.run(FutureTask.java:317)
02-13 20:36:11.319 31953 15368 E FbnsAIDLClientManager: 	at java.util.concurrent.ThreadPoolExecutor.runWorker(ThreadPoolExecutor.java:1154)
02-13 20:36:11.319 31953 15368 E FbnsAIDLClientManager: 	at java.util.concurrent.ThreadPoolExecutor$Worker.run(ThreadPoolExecutor.java:652)
02-13 20:36:11.319 31953 15368 E FbnsAIDLClientManager: 	at java.lang.Thread.run(Thread.java:1563)
02-13 20:36:11.321 15302 15302 W fbservices:InitStatus: Not blocking Service (45172955)
02-13 20:36:11.626 31953 31953 E stagram.android: No package ID ff found for resource ID 0xffffffff.
02-13 20:36:11.630 31953 31953 E stagram.android: No package ID ff found for resource ID 0xffffffff.
02-13 20:36:11.630 31953 31953 E stagram.android: Invalid resource ID 0x00000002.
02-13 20:36:11.633 31953 31953 E stagram.android: Invalid resource ID 0x00000002.
02-13 20:36:11.633 31953 31953 E stagram.android: Invalid resource ID 0x00000002.
02-13 20:36:11.637 31953 31953 E stagram.android: Invalid resource ID 0x00000002.
02-13 20:36:11.637 31953 31953 E stagram.android: Invalid resource ID 0x00000002.
02-13 20:36:11.640 31953 31953 E stagram.android: Invalid resource ID 0x00000002.
02-13 20:36:11.640 31953 31953 E stagram.android: Invalid resource ID 0x00000002.
02-13 20:36:11.643 31953 31953 E stagram.android: Invalid resource ID 0x00000002.
02-13 20:36:11.673 31953 31953 W D55     : Pos=92 holder=X.2FL@c676e2a
02-13 20:36:11.678 31953 15413 W DefaultTrackSelector: Audio channel count constraints cannot be applied without reference to Context. Build the track selector instance with one of the non-deprecated constructors that take a Context argument.
02-13 20:36:11.679 31953 15414 W MediaCodecSelectorHelper: Unexpected mime type audio/mp4a-latm
02-13 20:36:11.679 31953 15414 W MediaCodecSelectorHelper: Unexpected mime type audio/mp4a-latm
02-13 20:36:11.679 31953 15414 W MediaCodecSelectorHelper: Unexpected mime type audio/mp4a-latm
02-13 20:36:11.679 31953 15414 W MediaCodecSelectorHelper: Unexpected mime type audio/mp4a-latm
02-13 20:36:11.679 31953 15414 W MediaCodecSelectorHelper: Unexpected mime type audio/mp4a-latm
02-13 20:36:11.679 31953 15414 W MediaCodecSelectorHelper: Unexpected mime type audio/mp4a-latm
02-13 20:36:11.683 31953 31953 W libc    : Access denied finding property "vendor.display.enable_display_extensions"
02-13 20:36:11.687 31953 31953 E VideoPlayerImpl: IgBaseVideoPlayer Warning: AV1_INSTANTIATION AV1_INSTANTIATION AV1 decoding using HardwareDecoder;c2.qti.av1.decoder
02-13 20:36:11.690 31953 15414 W AString : ctor got NULL, using empty string instead
02-13 20:36:11.691 31953 15414 I CCodecBufferChannel: mIsVivoLogEnable = 0
02-13 20:36:11.694 31953 15418 I CCodec  : setting up 'default' as default (vendor) store
02-13 20:36:11.697 31953 15418 I CCodec  : Created component [c2.qti.av1.decoder]
02-13 20:36:11.706 31953 15418 I CCodecConfig: query failed after returning 18 values (BAD_INDEX)
02-13 20:36:11.706 31953 15418 W ColorUtils: expected specified color aspects (0:0:0:0)
02-13 20:36:11.708 31953 15414 W libc    : Access denied finding property "vendor.vivo.debug.PqSetting.enable"
02-13 20:36:11.710 31953 15417 I MediaCodec: [c2.qti.av1.decoder] setting surface generation to 32719970
02-13 20:36:11.712 31953 15418 W Codec2Client: query -- param skipped: index = 1107298332.
02-13 20:36:11.712 31953 15418 I CCodecConfig: query failed after returning 18 values (BAD_INDEX)
02-13 20:36:11.727 31953 15418 W Codec2Client: query -- param skipped: index = 1342179345.
02-13 20:36:11.727 31953 15418 W Codec2Client: query -- param skipped: index = 2415921170.
02-13 20:36:11.727 31953 15418 W Codec2Client: query -- param skipped: index = 1610614798.
02-13 20:36:11.733 31953 15417 I VivoVideoDumpInfo: property persist.sys.log.ctrl-->no
02-13 20:36:11.733 31953 15417 I VivoVideoDumpInfo: logger is not running,videoDump is disable.
02-13 20:36:11.737 31953 15414 W MediaCodecSelectorHelper: Unexpected mime type audio/mp4a-latm
02-13 20:36:11.738 31953 15414 W AString : ctor got NULL, using empty string instead
02-13 20:36:11.739 31953 15414 I CCodecBufferChannel: mIsVivoLogEnable = 0
02-13 20:36:11.742 31953 15427 I CCodec  : setting up 'default' as default (vendor) store
02-13 20:36:11.744 31953 15427 I CCodec  : Created component [c2.android.aac.decoder]
02-13 20:36:11.745 31953 15418 I CCodecBufferChannel: [c2.qti.av1.decoder#909] onWorkDone: updating max output delay 22
02-13 20:36:11.748 31953 15427 I CCodecConfig: query failed after returning 20 values (BAD_INDEX)
02-13 20:36:11.753 31953 15427 W Codec2Client: query -- param skipped: index = 1107298332.
02-13 20:36:11.753 31953 15427 I CCodecConfig: query failed after returning 20 values (BAD_INDEX)
02-13 20:36:11.754 31953 15427 W Codec2Client: query -- param skipped: index = 1342179345.
02-13 20:36:11.754 31953 15427 W Codec2Client: query -- param skipped: index = 2415921170.
02-13 20:36:11.754 31953 15427 W Codec2Client: query -- param skipped: index = 1610614798.
02-13 20:36:11.754 31953 15427 I CCodecBufferChannel: mIsVivoLogEnable = 0
02-13 20:36:11.764 31953 15427 E MediaCodec: [decoder] audio output stuck act:46 ms, cal:0 ms
02-13 20:36:11.765 31953 15427 E MediaCodec: [decoder] audio output stuck act:46 ms, cal:0 ms
02-13 20:36:11.765 31953 15427 E MediaCodec: [decoder] audio output stuck act:46 ms, cal:0 ms
02-13 20:36:11.766 31953 15427 E MediaCodec: [decoder] audio output stuck act:46 ms, cal:0 ms
02-13 20:36:11.768 31953 15414 W AudioSystem: setParameters: PlaybackCaptureProtectSupport=com.instagram.android
02-13 20:36:11.773 31953   399 W qdgralloc: getInterlacedFlag: getMetaData returned 3, defaulting to interlaced_flag = 0
02-13 20:36:11.803 31953   358 W AidlConversionCppNdk: aidl2legacy_AudioChannelLayout_audio_channel_mask_t: no legacy output audio_channel_mask_t found for AudioChannelLayout{layoutMask: 16}
02-13 20:36:11.863 31953 15387 I MediaCodec: ++kWhatRelease   mState :6
02-13 20:36:11.885 31953 15387 I MediaCodec: ++kWhatRelease   mState :2
02-13 20:36:11.886 31953 15397 I CCodecConfig: query failed after returning 20 values (BAD_INDEX)
02-13 20:36:11.886 31953 15397 W Codec2Client: query -- param skipped: index = 1342179345.
02-13 20:36:11.886 31953 15397 W Codec2Client: query -- param skipped: index = 2415921170.
02-13 20:36:11.886 31953 15397 W Codec2Client: query -- param skipped: index = 1610614798.
02-13 20:36:11.886 31953 15388 I hw-BpHwBinder: onLastStrongRef automatically unlinking death recipients
02-13 20:36:11.887 31953 15397 I MediaCodec: ++kWhatRelease   mState :6
02-13 20:36:11.889 31953   399 W qdgralloc: getInterlacedFlag: getMetaData returned 3, defaulting to interlaced_flag = 0
02-13 20:36:11.890 31953 15387 W MediaCodec: no metrics handle found
02-13 20:36:11.890 31953 15397 I MediaCodec: ++kWhatRelease   mState :2
02-13 20:36:11.890 31953 15397 I hw-BpHwBinder: onLastStrongRef automatically unlinking death recipients
02-13 20:36:11.891 31953 15382 W MessageQueue: Handler (android.os.Handler) {f8c3688} sending message to a Handler on a dead thread
02-13 20:36:11.891 31953 15382 W MessageQueue: java.lang.IllegalStateException: Handler (android.os.Handler) {f8c3688} sending message to a Handler on a dead thread
02-13 20:36:11.891 31953 15382 W MessageQueue: 	at android.os.MessageQueue.enqueueMessage(MessageQueue.java:564)
02-13 20:36:11.891 31953 15382 W MessageQueue: 	at android.os.Handler.enqueueMessage(Handler.java:841)
02-13 20:36:11.891 31953 15382 W MessageQueue: 	at android.os.Handler.sendMessageAtTime(Handler.java:737)
02-13 20:36:11.891 31953 15382 W MessageQueue: 	at android.os.Handler.sendMessageDelayed(Handler.java:707)
02-13 20:36:11.891 31953 15382 W MessageQueue: 	at android.os.Handler.sendMessage(Handler.java:645)
02-13 20:36:11.891 31953 15382 W MessageQueue: 	at android.os.Message.sendToTarget(Message.java:472)
02-13 20:36:11.891 31953 15382 W MessageQueue: 	at X.8zQ.A01(Unknown Source:4)
02-13 20:36:11.891 31953 15382 W MessageQueue: 	at X.8zF.G3A(Unknown Source:9)
02-13 20:36:11.891 31953 15382 W MessageQueue: 	at X.8yK.G3A(Unknown Source:11)
02-13 20:36:11.891 31953 15382 W MessageQueue: 	at X.3eP.A08(Unknown Source:126)
02-13 20:36:11.891 31953 15382 W MessageQueue: 	at X.3eP.handleMessage(Unknown Source:1551)
02-13 20:36:11.891 31953 15382 W MessageQueue: 	at android.os.Handler.dispatchMessage(Handler.java:104)
02-13 20:36:11.891 31953 15382 W MessageQueue: 	at android.os.Looper.loopOnce(Looper.java:226)
02-13 20:36:11.891 31953 15382 W MessageQueue: 	at android.os.Looper.loop(Looper.java:328)
02-13 20:36:11.891 31953 15382 W MessageQueue: 	at android.os.HandlerThread.run(HandlerThread.java:67)
02-13 20:36:11.891 31953 15382 W MessageQueue: Handler (android.os.Handler) {f3c4446} sending message to a Handler on a dead thread
02-13 20:36:11.891 31953 15382 W MessageQueue: java.lang.IllegalStateException: Handler (android.os.Handler) {f3c4446} sending message to a Handler on a dead thread
02-13 20:36:11.891 31953 15382 W MessageQueue: 	at android.os.MessageQueue.enqueueMessage(MessageQueue.java:564)
02-13 20:36:11.891 31953 15382 W MessageQueue: 	at android.os.Handler.enqueueMessage(Handler.java:841)
02-13 20:36:11.891 31953 15382 W MessageQueue: 	at android.os.Handler.sendMessageAtFrontOfQueue(Handler.java:760)
02-13 20:36:11.891 31953 15382 W MessageQueue: 	at X.8Kz.FlO(Unknown Source:8)
02-13 20:36:11.891 31953 15382 W MessageQueue: 	at X.8KA.A01(Unknown Source:29)
02-13 20:36:11.891 31953 15382 W MessageQueue: 	at X.8yK.G3A(Unknown Source:29)
02-13 20:36:11.891 31953 15382 W MessageQueue: 	at X.3eP.A08(Unknown Source:126)
02-13 20:36:11.891 31953 15382 W MessageQueue: 	at X.3eP.handleMessage(Unknown Source:1551)
02-13 20:36:11.891 31953 15382 W MessageQueue: 	at android.os.Handler.dispatchMessage(Handler.java:104)
02-13 20:36:11.891 31953 15382 W MessageQueue: 	at android.os.Looper.loopOnce(Looper.java:226)
02-13 20:36:11.891 31953 15382 W MessageQueue: 	at android.os.Looper.loop(Looper.java:328)
02-13 20:36:11.891 31953 15382 W MessageQueue: 	at android.os.HandlerThread.run(HandlerThread.java:67)
02-13 20:36:11.891 31953 15397 W MediaCodec: no metrics handle found
02-13 20:36:11.919 31953   399 W qdgralloc: getInterlacedFlag: getMetaData returned 3, defaulting to interlaced_flag = 0
02-13 20:36:11.952 31953   399 W qdgralloc: getInterlacedFlag: getMetaData returned 3, defaulting to interlaced_flag = 0
02-13 20:36:11.993 31953   399 W qdgralloc: getInterlacedFlag: getMetaData returned 3, defaulting to interlaced_flag = 0
02-13 20:36:12.027 31953   399 W qdgralloc: getInterlacedFlag: getMetaData returned 3, defaulting to interlaced_flag = 0
02-13 20:36:12.052 31953   399 W qdgralloc: getInterlacedFlag: getMetaData returned 3, defaulting to interlaced_flag = 0
02-13 20:36:12.094 31953   399 W qdgralloc: getInterlacedFlag: getMetaData returned 3, defaulting to interlaced_flag = 0
02-13 20:36:12.127 31953   399 W qdgralloc: getInterlacedFlag: getMetaData returned 3, defaulting to interlaced_flag = 0
02-13 20:36:12.152 31953   399 W qdgralloc: getInterlacedFlag: getMetaData returned 3, defaulting to interlaced_flag = 0
02-13 20:36:12.194 31953   399 W qdgralloc: getInterlacedFlag: getMetaData returned 3, defaulting to interlaced_flag = 0
02-13 20:36:12.219 31953   399 W qdgralloc: getInterlacedFlag: getMetaData returned 3, defaulting to interlaced_flag = 0
02-13 20:36:12.252 31953   399 W qdgralloc: getInterlacedFlag: getMetaData returned 3, defaulting to interlaced_flag = 0
02-13 20:36:12.294 31953   399 W qdgralloc: getInterlacedFlag: getMetaData returned 3, defaulting to interlaced_flag = 0
02-13 20:36:12.319 31953   399 W qdgralloc: getInterlacedFlag: getMetaData returned 3, defaulting to interlaced_flag = 0
02-13 20:36:12.353 31953   399 W qdgralloc: getInterlacedFlag: getMetaData returned 3, defaulting to interlaced_flag = 0
02-13 20:36:12.394 31953   399 W qdgralloc: getInterlacedFlag: getMetaData returned 3, defaulting to interlaced_flag = 0
02-13 20:36:12.419 31953   399 W qdgralloc: getInterlacedFlag: getMetaData returned 3, defaulting to interlaced_flag = 0
02-13 20:36:12.528 31953   399 W qdgralloc: getInterlacedFlag: getMetaData returned 3, defaulting to interlaced_flag = 0
02-13 20:36:12.653 31953   399 W qdgralloc: getInterlacedFlag: getMetaData returned 3, defaulting to interlaced_flag = 0
02-13 20:36:12.852 31953 31953 E stagram.android: No package ID ff found for resource ID 0xffffffff.
02-13 20:36:12.856 31953 31953 E stagram.android: No package ID ff found for resource ID 0xffffffff.
02-13 20:36:12.856 31953 31953 E stagram.android: Invalid resource ID 0x00000002.
02-13 20:36:12.859 31953 31953 E stagram.android: Invalid resource ID 0x00000002.
02-13 20:36:12.859 31953 31953 E stagram.android: Invalid resource ID 0x00000002.
02-13 20:36:12.863 31953 31953 E stagram.android: Invalid resource ID 0x00000002.
02-13 20:36:12.863 31953 31953 E stagram.android: Invalid resource ID 0x00000002.
02-13 20:36:12.866 31953 31953 E stagram.android: Invalid resource ID 0x00000002.
02-13 20:36:12.866 31953 31953 E stagram.android: Invalid resource ID 0x00000002.
02-13 20:36:12.870 31953 31953 E stagram.android: Invalid resource ID 0x00000002.
02-13 20:36:12.896 31953 31953 W D55     : Pos=93 holder=X.2FL@3c14d4c
02-13 20:36:12.901 31953 15439 W DefaultTrackSelector: Audio channel count constraints cannot be applied without reference to Context. Build the track selector instance with one of the non-deprecated constructors that take a Context argument.
02-13 20:36:12.901 31953 31953 W libc    : Access denied finding property "vendor.display.enable_display_extensions"
02-13 20:36:12.902 31953 15440 W MediaCodecSelectorHelper: Unexpected mime type audio/mp4a-latm
02-13 20:36:12.902 31953 15440 W MediaCodecSelectorHelper: Unexpected mime type audio/mp4a-latm
02-13 20:36:12.902 31953 15440 W MediaCodecSelectorHelper: Unexpected mime type audio/mp4a-latm
02-13 20:36:12.902 31953 15440 W MediaCodecSelectorHelper: Unexpected mime type audio/mp4a-latm
02-13 20:36:12.902 31953 15440 W MediaCodecSelectorHelper: Unexpected mime type audio/mp4a-latm
02-13 20:36:12.902 31953 15440 W MediaCodecSelectorHelper: Unexpected mime type audio/mp4a-latm
02-13 20:36:12.909 31953 31953 E VideoPlayerImpl: IgBaseVideoPlayer Warning: AV1_INSTANTIATION AV1_INSTANTIATION AV1 decoding using HardwareDecoder;c2.qti.av1.decoder
02-13 20:36:12.915 31953 15440 W AString : ctor got NULL, using empty string instead
02-13 20:36:12.917 31953 15440 I CCodecBufferChannel: mIsVivoLogEnable = 0
02-13 20:36:12.919 31953 15445 I CCodec  : setting up 'default' as default (vendor) store
02-13 20:36:12.924 31953 15445 I CCodec  : Created component [c2.qti.av1.decoder]
02-13 20:36:12.930 31953 15445 I CCodecConfig: query failed after returning 18 values (BAD_INDEX)
02-13 20:36:12.930 31953 15445 W ColorUtils: expected specified color aspects (0:0:0:0)
02-13 20:36:12.932 31953 15440 W libc    : Access denied finding property "vendor.vivo.debug.PqSetting.enable"
02-13 20:36:12.936 31953 15443 I MediaCodec: [c2.qti.av1.decoder] setting surface generation to 32719971
02-13 20:36:12.938 31953 15445 W Codec2Client: query -- param skipped: index = 1107298332.
02-13 20:36:12.938 31953 15445 I CCodecConfig: query failed after returning 18 values (BAD_INDEX)
02-13 20:36:12.952 31953 15445 W Codec2Client: query -- param skipped: index = 1342179345.
02-13 20:36:12.952 31953 15445 W Codec2Client: query -- param skipped: index = 2415921170.
02-13 20:36:12.952 31953 15445 W Codec2Client: query -- param skipped: index = 1610614798.
02-13 20:36:12.956 31953 15443 I VivoVideoDumpInfo: property persist.sys.log.ctrl-->no
02-13 20:36:12.956 31953 15443 I VivoVideoDumpInfo: logger is not running,videoDump is disable.
02-13 20:36:12.960 31953 15440 W MediaCodecSelectorHelper: Unexpected mime type audio/mp4a-latm
02-13 20:36:12.961 31953 15440 W AString : ctor got NULL, using empty string instead
02-13 20:36:12.962 31953 15440 I CCodecBufferChannel: mIsVivoLogEnable = 0
02-13 20:36:12.964 31953 15457 I CCodec  : setting up 'default' as default (vendor) store
02-13 20:36:12.966 31953 15457 I CCodec  : Created component [c2.android.aac.decoder]
02-13 20:36:12.967 31953 15445 I CCodecBufferChannel: [c2.qti.av1.decoder#530] onWorkDone: updating max output delay 22
02-13 20:36:12.970 31953 15457 I CCodecConfig: query failed after returning 20 values (BAD_INDEX)
02-13 20:36:12.973 31953 15457 W Codec2Client: query -- param skipped: index = 1107298332.
02-13 20:36:12.973 31953 15457 I CCodecConfig: query failed after returning 20 values (BAD_INDEX)
02-13 20:36:12.974 31953 15457 W Codec2Client: query -- param skipped: index = 1342179345.
02-13 20:36:12.974 31953 15457 W Codec2Client: query -- param skipped: index = 2415921170.
02-13 20:36:12.974 31953 15457 W Codec2Client: query -- param skipped: index = 1610614798.
02-13 20:36:12.974 31953 15457 I CCodecBufferChannel: mIsVivoLogEnable = 0
02-13 20:36:12.983 31953   399 W qdgralloc: getInterlacedFlag: getMetaData returned 3, defaulting to interlaced_flag = 0
02-13 20:36:13.003 31953 15440 W AudioSystem: setParameters: PlaybackCaptureProtectSupport=com.instagram.android
02-13 20:36:13.031 31953   358 W AidlConversionCppNdk: aidl2legacy_AudioChannelLayout_audio_channel_mask_t: no legacy output audio_channel_mask_t found for AudioChannelLayout{layoutMask: 16}
02-13 20:36:13.083 31953 31953 W Choreographer: Frame time is 0.084796 ms in the future!  Check that graphics HAL is generating vsync timestamps using the correct timebase.
02-13 20:36:13.084 31953   399 W qdgralloc: getInterlacedFlag: getMetaData returned 3, defaulting to interlaced_flag = 0
02-13 20:36:13.096 31953 15417 I MediaCodec: ++kWhatRelease   mState :6
02-13 20:36:13.125 31953 15417 I MediaCodec: ++kWhatRelease   mState :2
02-13 20:36:13.128 31953 15417 W MediaCodec: no metrics handle found
02-13 20:36:13.128 31953 15461 I hw-BpHwBinder: onLastStrongRef automatically unlinking death recipients
02-13 20:36:13.135 31953   399 W qdgralloc: getInterlacedFlag: getMetaData returned 3, defaulting to interlaced_flag = 0
02-13 20:36:13.147 31953   399 W qdgralloc: getInterlacedFlag: getMetaData returned 3, defaulting to interlaced_flag = 0
02-13 20:36:13.151 31953 15427 I CCodecConfig: query failed after returning 20 values (BAD_INDEX)
02-13 20:36:13.151 31953 15427 W Codec2Client: query -- param skipped: index = 1342179345.
02-13 20:36:13.151 31953 15427 W Codec2Client: query -- param skipped: index = 2415921170.
02-13 20:36:13.151 31953 15427 W Codec2Client: query -- param skipped: index = 1610614798.
02-13 20:36:13.153 31953 15427 I MediaCodec: ++kWhatRelease   mState :6
02-13 20:36:13.154 31953 15427 I MediaCodec: ++kWhatRelease   mState :2
02-13 20:36:13.155 31953 15413 W MessageQueue: Handler (android.os.Handler) {f5b961} sending message to a Handler on a dead thread
02-13 20:36:13.155 31953 15413 W MessageQueue: java.lang.IllegalStateException: Handler (android.os.Handler) {f5b961} sending message to a Handler on a dead thread
02-13 20:36:13.155 31953 15413 W MessageQueue: 	at android.os.MessageQueue.enqueueMessage(MessageQueue.java:564)
02-13 20:36:13.155 31953 15413 W MessageQueue: 	at android.os.Handler.enqueueMessage(Handler.java:841)
02-13 20:36:13.155 31953 15413 W MessageQueue: 	at android.os.Handler.sendMessageAtTime(Handler.java:737)
02-13 20:36:13.155 31953 15413 W MessageQueue: 	at android.os.Handler.sendMessageDelayed(Handler.java:707)
02-13 20:36:13.155 31953 15413 W MessageQueue: 	at android.os.Handler.sendMessage(Handler.java:645)
02-13 20:36:13.155 31953 15413 W MessageQueue: 	at android.os.Message.sendToTarget(Message.java:472)
02-13 20:36:13.155 31953 15413 W MessageQueue: 	at X.8zQ.A01(Unknown Source:4)
02-13 20:36:13.155 31953 15413 W MessageQueue: 	at X.8zF.G3A(Unknown Source:9)
02-13 20:36:13.155 31953 15413 W MessageQueue: 	at X.8yK.G3A(Unknown Source:11)
02-13 20:36:13.155 31953 15413 W MessageQueue: 	at X.3eP.A08(Unknown Source:126)
02-13 20:36:13.155 31953 15413 W MessageQueue: 	at X.3eP.handleMessage(Unknown Source:1551)
02-13 20:36:13.155 31953 15413 W MessageQueue: 	at android.os.Handler.dispatchMessage(Handler.java:104)
02-13 20:36:13.155 31953 15413 W MessageQueue: 	at android.os.Looper.loopOnce(Looper.java:226)
02-13 20:36:13.155 31953 15413 W MessageQueue: 	at android.os.Looper.loop(Looper.java:328)
02-13 20:36:13.155 31953 15413 W MessageQueue: 	at android.os.HandlerThread.run(HandlerThread.java:67)
02-13 20:36:13.155 31953 15427 I hw-BpHwBinder: onLastStrongRef automatically unlinking death recipients
02-13 20:36:13.155 31953 15413 W MessageQueue: Handler (android.os.Handler) {b8b7947} sending message to a Handler on a dead thread
02-13 20:36:13.155 31953 15413 W MessageQueue: java.lang.IllegalStateException: Handler (android.os.Handler) {b8b7947} sending message to a Handler on a dead thread
02-13 20:36:13.155 31953 15413 W MessageQueue: 	at android.os.MessageQueue.enqueueMessage(MessageQueue.java:564)
02-13 20:36:13.155 31953 15413 W MessageQueue: 	at android.os.Handler.enqueueMessage(Handler.java:841)
02-13 20:36:13.155 31953 15413 W MessageQueue: 	at android.os.Handler.sendMessageAtFrontOfQueue(Handler.java:760)
02-13 20:36:13.155 31953 15413 W MessageQueue: 	at X.8Kz.FlO(Unknown Source:8)
02-13 20:36:13.155 31953 15413 W MessageQueue: 	at X.8KA.A01(Unknown Source:29)
02-13 20:36:13.155 31953 15413 W MessageQueue: 	at X.8yK.G3A(Unknown Source:29)
02-13 20:36:13.155 31953 15413 W MessageQueue: 	at X.3eP.A08(Unknown Source:126)
02-13 20:36:13.155 31953 15413 W MessageQueue: 	at X.3eP.handleMessage(Unknown Source:1551)
02-13 20:36:13.155 31953 15413 W MessageQueue: 	at android.os.Handler.dispatchMessage(Handler.java:104)
02-13 20:36:13.155 31953 15413 W MessageQueue: 	at android.os.Looper.loopOnce(Looper.java:226)
02-13 20:36:13.155 31953 15413 W MessageQueue: 	at android.os.Looper.loop(Looper.java:328)
02-13 20:36:13.155 31953 15413 W MessageQueue: 	at android.os.HandlerThread.run(HandlerThread.java:67)
02-13 20:36:13.157 31953 15427 W MediaCodec: no metrics handle found
02-13 20:36:13.185 31953   399 W qdgralloc: getInterlacedFlag: getMetaData returned 3, defaulting to interlaced_flag = 0
02-13 20:36:13.219 31953   399 W qdgralloc: getInterlacedFlag: getMetaData returned 3, defaulting to interlaced_flag = 0
02-13 20:36:13.241 31953 31953 W Choreographer: Frame time is 0.179898 ms in the future!  Check that graphics HAL is generating vsync timestamps using the correct timebase.
02-13 20:36:13.241 15435 15435 W Choreographer: Frame time is 0.200784 ms in the future!  Check that graphics HAL is generating vsync timestamps using the correct timebase.
02-13 20:36:13.252 31953   399 W qdgralloc: getInterlacedFlag: getMetaData returned 3, defaulting to interlaced_flag = 0
02-13 20:36:13.277 31953   399 W qdgralloc: getInterlacedFlag: getMetaData returned 3, defaulting to interlaced_flag = 0
02-13 20:36:13.319 31953   399 W qdgralloc: getInterlacedFlag: getMetaData returned 3, defaulting to interlaced_flag = 0
02-13 20:36:13.344 31953   399 W qdgralloc: getInterlacedFlag: getMetaData returned 3, defaulting to interlaced_flag = 0
02-13 20:36:13.377 31953   399 W qdgralloc: getInterlacedFlag: getMetaData returned 3, defaulting to interlaced_flag = 0
02-13 20:36:13.411 31953   399 W qdgralloc: getInterlacedFlag: getMetaData returned 3, defaulting to interlaced_flag = 0
02-13 20:36:13.442 31953 31953 W Choreographer: Frame time is 0.042141 ms in the future!  Check that graphics HAL is generating vsync timestamps using the correct timebase.
02-13 20:36:13.442 15435 15435 W Choreographer: Frame time is 0.090474 ms in the future!  Check that graphics HAL is generating vsync timestamps using the correct timebase.
02-13 20:36:13.452 31953   399 W qdgralloc: getInterlacedFlag: getMetaData returned 3, defaulting to interlaced_flag = 0
02-13 20:36:13.467 31953 31953 W Choreographer: Frame time is 0.09412 ms in the future!  Check that graphics HAL is generating vsync timestamps using the correct timebase.
02-13 20:36:13.478 31953   399 W qdgralloc: getInterlacedFlag: getMetaData returned 3, defaulting to interlaced_flag = 0
02-13 20:36:13.511 31953   399 W qdgralloc: getInterlacedFlag: getMetaData returned 3, defaulting to interlaced_flag = 0
02-13 20:36:13.517 31953 31953 W Choreographer: Frame time is 0.041567 ms in the future!  Check that graphics HAL is generating vsync timestamps using the correct timebase.
02-13 20:36:13.553 31953   399 W qdgralloc: getInterlacedFlag: getMetaData returned 3, defaulting to interlaced_flag = 0
02-13 20:36:13.578 31953   399 W qdgralloc: getInterlacedFlag: getMetaData returned 3, defaulting to interlaced_flag = 0
02-13 20:36:13.611 31953   399 W qdgralloc: getInterlacedFlag: getMetaData returned 3, defaulting to interlaced_flag = 0
02-13 20:36:13.653 31953   399 W qdgralloc: getInterlacedFlag: getMetaData returned 3, defaulting to interlaced_flag = 0
02-13 20:36:13.742 31953 31953 W Choreographer: Frame time is 0.184224 ms in the future!  Check that graphics HAL is generating vsync timestamps using the correct timebase.
02-13 20:36:13.812 31953   399 W qdgralloc: getInterlacedFlag: getMetaData returned 3, defaulting to interlaced_flag = 0
02-13 20:36:13.943 31953 31953 W Choreographer: Frame time is 0.108651 ms in the future!  Check that graphics HAL is generating vsync timestamps using the correct timebase.
02-13 20:36:13.943 15435 15435 W Choreographer: Frame time is 0.118495 ms in the future!  Check that graphics HAL is generating vsync timestamps using the correct timebase.
02-13 20:36:14.010 31953 31953 W Choreographer: Frame time is 0.124588 ms in the future!  Check that graphics HAL is generating vsync timestamps using the correct timebase.
02-13 20:36:14.054 31953   399 W qdgralloc: getInterlacedFlag: getMetaData returned 3, defaulting to interlaced_flag = 0
02-13 20:36:14.068 31953 31953 W Choreographer: Frame time is 0.102088 ms in the future!  Check that graphics HAL is generating vsync timestamps using the correct timebase.
02-13 20:36:14.261 31953 31953 W Choreographer: Frame time is 0.107245 ms in the future!  Check that graphics HAL is generating vsync timestamps using the correct timebase.
02-13 20:36:14.261 15435 15435 W Choreographer: Frame time is 0.123026 ms in the future!  Check that graphics HAL is generating vsync timestamps using the correct timebase.
02-13 20:36:14.326 31953 31953 E stagram.android: No package ID ff found for resource ID 0xffffffff.
02-13 20:36:14.330 31953 31953 E stagram.android: No package ID ff found for resource ID 0xffffffff.
02-13 20:36:14.330 31953 31953 E stagram.android: Invalid resource ID 0x00000002.
02-13 20:36:14.333 31953 31953 E stagram.android: Invalid resource ID 0x00000002.
02-13 20:36:14.334 31953 31953 E stagram.android: Invalid resource ID 0x00000002.
02-13 20:36:14.337 31953 31953 E stagram.android: Invalid resource ID 0x00000002.
02-13 20:36:14.337 31953 31953 E stagram.android: Invalid resource ID 0x00000002.
02-13 20:36:14.341 31953 31953 E stagram.android: Invalid resource ID 0x00000002.
02-13 20:36:14.341 31953 31953 E stagram.android: Invalid resource ID 0x00000002.
02-13 20:36:14.344 31953 31953 E stagram.android: Invalid resource ID 0x00000002.
02-13 20:36:14.399 31953 31953 W D55     : Pos=94 holder=X.2FL@96c5ef8
02-13 20:36:14.405 31953 15468 W DefaultTrackSelector: Audio channel count constraints cannot be applied without reference to Context. Build the track selector instance with one of the non-deprecated constructors that take a Context argument.
02-13 20:36:14.405 31953 31953 W libc    : Access denied finding property "vendor.display.enable_display_extensions"
02-13 20:36:14.406 31953 15469 W MediaCodecSelectorHelper: Unexpected mime type audio/mp4a-latm
02-13 20:36:14.406 31953 15469 W MediaCodecSelectorHelper: Unexpected mime type audio/mp4a-latm
02-13 20:36:14.406 31953 15469 W MediaCodecSelectorHelper: Unexpected mime type audio/mp4a-latm
02-13 20:36:14.407 31953 15469 W MediaCodecSelectorHelper: Unexpected mime type audio/mp4a-latm
02-13 20:36:14.407 31953 15469 W MediaCodecSelectorHelper: Unexpected mime type audio/mp4a-latm
02-13 20:36:14.407 31953 15469 W MediaCodecSelectorHelper: Unexpected mime type audio/mp4a-latm
02-13 20:36:14.411 31953 31953 E VideoPlayerImpl: IgBaseVideoPlayer Warning: AV1_INSTANTIATION AV1_INSTANTIATION AV1 decoding using HardwareDecoder;c2.qti.av1.decoder
02-13 20:36:14.420 31953 15469 W AString : ctor got NULL, using empty string instead
02-13 20:36:14.421 31953 15469 I CCodecBufferChannel: mIsVivoLogEnable = 0
02-13 20:36:14.423 31953 15473 I CCodec  : setting up 'default' as default (vendor) store
02-13 20:36:14.425 31953 15473 I CCodec  : Created component [c2.qti.av1.decoder]
02-13 20:36:14.431 31953 15473 I CCodecConfig: query failed after returning 18 values (BAD_INDEX)
02-13 20:36:14.432 31953 15473 W ColorUtils: expected specified color aspects (0:0:0:0)
02-13 20:36:14.433 31953 15469 W libc    : Access denied finding property "vendor.vivo.debug.PqSetting.enable"
02-13 20:36:14.435 31953 15472 I MediaCodec: [c2.qti.av1.decoder] setting surface generation to 32719972
02-13 20:36:14.436 31953 15473 W Codec2Client: query -- param skipped: index = 1107298332.
02-13 20:36:14.436 31953 15473 I CCodecConfig: query failed after returning 18 values (BAD_INDEX)
02-13 20:36:14.451 31953 15473 W Codec2Client: query -- param skipped: index = 1342179345.
02-13 20:36:14.451 31953 15473 W Codec2Client: query -- param skipped: index = 2415921170.
02-13 20:36:14.451 31953 15473 W Codec2Client: query -- param skipped: index = 1610614798.
02-13 20:36:14.457 31953 15472 I VivoVideoDumpInfo: property persist.sys.log.ctrl-->no
02-13 20:36:14.457 31953 15472 I VivoVideoDumpInfo: logger is not running,videoDump is disable.
02-13 20:36:14.460 31953 15469 W MediaCodecSelectorHelper: Unexpected mime type audio/mp4a-latm
02-13 20:36:14.461 31953 15469 W AString : ctor got NULL, using empty string instead
02-13 20:36:14.463 31953 15469 I CCodecBufferChannel: mIsVivoLogEnable = 0
02-13 20:36:14.465 31953 15481 I CCodec  : setting up 'default' as default (vendor) store
02-13 20:36:14.467 31953 15481 I CCodec  : Created component [c2.android.aac.decoder]
02-13 20:36:14.470 31953 15473 I CCodecBufferChannel: [c2.qti.av1.decoder#58] onWorkDone: updating max output delay 22
02-13 20:36:14.472 31953 15481 I CCodecConfig: query failed after returning 20 values (BAD_INDEX)
02-13 20:36:14.474 31953 15481 W Codec2Client: query -- param skipped: index = 1107298332.
02-13 20:36:14.475 31953 15481 I CCodecConfig: query failed after returning 20 values (BAD_INDEX)
02-13 20:36:14.475 31953 15481 W Codec2Client: query -- param skipped: index = 1342179345.
02-13 20:36:14.475 31953 15481 W Codec2Client: query -- param skipped: index = 2415921170.
02-13 20:36:14.475 31953 15481 W Codec2Client: query -- param skipped: index = 1610614798.
02-13 20:36:14.475 31953 15481 I CCodecBufferChannel: mIsVivoLogEnable = 0
02-13 20:36:14.485 31953 15469 W AudioSystem: setParameters: PlaybackCaptureProtectSupport=com.instagram.android
02-13 20:36:14.489 31953   399 W qdgralloc: getInterlacedFlag: getMetaData returned 3, defaulting to interlaced_flag = 0
02-13 20:36:14.546 31953   359 W AidlConversionCppNdk: aidl2legacy_AudioChannelLayout_audio_channel_mask_t: no legacy output audio_channel_mask_t found for AudioChannelLayout{layoutMask: 16}
02-13 20:36:14.587 31953   399 W qdgralloc: getInterlacedFlag: getMetaData returned 3, defaulting to interlaced_flag = 0
02-13 20:36:14.600 31953 31953 W Choreographer: Frame time is 0.116518 ms in the future!  Check that graphics HAL is generating vsync timestamps using the correct timebase.
02-13 20:36:14.615 31953 15443 I MediaCodec: ++kWhatRelease   mState :6
02-13 20:36:14.630 31953 15443 I MediaCodec: ++kWhatRelease   mState :2
02-13 20:36:14.632 31953 15443 W MediaCodec: no metrics handle found
02-13 20:36:14.632 31953 15485 I hw-BpHwBinder: onLastStrongRef automatically unlinking death recipients
02-13 20:36:14.642 31953 31953 W Choreographer: Frame time is 0.24881 ms in the future!  Check that graphics HAL is generating vsync timestamps using the correct timebase.
02-13 20:36:14.645 31953   399 W qdgralloc: getInterlacedFlag: getMetaData returned 3, defaulting to interlaced_flag = 0
02-13 20:36:14.652 31953   399 W qdgralloc: getInterlacedFlag: getMetaData returned 3, defaulting to interlaced_flag = 0
02-13 20:36:14.668 31953 15457 I CCodecConfig: query failed after returning 20 values (BAD_INDEX)
02-13 20:36:14.668 31953 15457 W Codec2Client: query -- param skipped: index = 1342179345.
02-13 20:36:14.668 31953 15457 W Codec2Client: query -- param skipped: index = 2415921170.
02-13 20:36:14.668 31953 15457 W Codec2Client: query -- param skipped: index = 1610614798.
02-13 20:36:14.670 31953 15457 I MediaCodec: ++kWhatRelease   mState :6
02-13 20:36:14.672 31953 15457 I MediaCodec: ++kWhatRelease   mState :2
02-13 20:36:14.676 31953 15439 W MessageQueue: Handler (android.os.Handler) {5af32d7} sending message to a Handler on a dead thread
02-13 20:36:14.676 31953 15439 W MessageQueue: java.lang.IllegalStateException: Handler (android.os.Handler) {5af32d7} sending message to a Handler on a dead thread
02-13 20:36:14.676 31953 15439 W MessageQueue: 	at android.os.MessageQueue.enqueueMessage(MessageQueue.java:564)
02-13 20:36:14.676 31953 15439 W MessageQueue: 	at android.os.Handler.enqueueMessage(Handler.java:841)
02-13 20:36:14.676 31953 15439 W MessageQueue: 	at android.os.Handler.sendMessageAtTime(Handler.java:737)
02-13 20:36:14.676 31953 15439 W MessageQueue: 	at android.os.Handler.sendMessageDelayed(Handler.java:707)
02-13 20:36:14.676 31953 15439 W MessageQueue: 	at android.os.Handler.sendMessage(Handler.java:645)
02-13 20:36:14.676 31953 15439 W MessageQueue: 	at android.os.Message.sendToTarget(Message.java:472)
02-13 20:36:14.676 31953 15439 W MessageQueue: 	at X.8zQ.A01(Unknown Source:4)
02-13 20:36:14.676 31953 15439 W MessageQueue: 	at X.8zF.G3A(Unknown Source:9)
02-13 20:36:14.676 31953 15439 W MessageQueue: 	at X.8yK.G3A(Unknown Source:11)
02-13 20:36:14.676 31953 15439 W MessageQueue: 	at X.3eP.A08(Unknown Source:126)
02-13 20:36:14.676 31953 15439 W MessageQueue: 	at X.3eP.handleMessage(Unknown Source:1551)
02-13 20:36:14.676 31953 15439 W MessageQueue: 	at android.os.Handler.dispatchMessage(Handler.java:104)
02-13 20:36:14.676 31953 15439 W MessageQueue: 	at android.os.Looper.loopOnce(Looper.java:226)
02-13 20:36:14.676 31953 15439 W MessageQueue: 	at android.os.Looper.loop(Looper.java:328)
02-13 20:36:14.676 31953 15439 W MessageQueue: 	at android.os.HandlerThread.run(HandlerThread.java:67)
02-13 20:36:14.676 31953 15439 W MessageQueue: Handler (android.os.Handler) {75b46ad} sending message to a Handler on a dead thread
02-13 20:36:14.676 31953 15439 W MessageQueue: java.lang.IllegalStateException: Handler (android.os.Handler) {75b46ad} sending message to a Handler on a dead thread
02-13 20:36:14.676 31953 15439 W MessageQueue: 	at android.os.MessageQueue.enqueueMessage(MessageQueue.java:564)
02-13 20:36:14.676 31953 15439 W MessageQueue: 	at android.os.Handler.enqueueMessage(Handler.java:841)
02-13 20:36:14.676 31953 15439 W MessageQueue: 	at android.os.Handler.sendMessageAtFrontOfQueue(Handler.java:760)
02-13 20:36:14.676 31953 15439 W MessageQueue: 	at X.8Kz.FlO(Unknown Source:8)
02-13 20:36:14.676 31953 15439 W MessageQueue: 	at X.8KA.A01(Unknown Source:29)
02-13 20:36:14.676 31953 15439 W MessageQueue: 	at X.8yK.G3A(Unknown Source:29)
02-13 20:36:14.676 31953 15439 W MessageQueue: 	at X.3eP.A08(Unknown Source:126)
02-13 20:36:14.676 31953 15439 W MessageQueue: 	at X.3eP.handleMessage(Unknown Source:1551)
02-13 20:36:14.676 31953 15439 W MessageQueue: 	at android.os.Handler.dispatchMessage(Handler.java:104)
02-13 20:36:14.676 31953 15439 W MessageQueue: 	at android.os.Looper.loopOnce(Looper.java:226)
02-13 20:36:14.676 31953 15439 W MessageQueue: 	at android.os.Looper.loop(Looper.java:328)
02-13 20:36:14.676 31953 15439 W MessageQueue: 	at android.os.HandlerThread.run(HandlerThread.java:67)
02-13 20:36:14.676 31953 15457 I hw-BpHwBinder: onLastStrongRef automatically unlinking death recipients
02-13 20:36:14.678 31953 15457 W MediaCodec: no metrics handle found
02-13 20:36:14.694 31953   399 W qdgralloc: getInterlacedFlag: getMetaData returned 3, defaulting to interlaced_flag = 0
02-13 20:36:14.700 31953 31953 W Choreographer: Frame time is 0.136049 ms in the future!  Check that graphics HAL is generating vsync timestamps using the correct timebase.
02-13 20:36:14.728 31953   399 W qdgralloc: getInterlacedFlag: getMetaData returned 3, defaulting to interlaced_flag = 0
02-13 20:36:14.753 31953   399 W qdgralloc: getInterlacedFlag: getMetaData returned 3, defaulting to interlaced_flag = 0
02-13 20:36:14.795 31953   399 W qdgralloc: getInterlacedFlag: getMetaData returned 3, defaulting to interlaced_flag = 0
02-13 20:36:14.828 31953   399 W qdgralloc: getInterlacedFlag: getMetaData returned 3, defaulting to interlaced_flag = 0
02-13 20:36:14.870 31953   399 W qdgralloc: getInterlacedFlag: getMetaData returned 3, defaulting to interlaced_flag = 0
02-13 20:36:14.895 31953   399 W qdgralloc: getInterlacedFlag: getMetaData returned 3, defaulting to interlaced_flag = 0
02-13 20:36:14.918 31953 31953 W Choreographer: Frame time is 0.063289 ms in the future!  Check that graphics HAL is generating vsync timestamps using the correct timebase.
02-13 20:36:14.929 31953   399 W qdgralloc: getInterlacedFlag: getMetaData returned 3, defaulting to interlaced_flag = 0
02-13 20:36:14.970 31953   399 W qdgralloc: getInterlacedFlag: getMetaData returned 3, defaulting to interlaced_flag = 0
02-13 20:36:14.995 31953   399 W qdgralloc: getInterlacedFlag: getMetaData returned 3, defaulting to interlaced_flag = 0
02-13 20:36:15.029 31953   399 W qdgralloc: getInterlacedFlag: getMetaData returned 3, defaulting to interlaced_flag = 0
02-13 20:36:15.071 31953   399 W qdgralloc: getInterlacedFlag: getMetaData returned 3, defaulting to interlaced_flag = 0
02-13 20:36:15.097 31953   399 W qdgralloc: getInterlacedFlag: getMetaData returned 3, defaulting to interlaced_flag = 0
02-13 20:36:15.129 31953   399 W qdgralloc: getInterlacedFlag: getMetaData returned 3, defaulting to interlaced_flag = 0
02-13 20:36:15.162 31953   399 W qdgralloc: getInterlacedFlag: getMetaData returned 3, defaulting to interlaced_flag = 0
02-13 20:36:15.185 31953 31953 W Choreographer: Frame time is 0.105369 ms in the future!  Check that graphics HAL is generating vsync timestamps using the correct timebase.
02-13 20:36:15.305 31953   399 W qdgralloc: getInterlacedFlag: getMetaData returned 3, defaulting to interlaced_flag = 0
02-13 20:36:15.469 31953 31953 W Choreographer: Frame time is 0.14558 ms in the future!  Check that graphics HAL is generating vsync timestamps using the correct timebase.
02-13 20:36:15.588 31953   399 W qdgralloc: getInterlacedFlag: getMetaData returned 3, defaulting to interlaced_flag = 0
02-13 20:36:15.703 31953 31953 W Choreographer: Frame time is 0.128965 ms in the future!  Check that graphics HAL is generating vsync timestamps using the correct timebase.
