02-13 20:36:24.342 31953 15626 W Codec2Client: query -- param skipped: index = 2415921170.
02-13 20:36:24.342 31953 15626 W Codec2Client: query -- param skipped: index = 1610614798.
02-13 20:36:24.348 31953 15625 I VivoVideoDumpInfo: property persist.sys.log.ctrl-->no
02-13 20:36:24.348 31953 15625 I VivoVideoDumpInfo: logger is not running,videoDump is disable.
02-13 20:36:24.352 31953 15622 W MediaCodecSelectorHelper: Unexpected mime type audio/mp4a-latm
02-13 20:36:24.353 31953 15622 W AString : ctor got NULL, using empty string instead
02-13 20:36:24.354 31953 15622 I CCodecBufferChannel: mIsVivoLogEnable = 0
02-13 20:36:24.358 31953 15635 I CCodec  : setting up 'default' as default (vendor) store
02-13 20:36:24.359 31953 15626 I CCodecBufferChannel: [c2.qti.av1.decoder#871] onWorkDone: updating max output delay 22
02-13 20:36:24.361 31953 15635 I CCodec  : Created component [c2.android.aac.decoder]
02-13 20:36:24.366 31953 15635 I CCodecConfig: query failed after returning 20 values (BAD_INDEX)
02-13 20:36:24.369 31953 15635 W Codec2Client: query -- param skipped: index = 1107298332.
02-13 20:36:24.369 31953 15635 I CCodecConfig: query failed after returning 20 values (BAD_INDEX)
02-13 20:36:24.370 31953 15635 W Codec2Client: query -- param skipped: index = 1342179345.
02-13 20:36:24.370 31953 15635 W Codec2Client: query -- param skipped: index = 2415921170.
02-13 20:36:24.370 31953 15635 W Codec2Client: query -- param skipped: index = 1610614798.
02-13 20:36:24.370 31953 15635 I CCodecBufferChannel: mIsVivoLogEnable = 0
02-13 20:36:24.380 31953 15622 W AudioSystem: setParameters: PlaybackCaptureProtectSupport=com.instagram.android
02-13 20:36:24.390 31953   399 W qdgralloc: getInterlacedFlag: getMetaData returned 3, defaulting to interlaced_flag = 0
02-13 20:36:24.426 31953   359 W AidlConversionCppNdk: aidl2legacy_AudioChannelLayout_audio_channel_mask_t: no legacy output audio_channel_mask_t found for AudioChannelLayout{layoutMask: 16}
02-13 20:36:24.520 31953 15599 I MediaCodec: ++kWhatRelease   mState :6
02-13 20:36:24.539 31953 15599 I MediaCodec: ++kWhatRelease   mState :2
02-13 20:36:24.540 31953 15599 W MediaCodec: no metrics handle found
02-13 20:36:24.541 31953 15600 I hw-BpHwBinder: onLastStrongRef automatically unlinking death recipients
02-13 20:36:24.544 31953   399 W qdgralloc: getInterlacedFlag: getMetaData returned 3, defaulting to interlaced_flag = 0
02-13 20:36:24.548 31953 15609 I CCodecConfig: query failed after returning 20 values (BAD_INDEX)
02-13 20:36:24.549 31953 15609 W Codec2Client: query -- param skipped: index = 1342179345.
02-13 20:36:24.549 31953 15609 W Codec2Client: query -- param skipped: index = 2415921170.
02-13 20:36:24.549 31953 15609 W Codec2Client: query -- param skipped: index = 1610614798.
02-13 20:36:24.550 31953 15609 I MediaCodec: ++kWhatRelease   mState :6
02-13 20:36:24.550 31953 15609 I MediaCodec: ++kWhatRelease   mState :2
02-13 20:36:24.551 31953 15609 I hw-BpHwBinder: onLastStrongRef automatically unlinking death recipients
02-13 20:36:24.551 31953 15595 W MessageQueue: Handler (android.os.Handler) {76137ef} sending message to a Handler on a dead thread
02-13 20:36:24.551 31953 15595 W MessageQueue: java.lang.IllegalStateException: Handler (android.os.Handler) {76137ef} sending message to a Handler on a dead thread
02-13 20:36:24.551 31953 15595 W MessageQueue: 	at android.os.MessageQueue.enqueueMessage(MessageQueue.java:564)
02-13 20:36:24.551 31953 15595 W MessageQueue: 	at android.os.Handler.enqueueMessage(Handler.java:841)
02-13 20:36:24.551 31953 15595 W MessageQueue: 	at android.os.Handler.sendMessageAtTime(Handler.java:737)
02-13 20:36:24.551 31953 15595 W MessageQueue: 	at android.os.Handler.sendMessageDelayed(Handler.java:707)
02-13 20:36:24.551 31953 15595 W MessageQueue: 	at android.os.Handler.sendMessage(Handler.java:645)
02-13 20:36:24.551 31953 15595 W MessageQueue: 	at android.os.Message.sendToTarget(Message.java:472)
02-13 20:36:24.551 31953 15595 W MessageQueue: 	at X.8zQ.A01(Unknown Source:4)
02-13 20:36:24.551 31953 15595 W MessageQueue: 	at X.8zF.G3A(Unknown Source:9)
02-13 20:36:24.551 31953 15595 W MessageQueue: 	at X.8yK.G3A(Unknown Source:11)
02-13 20:36:24.551 31953 15595 W MessageQueue: 	at X.3eP.A08(Unknown Source:126)
02-13 20:36:24.551 31953 15595 W MessageQueue: 	at X.3eP.handleMessage(Unknown Source:1551)
02-13 20:36:24.551 31953 15595 W MessageQueue: 	at android.os.Handler.dispatchMessage(Handler.java:104)
02-13 20:36:24.551 31953 15595 W MessageQueue: 	at android.os.Looper.loopOnce(Looper.java:226)
02-13 20:36:24.551 31953 15595 W MessageQueue: 	at android.os.Looper.loop(Looper.java:328)
02-13 20:36:24.551 31953 15595 W MessageQueue: 	at android.os.HandlerThread.run(HandlerThread.java:67)
02-13 20:36:24.551 31953 15595 W MessageQueue: Handler (android.os.Handler) {99fcd85} sending message to a Handler on a dead thread
02-13 20:36:24.551 31953 15595 W MessageQueue: java.lang.IllegalStateException: Handler (android.os.Handler) {99fcd85} sending message to a Handler on a dead thread
02-13 20:36:24.551 31953 15595 W MessageQueue: 	at android.os.MessageQueue.enqueueMessage(MessageQueue.java:564)
02-13 20:36:24.551 31953 15595 W MessageQueue: 	at android.os.Handler.enqueueMessage(Handler.java:841)
02-13 20:36:24.551 31953 15595 W MessageQueue: 	at android.os.Handler.sendMessageAtFrontOfQueue(Handler.java:760)
02-13 20:36:24.551 31953 15595 W MessageQueue: 	at X.8Kz.FlO(Unknown Source:8)
02-13 20:36:24.551 31953 15595 W MessageQueue: 	at X.8KA.A01(Unknown Source:29)
02-13 20:36:24.551 31953 15595 W MessageQueue: 	at X.8yK.G3A(Unknown Source:29)
02-13 20:36:24.551 31953 15595 W MessageQueue: 	at X.3eP.A08(Unknown Source:126)
02-13 20:36:24.551 31953 15595 W MessageQueue: 	at X.3eP.handleMessage(Unknown Source:1551)
02-13 20:36:24.551 31953 15595 W MessageQueue: 	at android.os.Handler.dispatchMessage(Handler.java:104)
02-13 20:36:24.551 31953 15595 W MessageQueue: 	at android.os.Looper.loopOnce(Looper.java:226)
02-13 20:36:24.551 31953 15595 W MessageQueue: 	at android.os.Looper.loop(Looper.java:328)
02-13 20:36:24.551 31953 15595 W MessageQueue: 	at android.os.HandlerThread.run(HandlerThread.java:67)
02-13 20:36:24.552 31953 15609 W MediaCodec: no metrics handle found
02-13 20:36:24.578 31953   399 W qdgralloc: getInterlacedFlag: getMetaData returned 3, defaulting to interlaced_flag = 0
02-13 20:36:24.583 31953 15492 E IdleQueuePayloadBasedServiceLayer: Request empty, but still some servings left: 346
02-13 20:36:24.588 31953  4386 E IdleQueuePayloadBasedServiceLayer: Request empty, but still some servings left: -346
02-13 20:36:24.610 31953   399 W qdgralloc: getInterlacedFlag: getMetaData returned 3, defaulting to interlaced_flag = 0
02-13 20:36:24.644 31953   399 W qdgralloc: getInterlacedFlag: getMetaData returned 3, defaulting to interlaced_flag = 0
02-13 20:36:24.677 31953   399 W qdgralloc: getInterlacedFlag: getMetaData returned 3, defaulting to interlaced_flag = 0
02-13 20:36:24.711 31953   399 W qdgralloc: getInterlacedFlag: getMetaData returned 3, defaulting to interlaced_flag = 0
02-13 20:36:24.744 31953   399 W qdgralloc: getInterlacedFlag: getMetaData returned 3, defaulting to interlaced_flag = 0
02-13 20:36:24.777 31953   399 W qdgralloc: getInterlacedFlag: getMetaData returned 3, defaulting to interlaced_flag = 0
02-13 20:36:24.802 31953   399 W qdgralloc: getInterlacedFlag: getMetaData returned 3, defaulting to interlaced_flag = 0
02-13 20:36:24.844 31953   399 W qdgralloc: getInterlacedFlag: getMetaData returned 3, defaulting to interlaced_flag = 0
02-13 20:36:24.878 31953   399 W qdgralloc: getInterlacedFlag: getMetaData returned 3, defaulting to interlaced_flag = 0
02-13 20:36:24.911 31953   399 W qdgralloc: getInterlacedFlag: getMetaData returned 3, defaulting to interlaced_flag = 0
02-13 20:36:24.944 31953   399 W qdgralloc: getInterlacedFlag: getMetaData returned 3, defaulting to interlaced_flag = 0
02-13 20:36:24.969 31953   399 W qdgralloc: getInterlacedFlag: getMetaData returned 3, defaulting to interlaced_flag = 0
02-13 20:36:25.011 31953   399 W qdgralloc: getInterlacedFlag: getMetaData returned 3, defaulting to interlaced_flag = 0
02-13 20:36:25.036 31953   399 W qdgralloc: getInterlacedFlag: getMetaData returned 3, defaulting to interlaced_flag = 0
02-13 20:36:25.070 31953   399 W qdgralloc: getInterlacedFlag: getMetaData returned 3, defaulting to interlaced_flag = 0
02-13 20:36:25.212 31953   399 W qdgralloc: getInterlacedFlag: getMetaData returned 3, defaulting to interlaced_flag = 0
02-13 20:36:25.471 31953   399 W qdgralloc: getInterlacedFlag: getMetaData returned 3, defaulting to interlaced_flag = 0
02-13 20:36:25.704 31953   399 W qdgralloc: getInterlacedFlag: getMetaData returned 3, defaulting to interlaced_flag = 0
02-13 20:36:26.563 31953 15492 E IdleQueuePayloadBasedServiceLayer: Request empty, but still some servings left: 299687
02-13 20:36:26.635 31953 13517 E IdleQueuePayloadBasedServiceLayer: Request empty, but still some servings left: -299687
02-13 20:36:27.317 31953   399 W qdgralloc: getInterlacedFlag: getMetaData returned 3, defaulting to interlaced_flag = 0
02-13 20:36:27.327 31953   353 I stagram.android: Background concurrent mark compact GC freed 16MB AllocSpace bytes, 62(5016KB) LOS objects, 22% free, 81MB/105MB, paused 868us,2.485ms total 219.989ms
02-13 20:36:29.045 31953 13517 E IdleQueuePayloadBasedServiceLayer: Request empty, but still some servings left: 225488
02-13 20:36:29.101 31953 15492 E IdleQueuePayloadBasedServiceLayer: Request empty, but still some servings left: -225488
02-13 20:36:29.338 31953   399 W qdgralloc: getInterlacedFlag: getMetaData returned 3, defaulting to interlaced_flag = 0
02-13 20:36:32.175 15302 15311 W cebook.services: userfaultfd: MOVE ioctl seems unsupported: Connection timed out
02-13 20:36:32.402 31953 13517 E IdleQueuePayloadBasedServiceLayer: Request empty, but still some servings left: 206646
02-13 20:36:32.435 31953 15492 E IdleQueuePayloadBasedServiceLayer: Request empty, but still some servings left: -206646
02-13 20:36:38.154 31953 15622 W MediaCodecSelectorHelper: Unexpected mime type audio/mp4a-latm
02-13 20:36:38.154 31953 15622 W MediaCodecSelectorHelper: Unexpected mime type audio/mp4a-latm
02-13 20:36:38.154 31953 15622 W MediaCodecSelectorHelper: Unexpected mime type audio/mp4a-latm
02-13 20:36:38.154 31953 15622 W MediaCodecSelectorHelper: Unexpected mime type audio/mp4a-latm
02-13 20:36:38.154 31953 15622 W MediaCodecSelectorHelper: Unexpected mime type audio/mp4a-latm
02-13 20:36:38.154 31953 15622 W MediaCodecSelectorHelper: Unexpected mime type audio/mp4a-latm
02-13 20:36:39.262  7270  9463 I LPAutoUpdateWorker: #doWork
02-13 20:36:39.269  7270  7433 I LPDownloadSettingsState: Defaulting LP download condition to 2 as user has not edited settings.
02-13 20:36:39.269  7270  7586 I WM-WorkerWrapper: Worker result SUCCESS for Work [ id=a257c29f-9509-485a-ab11-95c592e1df48, tags={ com.google.android.libraries.speech.modeldownload.languagepacks.backgroundtask.workmanager.LanguagePackAutoUpdateWorker } ]
02-13 20:36:39.269  7270  7433 I DefaultLPManager: #getAvailablePackages
02-13 20:36:39.270  7270  7433 I jqm     : #getDownloadableLanguagePacks
02-13 20:36:39.271  7270  7433 I LanguagePackConfigImpl: Loaded languagepack (LP) flag value from latest config autogen_BatchV3071V3072: [en-US3008, de-DE3003, es-ES3000, fr-FR3003, it-IT3000, en-AU3003, en-GB3002, en-IE3002, en-SG3001, ja-JP3004, de-AT3054, de-BE3054, de-CH3054, de-DE3054, en-AU3054, en-CA3054, en-GB3054, en-IE3054, en-IN3054, en-SG3054, en-US3054, es-ES3054, es-US3054, fr-BE3054, fr-CA3054, fr-CH3054, fr-FR3054, hi-IN3054, id-ID3054, it-CH3054, it-IT3054, ja-JP3054, ko-KR3054, pt-BR3054, th-TH3054, cmn-Hans-CN3056, cmn-Hant-TW3056, de-AT3056, de-BE3056, de-CH3056, de-DE3056, en-CA3056, en-IN3056, en-US3056, es-ES3056, es-US3056, fr-BE3056, fr-CA3056, fr-CH3056, fr-FR3056, hi-IN3056, id-ID3056, it-CH3056, it-IT3056, ja-JP3056, ko-KR3056, pl-PL3056, pt-BR3056, ru-RU3056, th-TH3056, tr-TR3056, vi-VN3056, ja-JP3059, id-ID3059, ko-KR3061, pl-PL3059, ru-RU3059, th-TH3059, tr-TR3059, vi-VN3059, en-AU3071, en-CA3071, en-GB3071, en-IE3071, en-SG3071, en-US3072, hi-IN3072]
02-13 20:36:39.271  7270  7433 W SystemLPSourceImpl: #getAvailablePackages: Note there is not reason to call this method, as getInstalledPackages() returns the same LanguagePacks for this impl.
02-13 20:36:39.271  7270  7433 I DefaultLPManager: #getInstalledPackages
02-13 20:36:39.272  7270  7433 I jqm     : #getInstalledPackages from MDD
02-13 20:36:39.272  7270  7433 I jqm     : #GetLanguagePackList
02-13 20:36:39.272  7270  7433 I jqm     : MDD.getFileGroupsByFilter(langpack-domain_xx-XX_ver_zipfile)
02-13 20:36:39.272  7270  7433 I DefaultLPManager: #getInstalledPackages
02-13 20:36:39.272  7270  7433 I jqm     : #getInstalledPackages from MDD
02-13 20:36:39.272  7270  7433 I jqm     : #GetLanguagePackList
02-13 20:36:39.272  7270  7433 I jqm     : MDD.getFileGroupsByFilter(langpack-domain_xx-XX_ver_zipfile)
02-13 20:36:39.272  7270  7433 I DefaultLPManager: #getRequestedPackages
02-13 20:36:39.272  7270  7433 I ZipLPPopulator: #addNewFileGroups
02-13 20:36:39.272  7270  7433 I jqm     : #getDownloadableLanguagePacks
02-13 20:36:39.272  7270  7433 I LanguagePackConfigImpl: Loaded languagepack (LP) flag value from latest config autogen_BatchV3071V3072: [en-US3008, de-DE3003, es-ES3000, fr-FR3003, it-IT3000, en-AU3003, en-GB3002, en-IE3002, en-SG3001, ja-JP3004, de-AT3054, de-BE3054, de-CH3054, de-DE3054, en-AU3054, en-CA3054, en-GB3054, en-IE3054, en-IN3054, en-SG3054, en-US3054, es-ES3054, es-US3054, fr-BE3054, fr-CA3054, fr-CH3054, fr-FR3054, hi-IN3054, id-ID3054, it-CH3054, it-IT3054, ja-JP3054, ko-KR3054, pt-BR3054, th-TH3054, cmn-Hans-CN3056, cmn-Hant-TW3056, de-AT3056, de-BE3056, de-CH3056, de-DE3056, en-CA3056, en-IN3056, en-US3056, es-ES3056, es-US3056, fr-BE3056, fr-CA3056, fr-CH3056, fr-FR3056, hi-IN3056, id-ID3056, it-CH3056, it-IT3056, ja-JP3056, ko-KR3056, pl-PL3056, pt-BR3056, ru-RU3056, th-TH3056, tr-TR3056, vi-VN3056, ja-JP3059, id-ID3059, ko-KR3061, pl-PL3059, ru-RU3059, th-TH3059, tr-TR3059, vi-VN3059, en-AU3071, en-CA3071, en-GB3071, en-IE3071, en-SG3071, en-US3072, hi-IN3072]
02-13 20:36:39.272  7270  7433 W SystemLPSourceImpl: #getRequestedPackages: There is not reason to call this method, as the result is always empty.
02-13 20:36:39.272  7270  7433 I DefaultLPManager: #getAvailablePackages
02-13 20:36:39.272  7270  7433 I jqm     : #getDownloadableLanguagePacks
02-13 20:36:39.273  7270  7433 I LanguagePackConfigImpl: Loaded languagepack (LP) flag value from latest config autogen_BatchV3071V3072: [en-US3008, de-DE3003, es-ES3000, fr-FR3003, it-IT3000, en-AU3003, en-GB3002, en-IE3002, en-SG3001, ja-JP3004, de-AT3054, de-BE3054, de-CH3054, de-DE3054, en-AU3054, en-CA3054, en-GB3054, en-IE3054, en-IN3054, en-SG3054, en-US3054, es-ES3054, es-US3054, fr-BE3054, fr-CA3054, fr-CH3054, fr-FR3054, hi-IN3054, id-ID3054, it-CH3054, it-IT3054, ja-JP3054, ko-KR3054, pt-BR3054, th-TH3054, cmn-Hans-CN3056, cmn-Hant-TW3056, de-AT3056, de-BE3056, de-CH3056, de-DE3056, en-CA3056, en-IN3056, en-US3056, es-ES3056, es-US3056, fr-BE3056, fr-CA3056, fr-CH3056, fr-FR3056, hi-IN3056, id-ID3056, it-CH3056, it-IT3056, ja-JP3056, ko-KR3056, pl-PL3056, pt-BR3056, ru-RU3056, th-TH3056, tr-TR3056, vi-VN3056, ja-JP3059, id-ID3059, ko-KR3061, pl-PL3059, ru-RU3059, th-TH3059, tr-TR3059, vi-VN3059, en-AU3071, en-CA3071, en-GB3071, en-IE3071, en-SG3071, en-US3072, hi-IN3072]
02-13 20:36:39.273  7270  7433 W SystemLPSourceImpl: #getAvailablePackages: Note there is not reason to call this method, as getInstalledPackages() returns the same LanguagePacks for this impl.
02-13 20:36:39.274  7270  7433 E VoiceSearchConfigProtoU: Unrecognized recognizer for [ja-JP, 3054]: 23. Ignoring it and its associated features.
02-13 20:36:39.274  7270  7433 E VoiceSearchConfigProtoU: Unrecognized recognizer for [ja-JP, 3054]: 22. Ignoring it and its associated features.
02-13 20:36:39.274  7270  7433 E VoiceSearchConfigProtoU: Unrecognized recognizer for [ja-JP, 3054]: 23. Ignoring it and its associated features.
02-13 20:36:39.274  7270  7433 E VoiceSearchConfigProtoU: Unrecognized recognizer for [ja-JP, 3054]: 22. Ignoring it and its associated features.
02-13 20:36:39.274  7270  7433 E VoiceSearchConfigProtoU: Unrecognized recognizer for [ja-JP, 3054]: 23. Ignoring it and its associated features.
02-13 20:36:39.274  7270  7433 E VoiceSearchConfigProtoU: Unrecognized recognizer for [ja-JP, 3054]: 22. Ignoring it and its associated features.
02-13 20:36:39.274  7270  7433 E VoiceSearchConfigProtoU: Unrecognized recognizer for [ja-JP, 3054]: 22. Ignoring it and its associated features.
02-13 20:36:39.274  7270  7433 E VoiceSearchConfigProtoU: Unrecognized recognizer for [ja-JP, 3054]: 22. Ignoring it and its associated features.
02-13 20:36:39.274  7270  7433 E VoiceSearchConfigProtoU: Unrecognized recognizer for [ja-JP, 3056]: 23. Ignoring it and its associated features.
02-13 20:36:39.274  7270  7433 E VoiceSearchConfigProtoU: Unrecognized recognizer for [ja-JP, 3056]: 22. Ignoring it and its associated features.
02-13 20:36:39.274  7270  7433 E VoiceSearchConfigProtoU: Unrecognized recognizer for [ja-JP, 3056]: 23. Ignoring it and its associated features.
02-13 20:36:39.274  7270  7433 E VoiceSearchConfigProtoU: Unrecognized recognizer for [ja-JP, 3056]: 22. Ignoring it and its associated features.
02-13 20:36:39.274  7270  7433 E VoiceSearchConfigProtoU: Unrecognized recognizer for [ja-JP, 3056]: 23. Ignoring it and its associated features.
02-13 20:36:39.274  7270  7433 E VoiceSearchConfigProtoU: Unrecognized recognizer for [ja-JP, 3056]: 22. Ignoring it and its associated features.
02-13 20:36:39.274  7270  7433 E VoiceSearchConfigProtoU: Unrecognized recognizer for [ja-JP, 3056]: 22. Ignoring it and its associated features.
02-13 20:36:39.274  7270  7433 E VoiceSearchConfigProtoU: Unrecognized recognizer for [ja-JP, 3056]: 22. Ignoring it and its associated features.
02-13 20:36:39.275  7270  7433 E VoiceSearchConfigProtoU: Unrecognized recognizer for [ja-JP, 3054]: 23. Ignoring it and its associated features.
02-13 20:36:39.275  7270  7433 E VoiceSearchConfigProtoU: Unrecognized recognizer for [ja-JP, 3054]: 22. Ignoring it and its associated features.
02-13 20:36:39.275  7270  7433 E VoiceSearchConfigProtoU: Unrecognized recognizer for [ja-JP, 3054]: 23. Ignoring it and its associated features.
02-13 20:36:39.276  7270  7433 E VoiceSearchConfigProtoU: Unrecognized recognizer for [ja-JP, 3054]: 22. Ignoring it and its associated features.
02-13 20:36:39.276  7270  7433 E VoiceSearchConfigProtoU: Unrecognized recognizer for [ja-JP, 3054]: 23. Ignoring it and its associated features.
02-13 20:36:39.276  7270  7596 I SystemLPSourceImpl: Parsed system partition LanguagePack metadata file: /product/usr/srec/en-US/metadata
02-13 20:36:39.276  7270  7433 E VoiceSearchConfigProtoU: Unrecognized recognizer for [ja-JP, 3054]: 22. Ignoring it and its associated features.
02-13 20:36:39.276  7270  7433 E VoiceSearchConfigProtoU: Unrecognized recognizer for [ja-JP, 3054]: 22. Ignoring it and its associated features.
02-13 20:36:39.276  7270  7433 E VoiceSearchConfigProtoU: Unrecognized recognizer for [ja-JP, 3054]: 22. Ignoring it and its associated features.
02-13 20:36:39.277  7270  7433 E VoiceSearchConfigProtoU: Unrecognized recognizer for [ja-JP, 3056]: 23. Ignoring it and its associated features.
02-13 20:36:39.277  7270  7433 E VoiceSearchConfigProtoU: Unrecognized recognizer for [ja-JP, 3056]: 22. Ignoring it and its associated features.
02-13 20:36:39.277  7270  7433 E VoiceSearchConfigProtoU: Unrecognized recognizer for [ja-JP, 3056]: 23. Ignoring it and its associated features.
02-13 20:36:39.277  7270  7433 E VoiceSearchConfigProtoU: Unrecognized recognizer for [ja-JP, 3056]: 22. Ignoring it and its associated features.
02-13 20:36:39.277  7270  7433 E VoiceSearchConfigProtoU: Unrecognized recognizer for [ja-JP, 3056]: 23. Ignoring it and its associated features.
02-13 20:36:39.277  7270  7433 E VoiceSearchConfigProtoU: Unrecognized recognizer for [ja-JP, 3056]: 22. Ignoring it and its associated features.
02-13 20:36:39.277  7270  7433 E VoiceSearchConfigProtoU: Unrecognized recognizer for [ja-JP, 3056]: 22. Ignoring it and its associated features.
02-13 20:36:39.277  7270  7433 E VoiceSearchConfigProtoU: Unrecognized recognizer for [ja-JP, 3056]: 22. Ignoring it and its associated features.
02-13 20:36:39.278  7270  7433 E VoiceSearchConfigProtoU: Unrecognized recognizer for [ja-JP, 3054]: 23. Ignoring it and its associated features.
02-13 20:36:39.278  7270  7433 E VoiceSearchConfigProtoU: Unrecognized recognizer for [ja-JP, 3054]: 22. Ignoring it and its associated features.
02-13 20:36:39.278  7270  7433 E VoiceSearchConfigProtoU: Unrecognized recognizer for [ja-JP, 3054]: 23. Ignoring it and its associated features.
02-13 20:36:39.278  7270  7433 E VoiceSearchConfigProtoU: Unrecognized recognizer for [ja-JP, 3054]: 22. Ignoring it and its associated features.
02-13 20:36:39.278  7270  7433 E VoiceSearchConfigProtoU: Unrecognized recognizer for [ja-JP, 3054]: 23. Ignoring it and its associated features.
02-13 20:36:39.278  7270  7433 E VoiceSearchConfigProtoU: Unrecognized recognizer for [ja-JP, 3054]: 22. Ignoring it and its associated features.
02-13 20:36:39.278  7270  7433 E VoiceSearchConfigProtoU: Unrecognized recognizer for [ja-JP, 3054]: 22. Ignoring it and its associated features.
02-13 20:36:39.278  7270  7433 E VoiceSearchConfigProtoU: Unrecognized recognizer for [ja-JP, 3054]: 22. Ignoring it and its associated features.
02-13 20:36:39.278  7270  7596 I SystemLPSourceImpl: Parsed system partition LanguagePack metadata file: /product/usr/srec/en-US/metadata
02-13 20:36:39.279  7270  7596 I SystemLPSourceImpl: Parsed system partition LanguagePack metadata file: /product/usr/srec/en-US/metadata
02-13 20:36:39.279  7270  7433 E VoiceSearchConfigProtoU: Unrecognized recognizer for [ja-JP, 3056]: 23. Ignoring it and its associated features.
02-13 20:36:39.279  7270  7433 E VoiceSearchConfigProtoU: Unrecognized recognizer for [ja-JP, 3056]: 22. Ignoring it and its associated features.
02-13 20:36:39.279  7270  7433 E VoiceSearchConfigProtoU: Unrecognized recognizer for [ja-JP, 3056]: 23. Ignoring it and its associated features.
02-13 20:36:39.279  7270  7433 E VoiceSearchConfigProtoU: Unrecognized recognizer for [ja-JP, 3056]: 22. Ignoring it and its associated features.
02-13 20:36:39.279  7270  7433 E VoiceSearchConfigProtoU: Unrecognized recognizer for [ja-JP, 3056]: 23. Ignoring it and its associated features.
02-13 20:36:39.279  7270  7433 E VoiceSearchConfigProtoU: Unrecognized recognizer for [ja-JP, 3056]: 22. Ignoring it and its associated features.
02-13 20:36:39.279  7270  7433 E VoiceSearchConfigProtoU: Unrecognized recognizer for [ja-JP, 3056]: 22. Ignoring it and its associated features.
02-13 20:36:39.279  7270  7433 E VoiceSearchConfigProtoU: Unrecognized recognizer for [ja-JP, 3056]: 22. Ignoring it and its associated features.
02-13 20:36:39.279  7270  7596 I SystemLPSourceImpl: Parsed system partition LanguagePack metadata file: /product/usr/srec/en-US/metadata
02-13 20:36:39.280  7270  7433 I LPRequestState: [ZipfileRequests] #resolveDesiredLanguagePacks
02-13 20:36:39.283  7270  7433 I LPRequestState: Assigning language pack Optional.of(LanguagePackDescriptor{locale=en_US, version=3072, installType=ZIPFILE_DOWNLOAD, applicationDomains=[1, 2, 3, 4, 5, 6, 7, 11], featuresForDomains={1=[2, 3, 4, 5, 6, 9, 10, 12, 13, 14, 15], 2=[2, 3, 4, 5, 6, 7, 8, 9, 10, 12, 13, 14, 15], 3=[2, 3, 4, 5, 6, 9, 10, 12, 13, 14, 15], 4=[2, 3, 4, 5, 6, 7, 8, 9, 10, 12, 13, 14, 15], 5=[2, 3, 4, 5, 6, 9, 10, 12, 13, 14, 15], 6=[2, 3, 4, 5, 6, 7, 8, 9, 10, 12, 13, 14, 15], 7=[2, 3, 4, 5, 6, 7, 8, 9, 10, 12, 13, 14, 15], 11=[2, 3, 4, 5, 6, 7, 8, 9, 10, 12, 13, 14, 15]}, sizeBytes=62065000, zipfileParams=Optional.of(ZipfileParams{downloadUrl=https://dl.google.com/android/voice/soda/en-US/v3072/soda-en-US-v3072.zip, hashValueSha1=F8745C8DBBDAE1E77A9A9E7BAF378CBC78B7BB2A}), readOnlyParams=Optional.absent()}) for request # jpl@ce118b46
02-13 20:36:39.283  7270  7433 I LPRequestState: [ManagerRequests] #resolveDesiredLanguagePacks
02-13 20:36:39.283  7270  7433 I LPDownloadSettingsState: Defaulting LP download condition to 2 as user has not edited settings.
02-13 20:36:39.283  7270  7433 I ZipLPPopulator: MDD.addFileGroup: LanguagePackDescriptor{locale=en_US, version=3072, installType=ZIPFILE_DOWNLOAD, applicationDomains=[1, 2, 3, 4, 5, 6, 7, 11], featuresForDomains={1=[2, 3, 4, 5, 6, 9, 10, 12, 13, 14, 15], 2=[2, 3, 4, 5, 6, 7, 8, 9, 10, 12, 13, 14, 15], 3=[2, 3, 4, 5, 6, 9, 10, 12, 13, 14, 15], 4=[2, 3, 4, 5, 6, 7, 8, 9, 10, 12, 13, 14, 15], 5=[2, 3, 4, 5, 6, 9, 10, 12, 13, 14, 15], 6=[2, 3, 4, 5, 6, 7, 8, 9, 10, 12, 13, 14, 15], 7=[2, 3, 4, 5, 6, 7, 8, 9, 10, 12, 13, 14, 15], 11=[2, 3, 4, 5, 6, 7, 8, 9, 10, 12, 13, 14, 15]}, sizeBytes=62065000, zipfileParams=Optional.of(ZipfileParams{downloadUrl=https://dl.google.com/android/voice/soda/en-US/v3072/soda-en-US-v3072.zip, hashValueSha1=F8745C8DBBDAE1E77A9A9E7BAF378CBC78B7BB2A}), readOnlyParams=Optional.absent()}
02-13 20:36:39.284  7270  7433 I LPRequestState: Assigning language pack Optional.of(LanguagePackDescriptor{locale=en_US, version=3072, installType=ZIPFILE_DOWNLOAD, applicationDomains=[1, 2, 3, 4, 5, 6, 7, 11], featuresForDomains={1=[2, 3, 4, 5, 6, 9, 10, 12, 13, 14, 15], 2=[2, 3, 4, 5, 6, 7, 8, 9, 10, 12, 13, 14, 15], 3=[2, 3, 4, 5, 6, 9, 10, 12, 13, 14, 15], 4=[2, 3, 4, 5, 6, 7, 8, 9, 10, 12, 13, 14, 15], 5=[2, 3, 4, 5, 6, 9, 10, 12, 13, 14, 15], 6=[2, 3, 4, 5, 6, 7, 8, 9, 10, 12, 13, 14, 15], 7=[2, 3, 4, 5, 6, 7, 8, 9, 10, 12, 13, 14, 15], 11=[2, 3, 4, 5, 6, 7, 8, 9, 10, 12, 13, 14, 15]}, sizeBytes=62065000, zipfileParams=Optional.of(ZipfileParams{downloadUrl=https://dl.google.com/android/voice/soda/en-US/v3072/soda-en-US-v3072.zip, hashValueSha1=F8745C8DBBDAE1E77A9A9E7BAF378CBC78B7BB2A}), readOnlyParams=Optional.absent()}) for request # jpl@b2ceef46
02-13 20:36:39.285  7270  7433 I LanguagePackMaintenance: Background downloading 0 packs, for an ideal set of 1 total packs
02-13 20:36:39.285  7270  7433 I LanguagePackMaintenance: Background downloading packs []
02-13 20:36:39.285  7270  7433 I LanguagePackMaintenance: Ideal set: [en-US_v3072]
02-13 20:36:39.285  7270  7433 I ZipLPPopulator: Updated file group for group 'langpack-domain_en-US_3072_zipfile' from location: https://dl.google.com/android/voice/soda/en-US/v3072/soda-en-US-v3072.zip
02-13 20:36:39.285  7270  7433 I ZipLPPopulator: #addNewFileGroups complete
02-13 20:36:39.285  7270  7433 I jqm     : #getPendingPackages from MDD
02-13 20:36:39.285  7270  7433 I jqm     : #GetLanguagePackList
02-13 20:36:39.285  7270  7433 I jqm     : MDD.getFileGroupsByFilter(langpack-domain_xx-XX_ver_zipfile)
02-13 20:36:39.286  7270  7433 I LPRequestState: [ManagerRequests] #resolveUnusedLanguagePacks
02-13 20:36:39.286  7270  7433 I LPRequestState: [ManagerRequests] #resolveDesiredLanguagePacks
02-13 20:36:39.286  7270  7433 I LPRequestState: Assigning language pack Optional.of(LanguagePackDescriptor{locale=en_US, version=3072, installType=ZIPFILE_DOWNLOAD, applicationDomains=[1, 11, 5, 7, 4, 2, 3, 6], featuresForDomains={1=[2, 3, 4, 5, 6, 9, 10, 12, 13, 14, 15], 11=[2, 3, 4, 5, 6, 7, 8, 9, 10, 12, 13, 14, 15], 5=[2, 3, 4, 5, 6, 9, 10, 12, 13, 14, 15], 7=[2, 3, 4, 5, 6, 7, 8, 9, 10, 12, 13, 14, 15], 4=[2, 3, 4, 5, 6, 7, 8, 9, 10, 12, 13, 14, 15], 2=[2, 3, 4, 5, 6, 7, 8, 9, 10, 12, 13, 14, 15], 3=[2, 3, 4, 5, 6, 9, 10, 12, 13, 14, 15], 6=[2, 3, 4, 5, 6, 7, 8, 9, 10, 12, 13, 14, 15]}, sizeBytes=93802000, zipfileParams=Optional.absent(), readOnlyParams=Optional.absent()}) for request # jpl@b2ceef46
02-13 20:36:39.286  7270  7433 I LPRequestState: [ManagerRequests] #resolveUnusedLanguagePacks
02-13 20:36:39.286  7270  7433 I LPRequestState: [ManagerRequests] #resolveDesiredLanguagePacks
02-13 20:36:39.286  7270  7433 I DefaultLPManager: #calculateRolledBackPacks
02-13 20:36:39.286  7270  7433 I LPRequestState: Assigning language pack Optional.of(LanguagePackDescriptor{locale=en_US, version=3072, installType=ZIPFILE_DOWNLOAD, applicationDomains=[1, 11, 5, 7, 4, 2, 3, 6], featuresForDomains={1=[2, 3, 4, 5, 6, 9, 10, 12, 13, 14, 15], 11=[2, 3, 4, 5, 6, 7, 8, 9, 10, 12, 13, 14, 15], 5=[2, 3, 4, 5, 6, 9, 10, 12, 13, 14, 15], 7=[2, 3, 4, 5, 6, 7, 8, 9, 10, 12, 13, 14, 15], 4=[2, 3, 4, 5, 6, 7, 8, 9, 10, 12, 13, 14, 15], 2=[2, 3, 4, 5, 6, 7, 8, 9, 10, 12, 13, 14, 15], 3=[2, 3, 4, 5, 6, 9, 10, 12, 13, 14, 15], 6=[2, 3, 4, 5, 6, 7, 8, 9, 10, 12, 13, 14, 15]}, sizeBytes=93802000, zipfileParams=Optional.absent(), readOnlyParams=Optional.absent()}) for request # jpl@b2ceef46
02-13 20:36:39.287  7270  7433 I LanguagePackMaintenance: Background deleting 0 stale packs: 
02-13 20:36:39.287  7270  7433 I LanguagePackMaintenance: Background LanguagePack updates finished successfully
02-13 20:36:39.288  7270  7433 I FakeAppFlowTransport: (TEST) Generic AppFlow event: # out@a195a64a
02-13 20:36:42.782 31953 31953 E stagram.android: Invalid resource ID 0x00000002.
02-13 20:36:42.786 31953 31953 E stagram.android: Invalid resource ID 0x00000002.
02-13 20:36:42.786 31953 31953 E stagram.android: Invalid resource ID 0x00000002.
02-13 20:36:42.789 31953 31953 E stagram.android: Invalid resource ID 0x00000002.
02-13 20:36:42.789 31953 31953 E stagram.android: Invalid resource ID 0x00000002.
02-13 20:36:42.792 31953 31953 E stagram.android: Invalid resource ID 0x00000002.
02-13 20:36:42.793 31953 31953 E stagram.android: Invalid resource ID 0x00000002.
02-13 20:36:42.796 31953 31953 E stagram.android: Invalid resource ID 0x00000002.
02-13 20:36:42.830 31953 31953 W D55     : Pos=100 holder=X.2FL@dd19e32
02-13 20:36:42.834 31953 31953 W libc    : Access denied finding property "vendor.display.enable_display_extensions"
02-13 20:36:42.840 31953 15657 W DefaultTrackSelector: Audio channel count constraints cannot be applied without reference to Context. Build the track selector instance with one of the non-deprecated constructors that take a Context argument.
02-13 20:36:42.841 31953 15658 W MediaCodecSelectorHelper: Unexpected mime type audio/mp4a-latm
02-13 20:36:42.841 31953 15658 W MediaCodecSelectorHelper: Unexpected mime type audio/mp4a-latm
02-13 20:36:42.841 31953 15658 W MediaCodecSelectorHelper: Unexpected mime type audio/mp4a-latm
02-13 20:36:42.841 31953 15658 W MediaCodecSelectorHelper: Unexpected mime type audio/mp4a-latm
02-13 20:36:42.841 31953 15658 W MediaCodecSelectorHelper: Unexpected mime type audio/mp4a-latm
02-13 20:36:42.841 31953 15658 W MediaCodecSelectorHelper: Unexpected mime type audio/mp4a-latm
02-13 20:36:42.844 31953 31953 E VideoPlayerImpl: IgBaseVideoPlayer Warning: AV1_INSTANTIATION AV1_INSTANTIATION AV1 decoding using HardwareDecoder;c2.qti.av1.decoder
02-13 20:36:42.845 31953 15658 W AString : ctor got NULL, using empty string instead
02-13 20:36:42.846 31953 15658 I CCodecBufferChannel: mIsVivoLogEnable = 0
02-13 20:36:42.850 31953 15662 I CCodec  : setting up 'default' as default (vendor) store
02-13 20:36:42.858 31953 15662 I CCodec  : Created component [c2.qti.av1.decoder]
02-13 20:36:42.866 31953 15662 I CCodecConfig: query failed after returning 18 values (BAD_INDEX)
02-13 20:36:42.867 31953 15662 W ColorUtils: expected specified color aspects (0:0:0:0)
02-13 20:36:42.868 31953 15658 W libc    : Access denied finding property "vendor.vivo.debug.PqSetting.enable"
02-13 20:36:42.871 31953 15661 I MediaCodec: [c2.qti.av1.decoder] setting surface generation to 32719978
02-13 20:36:42.873 31953 15662 W Codec2Client: query -- param skipped: index = 1107298332.
02-13 20:36:42.873 31953 15662 I CCodecConfig: query failed after returning 18 values (BAD_INDEX)
02-13 20:36:42.884 31953 15662 W Codec2Client: query -- param skipped: index = 1342179345.
02-13 20:36:42.884 31953 15662 W Codec2Client: query -- param skipped: index = 2415921170.
02-13 20:36:42.884 31953 15662 W Codec2Client: query -- param skipped: index = 1610614798.
02-13 20:36:42.891 31953 15661 I VivoVideoDumpInfo: property persist.sys.log.ctrl-->no
02-13 20:36:42.891 31953 15661 I VivoVideoDumpInfo: logger is not running,videoDump is disable.
02-13 20:36:42.894 31953 15658 W MediaCodecSelectorHelper: Unexpected mime type audio/mp4a-latm
02-13 20:36:42.894 31953 15658 W AString : ctor got NULL, using empty string instead
02-13 20:36:42.896 31953 15658 I CCodecBufferChannel: mIsVivoLogEnable = 0
02-13 20:36:42.899 31953 15671 I CCodec  : setting up 'default' as default (vendor) store
02-13 20:36:42.900 31953 15662 I CCodecBufferChannel: [c2.qti.av1.decoder#22] onWorkDone: updating max output delay 22
02-13 20:36:42.901 31953 15671 I CCodec  : Created component [c2.android.aac.decoder]
02-13 20:36:42.905 31953 15671 I CCodecConfig: query failed after returning 20 values (BAD_INDEX)
02-13 20:36:42.908 31953 15671 W Codec2Client: query -- param skipped: index = 1107298332.
02-13 20:36:42.908 31953 15671 I CCodecConfig: query failed after returning 20 values (BAD_INDEX)
02-13 20:36:42.909 31953 15671 W Codec2Client: query -- param skipped: index = 1342179345.
02-13 20:36:42.909 31953 15671 W Codec2Client: query -- param skipped: index = 2415921170.
02-13 20:36:42.909 31953 15671 W Codec2Client: query -- param skipped: index = 1610614798.
02-13 20:36:42.909 31953 15671 I CCodecBufferChannel: mIsVivoLogEnable = 0
02-13 20:36:42.916 31953 15671 E MediaCodec: [decoder] audio output stuck act:46 ms, cal:0 ms
02-13 20:36:42.917 31953 15671 E MediaCodec: [decoder] audio output stuck act:46 ms, cal:0 ms
02-13 20:36:42.920 31953 15658 W AudioSystem: setParameters: PlaybackCaptureProtectSupport=com.instagram.android
02-13 20:36:42.922 31953   399 W qdgralloc: getInterlacedFlag: getMetaData returned 3, defaulting to interlaced_flag = 0
02-13 20:36:42.956 31953   359 W AidlConversionCppNdk: aidl2legacy_AudioChannelLayout_audio_channel_mask_t: no legacy output audio_channel_mask_t found for AudioChannelLayout{layoutMask: 16}
02-13 20:36:43.035 31953   399 W qdgralloc: getInterlacedFlag: getMetaData returned 3, defaulting to interlaced_flag = 0
02-13 20:36:43.045 31953 15625 I MediaCodec: ++kWhatRelease   mState :6
02-13 20:36:43.057 31953   399 W qdgralloc: getInterlacedFlag: getMetaData returned 3, defaulting to interlaced_flag = 0
02-13 20:36:43.070 31953 15625 I MediaCodec: ++kWhatRelease   mState :2
02-13 20:36:43.072 31953 15625 W MediaCodec: no metrics handle found
02-13 20:36:43.072 31953 15626 I hw-BpHwBinder: onLastStrongRef automatically unlinking death recipients
02-13 20:36:43.085 31953   399 W qdgralloc: getInterlacedFlag: getMetaData returned 3, defaulting to interlaced_flag = 0
02-13 20:36:43.112 31953 15635 I CCodecConfig: query failed after returning 20 values (BAD_INDEX)
02-13 20:36:43.113 31953 15635 W Codec2Client: query -- param skipped: index = 1342179345.
02-13 20:36:43.113 31953 15635 W Codec2Client: query -- param skipped: index = 2415921170.
02-13 20:36:43.113 31953 15635 W Codec2Client: query -- param skipped: index = 1610614798.
02-13 20:36:43.114 31953 15635 I MediaCodec: ++kWhatRelease   mState :6
02-13 20:36:43.115 31953 15635 I MediaCodec: ++kWhatRelease   mState :2
02-13 20:36:43.116 31953 15635 I hw-BpHwBinder: onLastStrongRef automatically unlinking death recipients
02-13 20:36:43.116 31953 15621 W MessageQueue: Handler (android.os.Handler) {82a3605} sending message to a Handler on a dead thread
02-13 20:36:43.116 31953 15621 W MessageQueue: java.lang.IllegalStateException: Handler (android.os.Handler) {82a3605} sending message to a Handler on a dead thread
02-13 20:36:43.116 31953 15621 W MessageQueue: 	at android.os.MessageQueue.enqueueMessage(MessageQueue.java:564)
02-13 20:36:43.116 31953 15621 W MessageQueue: 	at android.os.Handler.enqueueMessage(Handler.java:841)
02-13 20:36:43.116 31953 15621 W MessageQueue: 	at android.os.Handler.sendMessageAtTime(Handler.java:737)
02-13 20:36:43.116 31953 15621 W MessageQueue: 	at android.os.Handler.sendMessageDelayed(Handler.java:707)
02-13 20:36:43.116 31953 15621 W MessageQueue: 	at android.os.Handler.sendMessage(Handler.java:645)
02-13 20:36:43.116 31953 15621 W MessageQueue: 	at android.os.Message.sendToTarget(Message.java:472)
02-13 20:36:43.116 31953 15621 W MessageQueue: 	at X.8zQ.A01(Unknown Source:4)
02-13 20:36:43.116 31953 15621 W MessageQueue: 	at X.8zF.G3A(Unknown Source:9)
02-13 20:36:43.116 31953 15621 W MessageQueue: 	at X.8yK.G3A(Unknown Source:11)
02-13 20:36:43.116 31953 15621 W MessageQueue: 	at X.3eP.A08(Unknown Source:126)
02-13 20:36:43.116 31953 15621 W MessageQueue: 	at X.3eP.handleMessage(Unknown Source:1551)
02-13 20:36:43.116 31953 15621 W MessageQueue: 	at android.os.Handler.dispatchMessage(Handler.java:104)
02-13 20:36:43.116 31953 15621 W MessageQueue: 	at android.os.Looper.loopOnce(Looper.java:226)
02-13 20:36:43.116 31953 15621 W MessageQueue: 	at android.os.Looper.loop(Looper.java:328)
02-13 20:36:43.116 31953 15621 W MessageQueue: 	at android.os.HandlerThread.run(HandlerThread.java:67)
02-13 20:36:43.116 31953 15621 W MessageQueue: Handler (android.os.Handler) {ad5408b} sending message to a Handler on a dead thread
02-13 20:36:43.116 31953 15621 W MessageQueue: java.lang.IllegalStateException: Handler (android.os.Handler) {ad5408b} sending message to a Handler on a dead thread
02-13 20:36:43.116 31953 15621 W MessageQueue: 	at android.os.MessageQueue.enqueueMessage(MessageQueue.java:564)
02-13 20:36:43.116 31953 15621 W MessageQueue: 	at android.os.Handler.enqueueMessage(Handler.java:841)
02-13 20:36:43.116 31953 15621 W MessageQueue: 	at android.os.Handler.sendMessageAtFrontOfQueue(Handler.java:760)
02-13 20:36:43.116 31953 15621 W MessageQueue: 	at X.8Kz.FlO(Unknown Source:8)
02-13 20:36:43.116 31953 15621 W MessageQueue: 	at X.8KA.A01(Unknown Source:29)
02-13 20:36:43.116 31953 15621 W MessageQueue: 	at X.8yK.G3A(Unknown Source:29)
02-13 20:36:43.116 31953 15621 W MessageQueue: 	at X.3eP.A08(Unknown Source:126)
02-13 20:36:43.116 31953 15621 W MessageQueue: 	at X.3eP.handleMessage(Unknown Source:1551)
02-13 20:36:43.116 31953 15621 W MessageQueue: 	at android.os.Handler.dispatchMessage(Handler.java:104)
02-13 20:36:43.116 31953 15621 W MessageQueue: 	at android.os.Looper.loopOnce(Looper.java:226)
02-13 20:36:43.116 31953 15621 W MessageQueue: 	at android.os.Looper.loop(Looper.java:328)
02-13 20:36:43.116 31953 15621 W MessageQueue: 	at android.os.HandlerThread.run(HandlerThread.java:67)
02-13 20:36:43.117 31953 15635 W MediaCodec: no metrics handle found
02-13 20:36:43.127 31953   399 W qdgralloc: getInterlacedFlag: getMetaData returned 3, defaulting to interlaced_flag = 0
02-13 20:36:43.153 31953   399 W qdgralloc: getInterlacedFlag: getMetaData returned 3, defaulting to interlaced_flag = 0
02-13 20:36:43.185 31953   399 W qdgralloc: getInterlacedFlag: getMetaData returned 3, defaulting to interlaced_flag = 0
02-13 20:36:43.227 31953   399 W qdgralloc: getInterlacedFlag: getMetaData returned 3, defaulting to interlaced_flag = 0
02-13 20:36:43.252 31953   399 W qdgralloc: getInterlacedFlag: getMetaData returned 3, defaulting to interlaced_flag = 0
02-13 20:36:43.285 31953   399 W qdgralloc: getInterlacedFlag: getMetaData returned 3, defaulting to interlaced_flag = 0
02-13 20:36:43.320 31953   399 W qdgralloc: getInterlacedFlag: getMetaData returned 3, defaulting to interlaced_flag = 0
02-13 20:36:43.360 31953   399 W qdgralloc: getInterlacedFlag: getMetaData returned 3, defaulting to interlaced_flag = 0
02-13 20:36:43.385 31953   399 W qdgralloc: getInterlacedFlag: getMetaData returned 3, defaulting to interlaced_flag = 0
02-13 20:36:43.419 31953   399 W qdgralloc: getInterlacedFlag: getMetaData returned 3, defaulting to interlaced_flag = 0
02-13 20:36:43.460 31953   399 W qdgralloc: getInterlacedFlag: getMetaData returned 3, defaulting to interlaced_flag = 0
02-13 20:36:43.486 31953   399 W qdgralloc: getInterlacedFlag: getMetaData returned 3, defaulting to interlaced_flag = 0
02-13 20:36:43.520 31953   399 W qdgralloc: getInterlacedFlag: getMetaData returned 3, defaulting to interlaced_flag = 0
02-13 20:36:43.561 31953   399 W qdgralloc: getInterlacedFlag: getMetaData returned 3, defaulting to interlaced_flag = 0
02-13 20:36:43.720 31953   399 W qdgralloc: getInterlacedFlag: getMetaData returned 3, defaulting to interlaced_flag = 0
02-13 20:36:43.970 31953   399 W qdgralloc: getInterlacedFlag: getMetaData returned 3, defaulting to interlaced_flag = 0
02-13 20:36:44.505 31953   399 W qdgralloc: getInterlacedFlag: getMetaData returned 3, defaulting to interlaced_flag = 0
02-13 20:36:45.086 31953 13517 E IdleQueuePayloadBasedServiceLayer: Request empty, but still some servings left: 95128
02-13 20:36:45.121 31953  4386 E IdleQueuePayloadBasedServiceLayer: Request empty, but still some servings left: -95128
02-13 20:36:45.833 31953   399 W qdgralloc: getInterlacedFlag: getMetaData returned 3, defaulting to interlaced_flag = 0
02-13 20:36:46.116 25631 25631 I SndPersonalSafety: (REDACTED) Peak of %f at %d, running m%d
02-13 20:36:47.566 31953 13517 E IdleQueuePayloadBasedServiceLayer: Request empty, but still some servings left: 76035
02-13 20:36:47.591 31953  4386 E IdleQueuePayloadBasedServiceLayer: Request empty, but still some servings left: -76035
02-13 20:36:47.838 31953   399 W qdgralloc: getInterlacedFlag: getMetaData returned 3, defaulting to interlaced_flag = 0
02-13 20:36:50.921 31953 13517 E IdleQueuePayloadBasedServiceLayer: Request empty, but still some servings left: 99360
02-13 20:36:50.973 31953  4386 E IdleQueuePayloadBasedServiceLayer: Request empty, but still some servings left: -99360
02-13 20:36:51.927 31953 31953 E stagram.android: No package ID ff found for resource ID 0xffffffff.
02-13 20:36:51.931 31953 31953 E stagram.android: No package ID ff found for resource ID 0xffffffff.
02-13 20:36:51.931 31953 31953 E stagram.android: Invalid resource ID 0x00000002.
02-13 20:36:51.934 31953 31953 E stagram.android: Invalid resource ID 0x00000002.
02-13 20:36:51.934 31953 31953 E stagram.android: Invalid resource ID 0x00000002.
02-13 20:36:51.938 31953 31953 E stagram.android: Invalid resource ID 0x00000002.
02-13 20:36:51.938 31953 31953 E stagram.android: Invalid resource ID 0x00000002.
02-13 20:36:51.941 31953 31953 E stagram.android: Invalid resource ID 0x00000002.
02-13 20:36:51.941 31953 31953 E stagram.android: Invalid resource ID 0x00000002.
02-13 20:36:51.944 31953 31953 E stagram.android: Invalid resource ID 0x00000002.
02-13 20:36:51.987 31953 31953 W D55     : Pos=101 holder=X.2FL@5e7039
02-13 20:36:51.994 31953 15687 W DefaultTrackSelector: Audio channel count constraints cannot be applied without reference to Context. Build the track selector instance with one of the non-deprecated constructors that take a Context argument.
02-13 20:36:51.995 31953 31953 W libc    : Access denied finding property "vendor.display.enable_display_extensions"
02-13 20:36:51.995 31953 15688 W MediaCodecSelectorHelper: Unexpected mime type audio/mp4a-latm
02-13 20:36:51.995 31953 15688 W MediaCodecSelectorHelper: Unexpected mime type audio/mp4a-latm
02-13 20:36:51.995 31953 15688 W MediaCodecSelectorHelper: Unexpected mime type audio/mp4a-latm
02-13 20:36:51.995 31953 15688 W MediaCodecSelectorHelper: Unexpected mime type audio/mp4a-latm
02-13 20:36:51.995 31953 15688 W MediaCodecSelectorHelper: Unexpected mime type audio/mp4a-latm
02-13 20:36:51.995 31953 15688 W MediaCodecSelectorHelper: Unexpected mime type audio/mp4a-latm
02-13 20:36:52.003 31953 15688 W AString : ctor got NULL, using empty string instead
02-13 20:36:52.004 31953 15688 I CCodecBufferChannel: mIsVivoLogEnable = 0
02-13 20:36:52.005 31953 31953 E VideoPlayerImpl: IgBaseVideoPlayer Warning: AV1_INSTANTIATION AV1_INSTANTIATION AV1 decoding using HardwareDecoder;c2.qti.av1.decoder
02-13 20:36:52.006 31953 15692 I CCodec  : setting up 'default' as default (vendor) store
02-13 20:36:52.014 31953 15692 I CCodec  : Created component [c2.qti.av1.decoder]
02-13 20:36:52.023 31953 15692 I CCodecConfig: query failed after returning 18 values (BAD_INDEX)
02-13 20:36:52.023 31953 15692 W ColorUtils: expected specified color aspects (0:0:0:0)
02-13 20:36:52.027 31953 15688 W libc    : Access denied finding property "vendor.vivo.debug.PqSetting.enable"
02-13 20:36:52.032 31953 15691 I MediaCodec: [c2.qti.av1.decoder] setting surface generation to 32719979
02-13 20:36:52.034 31953 15692 W Codec2Client: query -- param skipped: index = 1107298332.
02-13 20:36:52.034 31953 15692 I CCodecConfig: query failed after returning 18 values (BAD_INDEX)
02-13 20:36:52.048 31953 15692 W Codec2Client: query -- param skipped: index = 1342179345.
02-13 20:36:52.048 31953 15692 W Codec2Client: query -- param skipped: index = 2415921170.
02-13 20:36:52.048 31953 15692 W Codec2Client: query -- param skipped: index = 1610614798.
02-13 20:36:52.052 31953 15691 I VivoVideoDumpInfo: property persist.sys.log.ctrl-->no
02-13 20:36:52.052 31953 15691 I VivoVideoDumpInfo: logger is not running,videoDump is disable.
02-13 20:36:52.058 31953 15688 W MediaCodecSelectorHelper: Unexpected mime type audio/mp4a-latm
02-13 20:36:52.059 31953 15688 W AString : ctor got NULL, using empty string instead
02-13 20:36:52.061 31953 15692 I CCodecBufferChannel: [c2.qti.av1.decoder#690] onWorkDone: updating max output delay 22
02-13 20:36:52.063 31953 15688 I CCodecBufferChannel: mIsVivoLogEnable = 0
02-13 20:36:52.065 31953 15701 I CCodec  : setting up 'default' as default (vendor) store
02-13 20:36:52.071 31953 15701 I CCodec  : Created component [c2.android.aac.decoder]
02-13 20:36:52.076 31953 15701 I CCodecConfig: query failed after returning 20 values (BAD_INDEX)
02-13 20:36:52.078 31953 15701 W Codec2Client: query -- param skipped: index = 1107298332.
02-13 20:36:52.078 31953 15701 I CCodecConfig: query failed after returning 20 values (BAD_INDEX)
02-13 20:36:52.079 31953 15701 W Codec2Client: query -- param skipped: index = 1342179345.
02-13 20:36:52.079 31953 15701 W Codec2Client: query -- param skipped: index = 2415921170.
02-13 20:36:52.079 31953 15701 W Codec2Client: query -- param skipped: index = 1610614798.
02-13 20:36:52.079 31953 15701 I CCodecBufferChannel: mIsVivoLogEnable = 0
02-13 20:36:52.088 31953 15688 W AudioSystem: setParameters: PlaybackCaptureProtectSupport=com.instagram.android
02-13 20:36:52.094 31953   399 W qdgralloc: getInterlacedFlag: getMetaData returned 3, defaulting to interlaced_flag = 0
02-13 20:36:52.146 31953   358 W AidlConversionCppNdk: aidl2legacy_AudioChannelLayout_audio_channel_mask_t: no legacy output audio_channel_mask_t found for AudioChannelLayout{layoutMask: 16}
02-13 20:36:52.187 31953 15661 I MediaCodec: ++kWhatRelease   mState :6
02-13 20:36:52.200 31953 15661 I MediaCodec: ++kWhatRelease   mState :2
02-13 20:36:52.201 31953 15661 W MediaCodec: no metrics handle found
02-13 20:36:52.202 31953 15705 I hw-BpHwBinder: onLastStrongRef automatically unlinking death recipients
02-13 20:36:52.226 31953 15707 D AudioTrack: flush(23008): prior state:STATE_PAUSED
02-13 20:36:52.227 31953 15707 D AudioTrack: stop(portId:23008, sessionId:64017): prior state:STATE_FLUSHED
02-13 20:36:52.227 31953   381 D AudioManager: dispatching onPlaybackConfigChanged()
02-13 20:36:52.228 31953 15707 D AudioTrack: stop(portId:23008, sessionId:64017): prior state:STATE_FLUSHED
02-13 20:36:52.228 31953 15707 D AudioTrack: requestExitAndWait start
02-13 20:36:52.228 31953 15707 D AudioTrack: requestExitAndWait end
02-13 20:36:52.228 31953 15671 D CCodecBuffers: [c2.android.aac.decoder#124:1D-Output.Impl[N]] Client returned a buffer it does not own according to our record: 0
02-13 20:36:52.229 31953 15671 I CCodecConfig: query failed after returning 20 values (BAD_INDEX)
02-13 20:36:52.229 31953 15671 W Codec2Client: query -- param skipped: index = 1342179345.
02-13 20:36:52.229 31953 15671 W Codec2Client: query -- param skipped: index = 2415921170.
02-13 20:36:52.229 31953 15671 W Codec2Client: query -- param skipped: index = 1610614798.
02-13 20:36:52.229 31953 15671 D CCodecBufferChannel: [c2.android.aac.decoder#124] start: updating output delay 2
02-13 20:36:52.229 31953   381 D AudioManager: dispatching onPlaybackConfigChanged()
02-13 20:36:52.229 31953   381 D AudioManager: dispatching onPlaybackConfigChanged()
02-13 20:36:52.230 31953 15671 I MediaCodec: ++kWhatRelease   mState :6
02-13 20:36:52.231 31953 15671 I MediaCodec: ++kWhatRelease   mState :2
02-13 20:36:52.231 31953 15671 I hw-BpHwBinder: onLastStrongRef automatically unlinking death recipients
02-13 20:36:52.232 31953 15657 W MessageQueue: Handler (android.os.Handler) {23b7ac3} sending message to a Handler on a dead thread
02-13 20:36:52.232 31953 15657 W MessageQueue: java.lang.IllegalStateException: Handler (android.os.Handler) {23b7ac3} sending message to a Handler on a dead thread
02-13 20:36:52.232 31953 15657 W MessageQueue: 	at android.os.MessageQueue.enqueueMessage(MessageQueue.java:564)
02-13 20:36:52.232 31953 15657 W MessageQueue: 	at android.os.Handler.enqueueMessage(Handler.java:841)
02-13 20:36:52.232 31953 15657 W MessageQueue: 	at android.os.Handler.sendMessageAtTime(Handler.java:737)
02-13 20:36:52.232 31953 15657 W MessageQueue: 	at android.os.Handler.sendMessageDelayed(Handler.java:707)
02-13 20:36:52.232 31953 15657 W MessageQueue: 	at android.os.Handler.sendMessage(Handler.java:645)
02-13 20:36:52.232 31953 15657 W MessageQueue: 	at android.os.Message.sendToTarget(Message.java:472)
02-13 20:36:52.232 31953 15657 W MessageQueue: 	at X.8zQ.A01(Unknown Source:4)
02-13 20:36:52.232 31953 15657 W MessageQueue: 	at X.8zF.G3A(Unknown Source:9)
02-13 20:36:52.232 31953 15657 W MessageQueue: 	at X.8yK.G3A(Unknown Source:11)
