02-13 20:34:09.131 31953   442 E DefaultStreamRef.cpp: trying to start an already started/disconnected stream.
02-13 20:34:09.131 31953   442 E DefaultStreamRef.cpp: trying to start an already started/disconnected stream.
02-13 20:34:09.132 22923 22923 I adbd    : Remote process closed the socket (on MSG_PEEK)
02-13 20:34:09.137 31953   442 E DefaultStreamRef.cpp: trying to start an already started/disconnected stream.
02-13 20:34:09.137 31953   442 E DefaultStreamRef.cpp: trying to start an already started/disconnected stream.
02-13 20:34:09.137 31953   442 E DefaultStreamRef.cpp: trying to start an already started/disconnected stream.
02-13 20:34:09.150  9404  9404 W fbservices:InitStatus: Not blocking Service (193810920)
02-13 20:34:09.152  9404  9404 W fbservices:InitStatus: Not blocking Service (193810920)
02-13 20:34:09.159 31953 31953 W soft_error.cpp: [pando::graphql::PandoGraphQLRequestHybrid::assertValid] : Using a PandoGraphQLRequest after it has been consumed. Query name is IGDirectGetPresenceQuery
02-13 20:34:09.173 31953 12410 D MobileBoostJNI: Memory locked: 16842752, mlock2: 0
02-13 20:34:09.173 31953 12410 D MobileBoostJNI: Failed to lock memory at 0x6d438db000, errno: 12, mlock2: 0
02-13 20:34:09.173 31953 12410 D MobileBoostJNI: Memory locked: 17190912, mlock2: 0
02-13 20:34:09.177 31953 12410 D MobileBoostJNI: Memory locked: 21487616, mlock2: 0
02-13 20:34:09.177 31953 12410 D MobileBoostJNI: Locking complete. Total MB currently locked: 21.487616
02-13 20:34:09.179 31953 31953 W RageShakeSensorHelper: onActivityResume
02-13 20:34:09.179 31953 31953 W RageShakeEligibilityHelper: Showing public rageshake flow
02-13 20:34:09.179 31953 31953 W RageShakeSensorHelper: registerShakeListener started | mRegistered=false
02-13 20:34:09.179 31953 31953 W RageShakeSensorHelper: registerShakeListener registered
02-13 20:34:09.196 31953 31953 W D55     : Pos=80 holder=X.2FL@5e7039
02-13 20:34:09.214 31953 31953 W NonBlockingScreenshotDetectorImpl: Started new screenshot session
02-13 20:34:09.214 31953 31953 W NonBlockingScreenshotDetectorImpl: Started new screenshot session
02-13 20:34:09.214 31953 31953 W NonBlockingScreenshotDetectorImpl: Started new screenshot session
02-13 20:34:09.214 31953 31953 W NonBlockingScreenshotDetectorImpl: Setting active session
02-13 20:34:09.214 31953 31953 W NonBlockingScreenshotDetectorImpl: Now handling 1 active screenshot sessions
02-13 20:34:09.214 31953 31953 W NonBlockingScreenshotDetectorImpl: Setting active session
02-13 20:34:09.214 31953 31953 W NonBlockingScreenshotDetectorImpl: Now handling 2 active screenshot sessions
02-13 20:34:09.214 31953 31953 W NonBlockingScreenshotDetectorImpl: Setting active session
02-13 20:34:09.214 31953 31953 W NonBlockingScreenshotDetectorImpl: Now handling 3 active screenshot sessions
02-13 20:34:09.220 31953 14394 W DefaultTrackSelector: Audio channel count constraints cannot be applied without reference to Context. Build the track selector instance with one of the non-deprecated constructors that take a Context argument.
02-13 20:34:09.234 31953 14397 W MediaCodecSelectorHelper: Unexpected mime type audio/mp4a-latm
02-13 20:34:09.235 31953 14397 W MediaCodecSelectorHelper: Unexpected mime type audio/mp4a-latm
02-13 20:34:09.235 31953 14397 W MediaCodecSelectorHelper: Unexpected mime type audio/mp4a-latm
02-13 20:34:09.235 31953 14397 W MediaCodecSelectorHelper: Unexpected mime type audio/mp4a-latm
02-13 20:34:09.235 31953 14397 W MediaCodecSelectorHelper: Unexpected mime type audio/mp4a-latm
02-13 20:34:09.235 31953 14397 W MediaCodecSelectorHelper: Unexpected mime type audio/mp4a-latm
02-13 20:34:09.246 31953   399 E OpenGLRenderer: Unable to match the desired swap behavior.
02-13 20:34:09.253 31953 12410 W AudioManager: Use of stream types is deprecated for operations other than volume control
02-13 20:34:09.253 31953 12410 W AudioManager: See the documentation of requestAudioFocus() for what to use instead with android.media.AudioAttributes to qualify your playback use case
02-13 20:34:09.254 31953 12410 D AudioManager: requestAudioFocus() from X.13c@5cde258, streamType=3, durationHint=4guaranteedstatus=0
02-13 20:34:09.257 31953 31953 W libc    : Access denied finding property "vendor.display.enable_display_extensions"
02-13 20:34:09.250 31953 31953 W stagram.android: type=1400 audit(0.0:4865889): avc:  denied  { read } for  name="u:object_r:vendor_display_prop:s0" dev="tmpfs" ino=434 scontext=u:r:untrusted_app:s0:c19,c257,c512,c768 tcontext=u:object_r:vendor_display_prop:s0 tclass=file permissive=0 app=com.instagram.android
02-13 20:34:09.266 31953 14397 W AString : ctor got NULL, using empty string instead
02-13 20:34:09.282 31953 14397 I CCodecBufferChannel: mIsVivoLogEnable = 0
02-13 20:34:09.283 31953 14405 D CCodec  : allocate(c2.qti.av1.decoder)
02-13 20:34:09.299 31953 14405 I CCodec  : setting up 'default' as default (vendor) store
02-13 20:34:09.313 31953 31953 W PresenceStore: notify new presence state
02-13 20:34:09.314 31953   960 W DirectInboxStateStore: inboxStateUpdated - num_of_threads: 63
02-13 20:34:09.317 31953 14405 I CCodec  : Created component [c2.qti.av1.decoder]
02-13 20:34:09.318 31953  4386 W soft_error.cpp: [pando::graphql::PandoGraphQLRequestHybrid::assertValid] : Using a PandoGraphQLRequest after it has been consumed. Query name is ScreenTimeSyncMutation
02-13 20:34:09.318 31953   960 W DirectInboxStateStore: inboxStateUpdated filtered - num_of_threads: 63
02-13 20:34:09.320 31953 14405 D CCodecConfig: read media type: video/av01
02-13 20:34:09.323 31953 14405 D ReflectedParamUpdater: extent() != 1 for single value type: vendor.qti-ext-transcode-info-stats.stats_info
02-13 20:34:09.323 31953 14405 D ReflectedParamUpdater: ignored struct field vendor.input.configs.portConfigs
02-13 20:34:09.324 31953 14405 D ReflectedParamUpdater: extent() != 1 for single value type: vendor.qti-ext-vpp-extradata.extradata-types
02-13 20:34:09.326 31953 14405 D ReflectedParamUpdater: extent() != 1 for single value type: output.subscribed-indices.values
02-13 20:34:09.328 31953 31953 E VideoPlayerImpl: IgBaseVideoPlayer Warning: AV1_INSTANTIATION AV1_INSTANTIATION AV1 decoding using HardwareDecoder;c2.qti.av1.decoder
02-13 20:34:09.329 31953 14405 D ReflectedParamUpdater: ignored struct field vendor.output.configs.portConfigs
02-13 20:34:09.330 31953 14405 D ReflectedParamUpdater: extent() != 1 for single value type: output.buffers.pool-ids.values
02-13 20:34:09.330 31953 14405 D CCodecConfig: ignoring local param raw.size (0xd2001800) as it is already supported
02-13 20:34:09.332 31953 14405 D CCodecConfig: ignoring local param default.color (0x5200180b) as it is already supported
02-13 20:34:09.332 31953 14405 D CCodecConfig: ignoring local param raw.hdr-static-info (0xd200180a) as it is already supported
02-13 20:34:09.333 14418 14418 I vivo.numbermark: Using CollectorTypeCMC GC.
02-13 20:34:09.335 31953 14405 I CCodecConfig: query failed after returning 18 values (BAD_INDEX)
02-13 20:34:09.335 31953 31953 W NonBlockingScreenshotDetectorImpl: Resigning active session
02-13 20:34:09.335 31953 31953 W NonBlockingScreenshotDetectorImpl: Now handling 2 active screenshot sessions
02-13 20:34:09.335 31953 31953 W NonBlockingScreenshotDetectorImpl: Resigning active session
02-13 20:34:09.335 31953 31953 W NonBlockingScreenshotDetectorImpl: Now handling 1 active screenshot sessions
02-13 20:34:09.335 31953 31953 W NonBlockingScreenshotDetectorImpl: Resigning active session
02-13 20:34:09.335 31953 31953 W NonBlockingScreenshotDetectorImpl: Now handling 0 active screenshot sessions
02-13 20:34:09.335 31953 14405 W ColorUtils: expected specified color aspects (0:0:0:0)
02-13 20:34:09.336 31953 31953 W RageShakeSensorHelper: onActivityPause
02-13 20:34:09.336 31953 31953 W RageShakeSensorHelper: unregisterShakeListener started | mRegistered=true
02-13 20:34:09.336 31953 31953 W RageShakeSensorHelper: unregisterShakeListener unregistered
02-13 20:34:09.337 31953 14397 W libc    : Access denied finding property "vendor.vivo.debug.PqSetting.enable"
02-13 20:34:09.337 31953 14397 D MediaCodec: get client pid:31953
02-13 20:34:09.337 31953 14397 D MediaCodec: client name com.instagram.android
02-13 20:34:09.340 14418 14418 D nativeloader: Load libframework-connectivity-tiramisu-jni.so using APEX ns com_android_tethering for caller /apex/com.android.tethering/javalib/framework-connectivity-t.jar: ok
02-13 20:34:09.347 27288 26166 I dyom    : (REDACTED) appOpsListener %s %s
02-13 20:34:09.347 27288 26166 I dyom    : (REDACTED) Ignoring irrelevant audio permission changes for package %s
02-13 20:34:09.356 31953 14404 D MediaCodec: flushMediametrics
02-13 20:34:09.356 31953 14404 D SurfaceUtils: connecting to surface 0xb400006fa4d0cce0, reason connectToSurface
02-13 20:34:09.357 31953 14404 I MediaCodec: [c2.qti.av1.decoder] setting surface generation to 32719957
02-13 20:34:09.357 31953 14404 D SurfaceUtils: disconnecting from surface 0xb400006fa4d0cce0, reason connectToSurface(reconnect)
02-13 20:34:09.357 31953 14404 D SurfaceUtils: connecting to surface 0xb400006fa4d0cce0, reason connectToSurface(reconnect)
02-13 20:34:09.358 31953 14405 D CCodec  : [c2.qti.av1.decoder] buffers are bound to CCodec for this session
02-13 20:34:09.363 31953 14405 W Codec2Client: query -- param skipped: index = 1107298332.
02-13 20:34:09.363 31953 14405 D CCodec  : encoding statistics level = 0
02-13 20:34:09.363 31953 14405 D CCodec  : setup formats input: AMessage(what = 0x00000000) = {
02-13 20:34:09.363 31953 14405 D CCodec  :   int32_t feature-secure-playback = 0
02-13 20:34:09.363 31953 14405 D CCodec  :   int32_t frame-rate = 30
02-13 20:34:09.363 31953 14405 D CCodec  :   int32_t height = 1280
02-13 20:34:09.363 31953 14405 D CCodec  :   int32_t max-input-size = 3919872
02-13 20:34:09.363 31953 14405 D CCodec  :   string mime = "video/av01"
02-13 20:34:09.363 31953 14405 D CCodec  :   int32_t priority = 0
02-13 20:34:09.363 31953 14405 D CCodec  :   int32_t profile = 1
02-13 20:34:09.363 31953 14405 D CCodec  :   int32_t width = 720
02-13 20:34:09.363 31953 14405 D CCodec  :   Rect crop(0, 0, 719, 1279)
02-13 20:34:09.363 31953 14405 D CCodec  : }
02-13 20:34:09.363 31953 14405 D CCodec  : setup formats output: AMessage(what = 0x00000000) = {
02-13 20:34:09.363 31953 14405 D CCodec  :   int32_t android._color-format = 0
02-13 20:34:09.363 31953 14405 D CCodec  :   int32_t android._video-scaling = 1
02-13 20:34:09.363 31953 14405 D CCodec  :   int32_t android._dataspace = 260
02-13 20:34:09.363 31953 14405 D CCodec  :   int32_t color-standard = 1
02-13 20:34:09.363 31953 14405 D CCodec  :   int32_t color-range = 2
02-13 20:34:09.363 31953 14405 D CCodec  :   int32_t color-transfer = 3
02-13 20:34:09.363 31953 14405 D CCodec  :   int32_t sar-height = 1
02-13 20:34:09.363 31953 14405 D CCodec  :   int32_t rotation-degrees = 0
02-13 20:34:09.363 31953 14405 D CCodec  :   Buffer hdr-static-info = {
02-13 20:34:09.363 31953 14405 D CCodec  :     00000000:  00 00 00 00 00 00 00 00  00 00 00 00 00 00 00 00  ................
02-13 20:34:09.363 31953 14405 D CCodec  :     00000010:  00 00 00 00 00 00 00 00  00                       .........
02-13 20:34:09.363 31953 14405 D CCodec  :   }
02-13 20:34:09.363 31953 14405 D CCodec  :   int32_t sar-width = 1
02-13 20:34:09.363 31953 14405 D CCodec  :   Rect crop(0, 0, 719, 1279)
02-13 20:34:09.363 31953 14405 D CCodec  :   int32_t width = 720
02-13 20:34:09.363 31953 14405 D CCodec  :   int32_t feature-secure-playback = 0
02-13 20:34:09.363 31953 14405 D CCodec  :   int32_t frame-rate = 30
02-13 20:34:09.363 31953 14405 D CCodec  :   Buffer hdr10-plus-info = {
02-13 20:34:09.363 31953 14405 D CCodec  :   }
02-13 20:34:09.363 31953 14405 D CCodec  :   int32_t height = 1280
02-13 20:34:09.363 31953 14405 D CCodec  :   int32_t max-height = 1280
02-13 20:34:09.363 31953 14405 D CCodec  :   int32_t max-width = 720
02-13 20:34:09.363 31953 14405 D CCodec  :   string mime = "video/raw"
02-13 20:34:09.363 31953 14405 D CCodec  :   int32_t priority = 0
02-13 20:34:09.363 31953 14405 D CCodec  :   int32_t color-format = 2130708361
02-13 20:34:09.363 31953 14405 D CCodec  : }
02-13 20:34:09.364 31953 14405 I CCodecConfig: query failed after returning 18 values (BAD_INDEX)
02-13 20:34:09.366  7423 21583 D EventBus: No subscribers registered for event class p1.a
02-13 20:34:09.366  7423 21583 D EventBus: No subscribers registered for event class w6.h
02-13 20:34:09.369 31953 31953 E SlowAppComponent: 0ms: KeepWarmReceiver instantiating…
02-13 20:34:09.371 31953 31953 E SlowAppComponent: 46ms: KeepWarmReceiver instantiating…
02-13 20:34:09.371 31953 31953 E SlowAppComponent: Main thread was blocked for 92ms in the foreground starting with KeepWarmReceiver
02-13 20:34:09.378 14418 14418 D CompatibilityChangeReporter: Compat change id reported: 171979766; UID 10098; state: ENABLED
02-13 20:34:09.378 14418 14418 D CompatibilityChangeReporter: Compat change id reported: 242716250; UID 10098; state: ENABLED
02-13 20:34:09.386 31953   633 D BufferPoolAccessor2.0: bufferpool2 0xb400006ef4f74b38 : 0(0 size) total buffers - 0(0 size) used buffers - 18/25 (recycle/alloc) - 12/30 (fetch/transfer)
02-13 20:34:09.387 31953   633 D BufferPoolAccessor2.0: Destruction - bufferpool2 0xb400006ef4f74b38 cached: 0/0M, 0/0% in use; allocs: 25, 72% recycled; transfers: 30, 60% unfetched
02-13 20:34:09.387 31953   633 D BufferPoolAccessor2.0: bufferpool2 0xb400006ef4fec5f8 : 0(0 size) total buffers - 0(0 size) used buffers - 222/229 (recycle/alloc) - 7/234 (fetch/transfer)
02-13 20:34:09.387 31953   633 D BufferPoolAccessor2.0: Destruction - bufferpool2 0xb400006ef4fec5f8 cached: 0/0M, 0/0% in use; allocs: 229, 97% recycled; transfers: 234, 97% unfetched
02-13 20:34:09.387 31953   633 D BufferPoolAccessor2.0: bufferpool2 0xb400006ef4cc3248 : 0(0 size) total buffers - 0(0 size) used buffers - 53/60 (recycle/alloc) - 7/65 (fetch/transfer)
02-13 20:34:09.387 31953   633 D BufferPoolAccessor2.0: Destruction - bufferpool2 0xb400006ef4cc3248 cached: 0/0M, 0/0% in use; allocs: 60, 88% recycled; transfers: 65, 89% unfetched
02-13 20:34:09.388 31953 14405 W Codec2Client: query -- param skipped: index = 1342179345.
02-13 20:34:09.388 31953 14405 W Codec2Client: query -- param skipped: index = 2415921170.
02-13 20:34:09.388 31953 14405 W Codec2Client: query -- param skipped: index = 1610614798.
02-13 20:34:09.389 31953   633 D BufferPoolAccessor2.0: bufferpool2 0xb400006ef4c9d468 : 0(0 size) total buffers - 0(0 size) used buffers - 126/132 (recycle/alloc) - 7/137 (fetch/transfer)
02-13 20:34:09.389 31953 14405 D CCodecBufferChannel: [c2.qti.av1.decoder#705] Query input allocators returned 0 params => BAD_INDEX (6)
02-13 20:34:09.389 31953   633 D BufferPoolAccessor2.0: Destruction - bufferpool2 0xb400006ef4c9d468 cached: 0/0M, 0/0% in use; allocs: 132, 95% recycled; transfers: 137, 95% unfetched
02-13 20:34:09.392 31953 14405 D CCodecBufferChannel: [c2.qti.av1.decoder#705] start: max output delay 23
02-13 20:34:09.393 31953 14405 D CCodecBufferChannel: [c2.qti.av1.decoder#705] Query output allocators returned 0 params => BAD_INDEX (6)
02-13 20:34:09.393 31953 14405 D CCodecBufferChannel: [c2.qti.av1.decoder#705] Query output surface allocator returned 0 params => BAD_INDEX (6)
02-13 20:34:09.394 31953 14405 D Codec2-OutputBufferQueue: remote graphic buffer migration 0/0
02-13 20:34:09.397 31953 14405 D Codec2Client: setOutputSurface -- failed to set consumer usage (6/BAD_INDEX)
02-13 20:34:09.397 31953 14405 D Codec2Client: setOutputSurface -- generation=32719957 consumer usage=0x900
02-13 20:34:09.406 31953 14405 D Codec2Client: Surface configure completed
02-13 20:34:09.406 31953 14405 D CCodecBufferChannel: [c2.qti.av1.decoder#705] start: updating output delay 12
02-13 20:34:09.410 31953 14404 I VivoVideoDumpInfo: property persist.sys.log.ctrl-->no
02-13 20:34:09.410 31953 14404 I VivoVideoDumpInfo: logger is not running,videoDump is disable.
02-13 20:34:09.414 14418 14418 D nativeloader: Configuring clns-shared-4 for other apk /system/priv-app/NumberMark/NumberMark.apk. target_sdk_version=34, uses_libraries=, library_path=/system/priv-app/NumberMark/lib/arm64:/system/priv-app/NumberMark/NumberMark.apk!/lib/arm64-v8a:/system/lib64:/system_ext/lib64, permitted_path=/data:/mnt/expand:/data/user_de/0/com.vivo.numbermark:/system/priv-app/NumberMark:/system/lib64:/system_ext/lib64
02-13 20:34:09.426 31953 14397 W MediaCodecSelectorHelper: Unexpected mime type audio/mp4a-latm
02-13 20:34:09.427 31953 14405 D CCodecBufferChannel: [c2.qti.av1.decoder#705] onWorkDone: updating output delay 17
02-13 20:34:09.427 31953 14405 I CCodecBufferChannel: [c2.qti.av1.decoder#705] onWorkDone: updating max output delay 24
02-13 20:34:09.428 31953 14405 D Codec2-OutputBufferQueue: set max dequeue count 24 from update
02-13 20:34:09.430 14418 14418 D nativeloader: Load libframework-connectivity-jni.so using APEX ns com_android_tethering for caller /apex/com.android.tethering/javalib/framework-connectivity.jar: ok
02-13 20:34:09.430 31953 14397 W AString : ctor got NULL, using empty string instead
02-13 20:34:09.433 14418 14418 V GraphicsEnvironment: Currently set values for:
02-13 20:34:09.433 14418 14418 V GraphicsEnvironment:   angle_gl_driver_selection_pkgs=[]
02-13 20:34:09.433 14418 14418 V GraphicsEnvironment:   angle_gl_driver_selection_values=[]
02-13 20:34:09.433 31953 14397 I CCodecBufferChannel: mIsVivoLogEnable = 0
02-13 20:34:09.433 14418 14418 V GraphicsEnvironment: ANGLE GameManagerService for com.vivo.numbermark: false
02-13 20:34:09.433 14418 14418 V GraphicsEnvironment: com.vivo.numbermark is not listed in per-application setting
02-13 20:34:09.433 31953 14449 D CCodec  : allocate(c2.android.aac.decoder)
02-13 20:34:09.436 31953 14449 I CCodec  : setting up 'default' as default (vendor) store
02-13 20:34:09.440 14418 14435 D CompatibilityChangeReporter: Compat change id reported: 247079863; UID 10098; state: ENABLED
02-13 20:34:09.440 14418 14451 E ActivityThread: Failed to find provider info for com.voconfig.globalsettings.provider
02-13 20:34:09.441 14418 14451 E ActivityThread: Failed to find provider info for com.voconfig.globalsettings.provider
02-13 20:34:09.454 31953   633 D PipelineWatcher: onInputBufferReleased: frameIndex not found (4); ignored
02-13 20:34:09.490 14418 14435 I System.out: Searcher: :(),
02-13 20:34:09.490 14418 14435 I System.out: Searcher: Searching take 0.021 s
02-13 20:34:09.496 31953   633 D BufferPoolAccessor2.0: bufferpool2 0xb400006ef4fe2668 : 0(0 size) total buffers - 0(0 size) used buffers - 212/222 (recycle/alloc) - 9/217 (fetch/transfer)
02-13 20:34:09.496 31953   633 D BufferPoolAccessor2.0: Destruction - bufferpool2 0xb400006ef4fe2668 cached: 0/0M, 0/0% in use; allocs: 222, 95% recycled; transfers: 217, 96% unfetched
02-13 20:34:09.496 31953   633 D BufferPoolAccessor2.0: bufferpool2 0xb400006ef4fb95a8 : 0(0 size) total buffers - 0(0 size) used buffers - 47/57 (recycle/alloc) - 10/52 (fetch/transfer)
02-13 20:34:09.496 31953   633 D BufferPoolAccessor2.0: Destruction - bufferpool2 0xb400006ef4fb95a8 cached: 0/0M, 0/0% in use; allocs: 57, 82% recycled; transfers: 52, 81% unfetched
02-13 20:34:09.497 31953   633 D BufferPoolAccessor2.0: bufferpool2 0xb400006ef4fd3148 : 0(0 size) total buffers - 0(0 size) used buffers - 98/103 (recycle/alloc) - 5/98 (fetch/transfer)
02-13 20:34:09.497 31953   633 D BufferPoolAccessor2.0: Destruction - bufferpool2 0xb400006ef4fd3148 cached: 0/0M, 0/0% in use; allocs: 103, 95% recycled; transfers: 98, 95% unfetched
02-13 20:34:09.499 31953 14449 I CCodec  : Created component [c2.android.aac.decoder]
02-13 20:34:09.500 31953 14449 D CCodecConfig: read media type: audio/mp4a-latm
02-13 20:34:09.501 31953 14449 D ReflectedParamUpdater: extent() != 1 for single value type: algo.buffers.max-count.values
02-13 20:34:09.501 31953 14449 D ReflectedParamUpdater: extent() != 1 for single value type: output.subscribed-indices.values
02-13 20:34:09.501 31953 14449 D ReflectedParamUpdater: extent() != 1 for single value type: input.buffers.allocator-ids.values
02-13 20:34:09.501 31953 14449 D ReflectedParamUpdater: extent() != 1 for single value type: output.buffers.allocator-ids.values
02-13 20:34:09.501 31953 14449 D ReflectedParamUpdater: extent() != 1 for single value type: algo.buffers.allocator-ids.values
02-13 20:34:09.502 31953 14449 D ReflectedParamUpdater: extent() != 1 for single value type: output.buffers.pool-ids.values
02-13 20:34:09.502 31953 14449 D ReflectedParamUpdater: extent() != 1 for single value type: algo.buffers.pool-ids.values
02-13 20:34:09.504 31953 14449 I CCodecConfig: query failed after returning 20 values (BAD_INDEX)
02-13 20:34:09.509 31953   353 I stagram.android: Background concurrent mark compact GC freed 18MB AllocSpace bytes, 73(7276KB) LOS objects, 23% free, 76MB/100MB, paused 1.121ms,3.137ms total 303.390ms
02-13 20:34:09.510 31953 14397 D MediaCodec: get client pid:31953
02-13 20:34:09.510 31953 14397 D MediaCodec: client name com.instagram.android
02-13 20:34:09.510 31953 14449 D MediaCodec: flushMediametrics
02-13 20:34:09.511 31953 14449 D CCodec  : [c2.android.aac.decoder] buffers are bound to CCodec for this session
02-13 20:34:09.511 31953 14449 W Codec2Client: query -- param skipped: index = 1107298332.
02-13 20:34:09.511 31953 14449 D CCodec  : encoding statistics level = 0
02-13 20:34:09.511 31953 14449 D CCodec  : setup formats input: AMessage(what = 0x00000000) = {
02-13 20:34:09.511 31953 14449 D CCodec  :   int32_t aac-drc-album-mode = 0
02-13 20:34:09.511 31953 14449 D CCodec  :   int32_t aac-drc-boost-level = 127
02-13 20:34:09.511 31953 14449 D CCodec  :   int32_t aac-drc-cut-level = 127
02-13 20:34:09.511 31953 14449 D CCodec  :   int32_t aac-drc-effect-type = 3
02-13 20:34:09.511 31953 14449 D CCodec  :   int32_t aac-encoded-target-level = -1
02-13 20:34:09.511 31953 14449 D CCodec  :   int32_t aac-max-output-channel_count = 8
02-13 20:34:09.511 31953 14449 D CCodec  :   int32_t aac-target-ref-level = 56
02-13 20:34:09.511 31953 14449 D CCodec  :   int32_t bitrate = 64000
02-13 20:34:09.511 31953 14449 D CCodec  :   int32_t channel-count = 2
02-13 20:34:09.511 31953 14449 D CCodec  :   int32_t channel-mask = 0
02-13 20:34:09.511 31953 14449 D CCodec  :   int32_t level = 0
02-13 20:34:09.511 31953 14449 D CCodec  :   int32_t max-input-size = 8192
02-13 20:34:09.511 31953 14449 D CCodec  :   int32_t max-output-channel-count = 8
02-13 20:34:09.511 31953 14449 D CCodec  :   string mime = "audio/mp4a-latm"
02-13 20:34:09.511 31953 14449 D CCodec  :   int32_t profile = 2
02-13 20:34:09.511 31953 14449 D CCodec  :   int32_t sample-rate = 44100
02-13 20:34:09.511 31953 14449 D CCodec  : }
02-13 20:34:09.512 31953 14449 D CCodec  : setup formats output: AMessage(what = 0x00000000) = {
02-13 20:34:09.512 31953 14449 D CCodec  :   int32_t aac-drc-album-mode = 0
02-13 20:34:09.512 31953 14449 D CCodec  :   int32_t aac-drc-boost-level = 127
02-13 20:34:09.512 31953 14449 D CCodec  :   int32_t aac-drc-cut-level = 127
02-13 20:34:09.512 31953 14449 D CCodec  :   int32_t aac-drc-effect-type = 3
02-13 20:34:09.512 31953 14449 D CCodec  :   int32_t aac-drc-output-loudness = -1
02-13 20:34:09.512 31953 14449 D CCodec  :   int32_t aac-encoded-target-level = -1
02-13 20:34:09.512 31953 14449 D CCodec  :   int32_t aac-max-output-channel_count = 8
02-13 20:34:09.512 31953 14449 D CCodec  :   int32_t aac-target-ref-level = 56
02-13 20:34:09.512 31953 14449 D CCodec  :   int32_t channel-count = 2
02-13 20:34:09.512 31953 14449 D CCodec  :   int32_t channel-mask = 0
02-13 20:34:09.512 31953 14449 D CCodec  :   int32_t max-output-channel-count = 8
02-13 20:34:09.512 31953 14449 D CCodec  :   string mime = "audio/raw"
02-13 20:34:09.512 31953 14449 D CCodec  :   int32_t sample-rate = 44100
02-13 20:34:09.512 31953 14449 D CCodec  :   int32_t android._config-pcm-encoding = 2
02-13 20:34:09.512 31953 14449 D CCodec  : }
02-13 20:34:09.512 31953 14449 I CCodecConfig: query failed after returning 20 values (BAD_INDEX)
02-13 20:34:09.523 31953 14449 W Codec2Client: query -- param skipped: index = 1342179345.
02-13 20:34:09.523 31953 14449 W Codec2Client: query -- param skipped: index = 2415921170.
02-13 20:34:09.523 31953 14449 W Codec2Client: query -- param skipped: index = 1610614798.
02-13 20:34:09.523 31953 14449 I CCodecBufferChannel: mIsVivoLogEnable = 0
02-13 20:34:09.530 31953 14449 D CCodecBufferChannel: [c2.android.aac.decoder#796] start: updating output delay 2
02-13 20:34:09.546 31953 14449 D CCodecBuffers: [c2.android.aac.decoder#796:Output[N]] popFromStashAndRegister: at 1000000000000us, output format changed to AMessage(what = 0x00000000) = {
02-13 20:34:09.546 31953 14449 D CCodecBuffers:   int32_t aac-drc-album-mode = 0
02-13 20:34:09.546 31953 14449 D CCodecBuffers:   int32_t aac-drc-boost-level = 127
02-13 20:34:09.546 31953 14449 D CCodecBuffers:   int32_t aac-drc-cut-level = 127
02-13 20:34:09.546 31953 14449 D CCodecBuffers:   int32_t aac-drc-effect-type = 3
02-13 20:34:09.546 31953 14449 D CCodecBuffers:   int32_t aac-drc-output-loudness = 56
02-13 20:34:09.546 31953 14449 D CCodecBuffers:   int32_t aac-encoded-target-level = -1
02-13 20:34:09.546 31953 14449 D CCodecBuffers:   int32_t aac-max-output-channel_count = 8
02-13 20:34:09.546 31953 14449 D CCodecBuffers:   int32_t aac-target-ref-level = 56
02-13 20:34:09.546 31953 14449 D CCodecBuffers:   int32_t channel-count = 2
02-13 20:34:09.546 31953 14449 D CCodecBuffers:   int32_t channel-mask = 12
02-13 20:34:09.546 31953 14449 D CCodecBuffers:   int32_t max-output-channel-count = 8
02-13 20:34:09.546 31953 14449 D CCodecBuffers:   string mime = "audio/raw"
02-13 20:34:09.546 31953 14449 D CCodecBuffers:   int32_t sample-rate = 44100
02-13 20:34:09.546 31953 14449 D CCodecBuffers:   int32_t android._config-pcm-encoding = 2
02-13 20:34:09.546 31953 14449 D CCodecBuffers: }
02-13 20:34:09.546 31953 14449 E MediaCodec: [decoder] audio output stuck act:46 ms, cal:0 ms
02-13 20:34:09.546 31953 14449 E MediaCodec: [decoder] audio output stuck act:46 ms, cal:0 ms
02-13 20:34:09.546 31953 14449 E MediaCodec: [decoder] audio output stuck act:46 ms, cal:0 ms
02-13 20:34:09.547 31953 14404 D CCodecBufferChannel: [c2.qti.av1.decoder#705] first render dataSpace=260
02-13 20:34:09.547 31953 12410 W AudioManager: Use of stream types is deprecated for operations other than volume control
02-13 20:34:09.547 31953 12410 W AudioManager: See the documentation of requestAudioFocus() for what to use instead with android.media.AudioAttributes to qualify your playback use case
02-13 20:34:09.548 31953 12410 D AudioManager: requestAudioFocus() from X.13c@5cde258, streamType=3, durationHint=4guaranteedstatus=0
02-13 20:34:09.557 31953 14449 D MediaCodec: get mPcmBytesMs = 176.399994
02-13 20:34:09.568 31953 14397 D AudioTrack: set(): Building AudioTrack with attributes: usage=1 content=0 flags=0xa00 tags=[]
02-13 20:34:09.569 31953 14397 W AudioSystem: setParameters: PlaybackCaptureProtectSupport=com.instagram.android
02-13 20:34:09.570  2788  4161 D BatteryStatsService: notePemString  noteWhich: 49,arg1: 1386, arg2: 2464, arg3: 31953, arg4: 11324, name: com.instagram.android
02-13 20:34:09.572 31953 14397 D AudioTrack: get APPSharePck NULL
02-13 20:34:09.578 31953   399 W qdgralloc: getInterlacedFlag: getMetaData returned 3, defaulting to interlaced_flag = 0
02-13 20:34:09.611 31953 14397 D AudioTrack: start(portId:22986, sessionId:63841): prior state:STATE_STOPPED
02-13 20:34:09.622 31953   381 D AudioManager: dispatching onPlaybackConfigChanged()
02-13 20:34:09.677  2788  3070 I ActivityTaskManager: Displayed com.android.incallui/.InCallActivity for user 0: +378ms
02-13 20:34:09.701 27288 27472 W AidlConversionCppNdk: aidl2legacy_AudioChannelLayout_audio_channel_mask_t: no legacy output audio_channel_mask_t found for AudioChannelLayout{layoutMask: 16}
02-13 20:34:09.704 32372 32372 I GoogleInputMethodService: GoogleInputMethodService.onFinishInput():2099 
02-13 20:34:09.704 32372 32372 I Module  : DeviceLockedStatusModuleProvider$Module.updateDeviceLockedStatus():103 repeatCheckTimes = 0, locked = false
02-13 20:34:09.704 32372 32372 I GoogleInputMethodService: GoogleInputMethodService.onStartInput():1371 onStartInput(EditorInfo{EditorInfo{packageName=com.android.incallui, inputType=0, inputTypeString=NULL, enableLearning=false, autoCorrection=false, autoComplete=false, imeOptions=0, privateImeOptions=null, actionName=UNSPECIFIED, actionLabel=null, initialSelStart=-1, initialSelEnd=-1, initialCapsMode=0, label=null, fieldId=0, fieldName=null, extras=null, hintText=null, hintLocales=[]}}, false)
02-13 20:34:09.704 32372 32372 I Module  : DeviceLockedStatusModuleProvider$Module.updateDeviceLockedStatus():103 repeatCheckTimes = 1, locked = false
02-13 20:34:09.708 31953 12756 W AidlConversionCppNdk: aidl2legacy_AudioChannelLayout_audio_channel_mask_t: no legacy output audio_channel_mask_t found for AudioChannelLayout{layoutMask: 16}
02-13 20:34:09.713 31953 12756 W AidlConversionCppNdk: aidl2legacy_AudioChannelLayout_audio_channel_mask_t: no legacy output audio_channel_mask_t found for AudioChannelLayout{layoutMask: 16}
02-13 20:34:09.713 31953   381 D AudioManager: dispatching onPlaybackConfigChanged()
02-13 20:34:09.713 31953   381 D AudioManager: dispatching onPlaybackConfigChanged()
02-13 20:34:09.723 31953 14397 D AudioTrack: pause(22986): prior state:STATE_ACTIVE
02-13 20:34:09.750 31953   381 D AudioManager: dispatching onPlaybackConfigChanged()
02-13 20:34:09.751 22923 22923 W adbd    : timeout expired while reading data after flushing socket, closing
02-13 20:34:09.896 31953   419 W MultiSignalANRDetectorLacrima: Moving to background
02-13 20:34:09.905 31953 31953 W BackgroundStartupDetector: bgMode=BACKGROUND
02-13 20:34:09.912 31953 14404 I MediaCodec: ++kWhatRelease   mState :6
02-13 20:34:09.934 31953 14404 I MediaCodec: ++kWhatRelease   mState :2
02-13 20:34:09.936 31953 14404 W MediaCodec: no metrics handle found
02-13 20:34:09.939 31953 14449 I CCodecConfig: query failed after returning 20 values (BAD_INDEX)
02-13 20:34:09.939 31953 14449 W Codec2Client: query -- param skipped: index = 1342179345.
02-13 20:34:09.939 31953 14449 W Codec2Client: query -- param skipped: index = 2415921170.
02-13 20:34:09.939 31953 14449 W Codec2Client: query -- param skipped: index = 1610614798.
02-13 20:34:09.941 31953 14449 I MediaCodec: ++kWhatRelease   mState :6
02-13 20:34:09.942 31953 14405 I hw-BpHwBinder: onLastStrongRef automatically unlinking death recipients
02-13 20:34:09.943 31953 14449 I MediaCodec: ++kWhatRelease   mState :2
02-13 20:34:09.945 31953 14394 W MessageQueue: Handler (android.os.Handler) {fb384e1} sending message to a Handler on a dead thread
02-13 20:34:09.945 31953 14394 W MessageQueue: java.lang.IllegalStateException: Handler (android.os.Handler) {fb384e1} sending message to a Handler on a dead thread
02-13 20:34:09.945 31953 14394 W MessageQueue: 	at android.os.MessageQueue.enqueueMessage(MessageQueue.java:564)
02-13 20:34:09.945 31953 14394 W MessageQueue: 	at android.os.Handler.enqueueMessage(Handler.java:841)
02-13 20:34:09.945 31953 14394 W MessageQueue: 	at android.os.Handler.sendMessageAtTime(Handler.java:737)
02-13 20:34:09.945 31953 14394 W MessageQueue: 	at android.os.Handler.sendMessageDelayed(Handler.java:707)
02-13 20:34:09.945 31953 14394 W MessageQueue: 	at android.os.Handler.sendMessage(Handler.java:645)
02-13 20:34:09.945 31953 14394 W MessageQueue: 	at android.os.Message.sendToTarget(Message.java:472)
02-13 20:34:09.945 31953 14394 W MessageQueue: 	at X.8zQ.A01(Unknown Source:4)
02-13 20:34:09.945 31953 14394 W MessageQueue: 	at X.8zF.G3A(Unknown Source:9)
02-13 20:34:09.945 31953 14394 W MessageQueue: 	at X.8yK.G3A(Unknown Source:11)
02-13 20:34:09.945 31953 14394 W MessageQueue: 	at X.3eP.A08(Unknown Source:126)
02-13 20:34:09.945 31953 14394 W MessageQueue: 	at X.3eP.handleMessage(Unknown Source:1551)
02-13 20:34:09.945 31953 14394 W MessageQueue: 	at android.os.Handler.dispatchMessage(Handler.java:104)
02-13 20:34:09.945 31953 14394 W MessageQueue: 	at android.os.Looper.loopOnce(Looper.java:226)
02-13 20:34:09.945 31953 14394 W MessageQueue: 	at android.os.Looper.loop(Looper.java:328)
02-13 20:34:09.945 31953 14394 W MessageQueue: 	at android.os.HandlerThread.run(HandlerThread.java:67)
02-13 20:34:09.945 31953 14394 W MessageQueue: Handler (android.os.Handler) {acef0c7} sending message to a Handler on a dead thread
02-13 20:34:09.945 31953 14394 W MessageQueue: java.lang.IllegalStateException: Handler (android.os.Handler) {acef0c7} sending message to a Handler on a dead thread
02-13 20:34:09.945 31953 14394 W MessageQueue: 	at android.os.MessageQueue.enqueueMessage(MessageQueue.java:564)
02-13 20:34:09.945 31953 14394 W MessageQueue: 	at android.os.Handler.enqueueMessage(Handler.java:841)
02-13 20:34:09.945 31953 14394 W MessageQueue: 	at android.os.Handler.sendMessageAtFrontOfQueue(Handler.java:760)
02-13 20:34:09.945 31953 14394 W MessageQueue: 	at X.8Kz.FlO(Unknown Source:8)
02-13 20:34:09.945 31953 14394 W MessageQueue: 	at X.8KA.A01(Unknown Source:29)
02-13 20:34:09.945 31953 14394 W MessageQueue: 	at X.8yK.G3A(Unknown Source:29)
02-13 20:34:09.945 31953 14394 W MessageQueue: 	at X.3eP.A08(Unknown Source:126)
02-13 20:34:09.945 31953 14394 W MessageQueue: 	at X.3eP.handleMessage(Unknown Source:1551)
02-13 20:34:09.945 31953 14394 W MessageQueue: 	at android.os.Handler.dispatchMessage(Handler.java:104)
02-13 20:34:09.945 31953 14394 W MessageQueue: 	at android.os.Looper.loopOnce(Looper.java:226)
02-13 20:34:09.945 31953 14394 W MessageQueue: 	at android.os.Looper.loop(Looper.java:328)
02-13 20:34:09.945 31953 14394 W MessageQueue: 	at android.os.HandlerThread.run(HandlerThread.java:67)
02-13 20:34:09.946 31953 14449 I hw-BpHwBinder: onLastStrongRef automatically unlinking death recipients
02-13 20:34:09.947 31953 14449 W MediaCodec: no metrics handle found
02-13 20:34:10.052 31953 13517 W soft_error.cpp: [pando::graphql::PandoGraphQLRequestHybrid::assertValid] : Using a PandoGraphQLRequest after it has been consumed. Query name is ScreenTimeSyncMutation
02-13 20:34:10.382 25631 25631 I BankScamCallService: Call state changed to disconnected [CONTEXT service_id=435 ]
02-13 20:34:10.383 25631 25631 I BankScamCallService: DNO: DNO call tracking disabled by flag. [CONTEXT service_id=435 ]
02-13 20:34:10.383 25210 26090 E imsd    : ImsDsiNetCtrlWrapper.cpp | 209 | | 26090 |ImsDsiNetCtrlWrapper : dsiNetCtrlCB - received event[6] for dsi_hndl[484687b5]
02-13 20:34:10.383 25210 26090 E imsd    : ImsDsiNetCtrlClient.cpp | 204 | | 26090 |ImsDsiNetCtrlClient : imsEventHandler sending to 4d29aed8
02-13 20:34:10.383 25210 25261 E imsd    : ImsMain.cpp | 735 | | 25261 |ImsMain: handleEvent Switched to Ims Main thread [ImsDsiEvent]
02-13 20:34:10.384 25631 25631 I BankScamCallService: onCallRemoved called. Stopping scam detection. [CONTEXT service_id=435 ]
02-13 20:34:10.384 25210 25261 E imsd    : ImsMain.cpp | 817 | | 25261 |ImsMain:Handle Event sName[ImsDsiEvent] eventType[4]
02-13 20:34:10.384 25210 25261 E imsd    : ImsCommonDef.h | 452 | | 25261 |Current [0x47c92470], Appid[0]
02-13 20:34:10.384 25631 25631 I ActiveCallTracker: removeCall called [CONTEXT service_id=435 ]
02-13 20:34:10.384 25210 25261 E imsd    : ImsCommonDef.h | 453 | | 25261 |Other [0x4d294530], Appid[21]
02-13 20:34:10.384 25210 25261 E imsd    : ImsPdnFactoryImpl.cpp | 287 | | 25261 |ImsPdnFactoryImpl: isPdnExisting 1
02-13 20:34:10.384 25210 25261 E imsd    : PdnInfoImpl.cpp | 140 | | 25261 |PdnInfoImpl: getPdnType 1 
02-13 20:34:10.384 25631 25631 I BankScamCallService: HaTS: Skipping, no bank app was in foreground. [CONTEXT service_id=435 ]
02-13 20:34:10.384 25210 25261 E imsd    : ImsMain.cpp | 834 | | 25261 |ImsMain: handleEvent from DSI Module for IMS PDN
02-13 20:34:10.384 25210 25261 E imsd    : PdnInfoImpl.cpp | 589 | | 25261 |PdnInfoImpl:handleEvent sName[ImsDsiEvent]
02-13 20:34:10.384 25210 25261 E imsd    : PdnInfoImpl.cpp | 633 | | 25261 |PdnInfoImpl: handleDsiEvents event Id 6 
02-13 20:34:10.455 14505 14505 I .networkimprove: Using CollectorTypeCMC GC.
02-13 20:34:10.481 27288 27472 W AidlConversionCppNdk: aidl2legacy_AudioChannelLayout_audio_channel_mask_t: no legacy output audio_channel_mask_t found for AudioChannelLayout{layoutMask: 16}
02-13 20:34:10.501 14525 14525 I d.calllogbackup: Using CollectorTypeCMC GC.
02-13 20:34:10.602 14505 14545 I SuperProcessSdk: SuperSdk, curretnProcessName:com.vivo.networkimprove
02-13 20:34:10.669   733   746 W ndroid.settings: Cleared Reference was only reachable from finalizer (only reported once)
02-13 20:34:10.688 14505 14555 I ServiceManagerDelegate: mCheckService : sps_rms=android.os.BinderProxy@c99f32
02-13 20:34:10.688 14505 14555 I SuperProcessSdk: remote diff package
02-13 20:34:10.700   733   746 I ndroid.settings: Background young concurrent mark compact GC freed 5758KB AllocSpace bytes, 0(0B) LOS objects, 42% free, 6757KB/11MB, paused 1.351ms,3.523ms total 149.267ms
02-13 20:34:10.719 14505 14555 E ActivityThread: Failed to find provider info for com.vivo.awarecontext.awareeventprovider
02-13 20:34:10.738 14505 14555 W libc    : Access denied finding property "vendor.mtk.md1.status"
02-13 20:34:10.738 14505 14555 W libc    : Access denied finding property "vendor.mtk.md1.status"
02-13 20:34:10.904 25631 25631 I BankScamCallService: onDestroy called [CONTEXT service_id=435 ]
02-13 20:34:10.909 25631 25631 I BankScamCallService: (REDACTED) Broadcast sent: call ended for session %s
02-13 20:34:10.909 25631 25631 I ActiveCallTracker: (REDACTED) clearAllCalls called. Clearing %d active calls
02-13 20:34:10.909 25631 25631 I BankScamMitigationMgr: unsetBankAppScamDetectionManager called [CONTEXT service_id=435 ]
02-13 20:34:11.442 27288 26166 I AlwaysOnHotwordDetector: onRecognitionResumed
02-13 20:34:11.442 27288 27442 I AlwaysOnHotwordDetector: handle message 5
02-13 20:34:11.444 27288 27465 I dywb    : onRecognitionResumed 
02-13 20:34:11.708 14505 14556 I ServiceManagerDelegate: mCheckService : sps_rms=android.os.BinderProxy@c99f32
02-13 20:34:12.069 31953   419 W MultiSignalANRDetectorLacrima: Pausing error state checks
02-13 20:34:13.126 25631 27323 I NearbySharing: Network state changed: NetworkState(isRestricted=false, isOnline=true, isCongested=false, isMetered=true, isWifiConnected=false)
02-13 20:34:13.312 14255 14593 I Finsky:background: [172843] playLoggingServerUrl: https://play.googleapis.com/play/log
02-13 20:34:13.312 14255 14593 I Finsky:background: [172843] playLoggingServerTimestampUrl: https://play.googleapis.com/play/log/timestamp
02-13 20:34:13.348 14598 14598 I ocess.gservices: Using CollectorTypeCMC GC.
02-13 20:34:13.443 14598 14598 I GservicesProvider: Gservices pushing to system: true; secure/global: true
02-13 20:34:13.453 14598 14620 E GmsClient: unable to connect to service: com.google.android.gms.gservices.START on com.google.android.gms
02-13 20:34:13.480 31953 31953 W BackgroundStartupDetector: bgMode=FOREGROUND
02-13 20:34:13.483 31953   419 W MultiSignalANRDetectorLacrima: Resuming error state checks
02-13 20:34:13.491 31953 31953 W soft_error.cpp: [pando::graphql::PandoGraphQLRequestHybrid::assertValid] : Using a PandoGraphQLRequest after it has been consumed. Query name is FxIgXavSwitcherBadgingDataQuery
02-13 20:34:13.491 31953 31953 W RageShakeSensorHelper: onActivityResume
02-13 20:34:13.491 31953 31953 W RageShakeEligibilityHelper: Showing public rageshake flow
02-13 20:34:13.491 31953 31953 W RageShakeSensorHelper: registerShakeListener started | mRegistered=false
02-13 20:34:13.491 31953 31953 W RageShakeSensorHelper: registerShakeListener registered
02-13 20:34:13.495 31953 31953 W D55     : Pos=80 holder=X.2FL@5e7039
02-13 20:34:13.498 31953 14625 W DefaultTrackSelector: Audio channel count constraints cannot be applied without reference to Context. Build the track selector instance with one of the non-deprecated constructors that take a Context argument.
02-13 20:34:13.498 31953 31953 W NonBlockingScreenshotDetectorImpl: Started new screenshot session
02-13 20:34:13.498 31953 31953 W NonBlockingScreenshotDetectorImpl: Started new screenshot session
02-13 20:34:13.498 31953 31953 W NonBlockingScreenshotDetectorImpl: Started new screenshot session
02-13 20:34:13.498 31953 31953 W NonBlockingScreenshotDetectorImpl: Setting active session
02-13 20:34:13.498 31953 31953 W NonBlockingScreenshotDetectorImpl: Now handling 1 active screenshot sessions
02-13 20:34:13.498 31953 31953 W NonBlockingScreenshotDetectorImpl: Setting active session
02-13 20:34:13.498 31953 31953 W NonBlockingScreenshotDetectorImpl: Now handling 2 active screenshot sessions
02-13 20:34:13.498 31953 31953 W NonBlockingScreenshotDetectorImpl: Setting active session
02-13 20:34:13.498 31953 31953 W NonBlockingScreenshotDetectorImpl: Now handling 3 active screenshot sessions
02-13 20:34:13.499 31953 12410 W AudioManager: Use of stream types is deprecated for operations other than volume control
02-13 20:34:13.499 31953 12410 W AudioManager: See the documentation of requestAudioFocus() for what to use instead with android.media.AudioAttributes to qualify your playback use case
02-13 20:34:13.499 31953 14626 W MediaCodecSelectorHelper: Unexpected mime type audio/mp4a-latm
02-13 20:34:13.499 31953 14626 W MediaCodecSelectorHelper: Unexpected mime type audio/mp4a-latm
02-13 20:34:13.499 31953 14626 W MediaCodecSelectorHelper: Unexpected mime type audio/mp4a-latm
02-13 20:34:13.499 31953 14626 W MediaCodecSelectorHelper: Unexpected mime type audio/mp4a-latm
02-13 20:34:13.499 31953 14626 W MediaCodecSelectorHelper: Unexpected mime type audio/mp4a-latm
02-13 20:34:13.499 31953 14626 W MediaCodecSelectorHelper: Unexpected mime type audio/mp4a-latm
02-13 20:34:13.509 31953 14626 W MediaCodecSelectorHelper: Unexpected mime type audio/mp4a-latm
02-13 20:34:13.510 31953 14626 W AString : ctor got NULL, using empty string instead
02-13 20:34:13.510 31953 13515 W soft_error.cpp: [pando::graphql::PandoGraphQLRequestHybrid::assertValid] : Using a PandoGraphQLRequest after it has been consumed. Query name is ScreenTimeSyncMutation
02-13 20:34:13.511 31953 14626 I CCodecBufferChannel: mIsVivoLogEnable = 0
02-13 20:34:13.512 31953   399 E OpenGLRenderer: Unable to match the desired swap behavior.
02-13 20:34:13.513 31953 14633 I CCodec  : setting up 'default' as default (vendor) store
02-13 20:34:13.516 31953 14633 I CCodec  : Created component [c2.android.aac.decoder]
02-13 20:34:13.516 31953 31953 W libc    : Access denied finding property "vendor.display.enable_display_extensions"
02-13 20:34:13.521 31953 14633 I CCodecConfig: query failed after returning 20 values (BAD_INDEX)
02-13 20:34:13.528 31953 14633 W Codec2Client: query -- param skipped: index = 1107298332.
02-13 20:34:13.528 31953 14633 I CCodecConfig: query failed after returning 20 values (BAD_INDEX)
02-13 20:34:13.529 31953 14633 W Codec2Client: query -- param skipped: index = 1342179345.
02-13 20:34:13.529 31953 14633 W Codec2Client: query -- param skipped: index = 2415921170.
02-13 20:34:13.529 31953 14633 W Codec2Client: query -- param skipped: index = 1610614798.
02-13 20:34:13.530 31953 14633 I CCodecBufferChannel: mIsVivoLogEnable = 0
02-13 20:34:13.532 31953 31953 E VideoPlayerImpl: IgBaseVideoPlayer Warning: AV1_INSTANTIATION AV1_INSTANTIATION AV1 decoding using HardwareDecoder;c2.qti.av1.decoder
02-13 20:34:13.536 31953 14626 W AString : ctor got NULL, using empty string instead
02-13 20:34:13.538 31953 14626 I CCodecBufferChannel: mIsVivoLogEnable = 0
02-13 20:34:13.541 31953 14641 I CCodec  : setting up 'default' as default (vendor) store
02-13 20:34:13.541 31953 12410 W AudioManager: Use of stream types is deprecated for operations other than volume control
02-13 20:34:13.541 31953 12410 W AudioManager: See the documentation of requestAudioFocus() for what to use instead with android.media.AudioAttributes to qualify your playback use case
02-13 20:34:13.544 31953 14641 I CCodec  : Created component [c2.qti.av1.decoder]
02-13 20:34:13.553 31953 14641 I CCodecConfig: query failed after returning 18 values (BAD_INDEX)
02-13 20:34:13.554 31953 14641 W ColorUtils: expected specified color aspects (0:0:0:0)
02-13 20:34:13.556 31953 14626 W libc    : Access denied finding property "vendor.vivo.debug.PqSetting.enable"
02-13 20:34:13.558 31953 14637 I MediaCodec: [c2.qti.av1.decoder] setting surface generation to 32719958
02-13 20:34:13.560 31953 14641 W Codec2Client: query -- param skipped: index = 1107298332.
02-13 20:34:13.560 31953 14641 I CCodecConfig: query failed after returning 18 values (BAD_INDEX)
02-13 20:34:13.571 31953 14641 W Codec2Client: query -- param skipped: index = 1342179345.
02-13 20:34:13.571 31953 14641 W Codec2Client: query -- param skipped: index = 2415921170.
02-13 20:34:13.571 31953 14641 W Codec2Client: query -- param skipped: index = 1610614798.
02-13 20:34:13.575 31953 14637 I VivoVideoDumpInfo: property persist.sys.log.ctrl-->no
02-13 20:34:13.575 31953 14637 I VivoVideoDumpInfo: logger is not running,videoDump is disable.
02-13 20:34:13.583 31953 14626 W AudioSystem: setParameters: PlaybackCaptureProtectSupport=com.instagram.android
02-13 20:34:13.587 32372 32372 I GoogleInputMethodService: GoogleInputMethodService.onFinishInput():2099 
02-13 20:34:13.588 32372 32372 I Module  : DeviceLockedStatusModuleProvider$Module.updateDeviceLockedStatus():103 repeatCheckTimes = 0, locked = false
02-13 20:34:13.588 31953 14641 I CCodecBufferChannel: [c2.qti.av1.decoder#184] onWorkDone: updating max output delay 24
02-13 20:34:13.588 32372 32372 I GoogleInputMethodService: GoogleInputMethodService.onStartInput():1371 onStartInput(EditorInfo{EditorInfo{packageName=com.instagram.android, inputType=0, inputTypeString=NULL, enableLearning=false, autoCorrection=false, autoComplete=false, imeOptions=0, privateImeOptions=null, actionName=UNSPECIFIED, actionLabel=null, initialSelStart=-1, initialSelEnd=-1, initialCapsMode=0, label=null, fieldId=0, fieldName=null, extras=null, hintText=null, hintLocales=[]}}, false)
02-13 20:34:13.589 32372 32372 I Module  : DeviceLockedStatusModuleProvider$Module.updateDeviceLockedStatus():103 repeatCheckTimes = 1, locked = false
02-13 20:34:13.674 27288 27472 W AidlConversionCppNdk: aidl2legacy_AudioChannelLayout_audio_channel_mask_t: no legacy output audio_channel_mask_t found for AudioChannelLayout{layoutMask: 16}
02-13 20:34:13.676 31953 12756 W AidlConversionCppNdk: aidl2legacy_AudioChannelLayout_audio_channel_mask_t: no legacy output audio_channel_mask_t found for AudioChannelLayout{layoutMask: 16}
02-13 20:34:13.690 31953   399 W qdgralloc: getInterlacedFlag: getMetaData returned 3, defaulting to interlaced_flag = 0
02-13 20:34:13.726 31953 14626 W AudioTrack: getTimestamp_l(22988): retrograde timestamp time corrected, 656793372902783 < 656793383596116
02-13 20:34:13.770 31953   399 W qdgralloc: getInterlacedFlag: getMetaData returned 3, defaulting to interlaced_flag = 0
02-13 20:34:13.786 31953   399 W qdgralloc: getInterlacedFlag: getMetaData returned 3, defaulting to interlaced_flag = 0
02-13 20:34:13.811 31953   399 W qdgralloc: getInterlacedFlag: getMetaData returned 3, defaulting to interlaced_flag = 0
02-13 20:34:13.845 31953   399 W qdgralloc: getInterlacedFlag: getMetaData returned 3, defaulting to interlaced_flag = 0
02-13 20:34:13.870 31953   399 W qdgralloc: getInterlacedFlag: getMetaData returned 3, defaulting to interlaced_flag = 0
02-13 20:34:13.904 31953   399 W qdgralloc: getInterlacedFlag: getMetaData returned 3, defaulting to interlaced_flag = 0
02-13 20:34:13.954 31953   399 W qdgralloc: getInterlacedFlag: getMetaData returned 3, defaulting to interlaced_flag = 0
02-13 20:34:13.988 31953   399 W qdgralloc: getInterlacedFlag: getMetaData returned 3, defaulting to interlaced_flag = 0
02-13 20:34:14.021 31953   399 W qdgralloc: getInterlacedFlag: getMetaData returned 3, defaulting to interlaced_flag = 0
02-13 20:34:14.055 31953   399 W qdgralloc: getInterlacedFlag: getMetaData returned 3, defaulting to interlaced_flag = 0
02-13 20:34:14.088 31953   399 W qdgralloc: getInterlacedFlag: getMetaData returned 3, defaulting to interlaced_flag = 0
02-13 20:34:14.121 31953   399 W qdgralloc: getInterlacedFlag: getMetaData returned 3, defaulting to interlaced_flag = 0
02-13 20:34:14.155 31953   399 W qdgralloc: getInterlacedFlag: getMetaData returned 3, defaulting to interlaced_flag = 0
02-13 20:34:14.188 31953   399 W qdgralloc: getInterlacedFlag: getMetaData returned 3, defaulting to interlaced_flag = 0
02-13 20:34:14.221 31953   399 W qdgralloc: getInterlacedFlag: getMetaData returned 3, defaulting to interlaced_flag = 0
02-13 20:34:14.255 31953   399 W qdgralloc: getInterlacedFlag: getMetaData returned 3, defaulting to interlaced_flag = 0
02-13 20:34:14.289 31953   399 W qdgralloc: getInterlacedFlag: getMetaData returned 3, defaulting to interlaced_flag = 0
02-13 20:34:14.322 31953   399 W qdgralloc: getInterlacedFlag: getMetaData returned 3, defaulting to interlaced_flag = 0
02-13 20:34:14.355 31953   399 W qdgralloc: getInterlacedFlag: getMetaData returned 3, defaulting to interlaced_flag = 0
02-13 20:34:14.422 31953   399 W qdgralloc: getInterlacedFlag: getMetaData returned 3, defaulting to interlaced_flag = 0
02-13 20:34:14.539 31953   399 W qdgralloc: getInterlacedFlag: getMetaData returned 3, defaulting to interlaced_flag = 0
02-13 20:34:14.923 31953   399 W qdgralloc: getInterlacedFlag: getMetaData returned 3, defaulting to interlaced_flag = 0
02-13 20:34:15.132 27288 27472 W AidlConversionCppNdk: aidl2legacy_AudioChannelLayout_audio_channel_mask_t: no legacy output audio_channel_mask_t found for AudioChannelLayout{layoutMask: 16}
