02-13 20:35:55.061 31953 15187 I CCodecBufferChannel: [c2.qti.av1.decoder#808] onWorkDone: updating max output delay 22
02-13 20:35:55.063 31953 15198 I CCodec  : Created component [c2.android.aac.decoder]
02-13 20:35:55.068 31953 15198 I CCodecConfig: query failed after returning 20 values (BAD_INDEX)
02-13 20:35:55.072 31953 15198 W Codec2Client: query -- param skipped: index = 1107298332.
02-13 20:35:55.072 31953 15198 I CCodecConfig: query failed after returning 20 values (BAD_INDEX)
02-13 20:35:55.073 31953 15198 W Codec2Client: query -- param skipped: index = 1342179345.
02-13 20:35:55.073 31953 15198 W Codec2Client: query -- param skipped: index = 2415921170.
02-13 20:35:55.073 31953 15198 W Codec2Client: query -- param skipped: index = 1610614798.
02-13 20:35:55.073 31953 15198 I CCodecBufferChannel: mIsVivoLogEnable = 0
02-13 20:35:55.083 31953 15183 W AudioSystem: setParameters: PlaybackCaptureProtectSupport=com.instagram.android
02-13 20:35:55.094 31953   399 W qdgralloc: getInterlacedFlag: getMetaData returned 3, defaulting to interlaced_flag = 0
02-13 20:35:55.146 31953   358 W AidlConversionCppNdk: aidl2legacy_AudioChannelLayout_audio_channel_mask_t: no legacy output audio_channel_mask_t found for AudioChannelLayout{layoutMask: 16}
02-13 20:35:55.193 31953 15160 I MediaCodec: ++kWhatRelease   mState :6
02-13 20:35:55.221 31953 15160 I MediaCodec: ++kWhatRelease   mState :2
02-13 20:35:55.222 31953 15160 W MediaCodec: no metrics handle found
02-13 20:35:55.223 31953 15161 I hw-BpHwBinder: onLastStrongRef automatically unlinking death recipients
02-13 20:35:55.226 31953 15170 I CCodecConfig: query failed after returning 20 values (BAD_INDEX)
02-13 20:35:55.226 31953 15170 W Codec2Client: query -- param skipped: index = 1342179345.
02-13 20:35:55.226 31953 15170 W Codec2Client: query -- param skipped: index = 2415921170.
02-13 20:35:55.226 31953 15170 W Codec2Client: query -- param skipped: index = 1610614798.
02-13 20:35:55.228 31953 15170 I MediaCodec: ++kWhatRelease   mState :6
02-13 20:35:55.230 31953 15170 I MediaCodec: ++kWhatRelease   mState :2
02-13 20:35:55.231 31953 15156 W MessageQueue: Handler (android.os.Handler) {4960743} sending message to a Handler on a dead thread
02-13 20:35:55.231 31953 15156 W MessageQueue: java.lang.IllegalStateException: Handler (android.os.Handler) {4960743} sending message to a Handler on a dead thread
02-13 20:35:55.231 31953 15156 W MessageQueue: 	at android.os.MessageQueue.enqueueMessage(MessageQueue.java:564)
02-13 20:35:55.231 31953 15156 W MessageQueue: 	at android.os.Handler.enqueueMessage(Handler.java:841)
02-13 20:35:55.231 31953 15156 W MessageQueue: 	at android.os.Handler.sendMessageAtTime(Handler.java:737)
02-13 20:35:55.231 31953 15156 W MessageQueue: 	at android.os.Handler.sendMessageDelayed(Handler.java:707)
02-13 20:35:55.231 31953 15156 W MessageQueue: 	at android.os.Handler.sendMessage(Handler.java:645)
02-13 20:35:55.231 31953 15156 W MessageQueue: 	at android.os.Message.sendToTarget(Message.java:472)
02-13 20:35:55.231 31953 15156 W MessageQueue: 	at X.8zQ.A01(Unknown Source:4)
02-13 20:35:55.231 31953 15156 W MessageQueue: 	at X.8zF.G3A(Unknown Source:9)
02-13 20:35:55.231 31953 15156 W MessageQueue: 	at X.8yK.G3A(Unknown Source:11)
02-13 20:35:55.231 31953 15156 W MessageQueue: 	at X.3eP.A08(Unknown Source:126)
02-13 20:35:55.231 31953 15156 W MessageQueue: 	at X.3eP.handleMessage(Unknown Source:1551)
02-13 20:35:55.231 31953 15156 W MessageQueue: 	at android.os.Handler.dispatchMessage(Handler.java:104)
02-13 20:35:55.231 31953 15156 W MessageQueue: 	at android.os.Looper.loopOnce(Looper.java:226)
02-13 20:35:55.231 31953 15156 W MessageQueue: 	at android.os.Looper.loop(Looper.java:328)
02-13 20:35:55.231 31953 15156 W MessageQueue: 	at android.os.HandlerThread.run(HandlerThread.java:67)
02-13 20:35:55.231 31953 15170 I hw-BpHwBinder: onLastStrongRef automatically unlinking death recipients
02-13 20:35:55.232 31953 15156 W MessageQueue: Handler (android.os.Handler) {4295ef9} sending message to a Handler on a dead thread
02-13 20:35:55.232 31953 15156 W MessageQueue: java.lang.IllegalStateException: Handler (android.os.Handler) {4295ef9} sending message to a Handler on a dead thread
02-13 20:35:55.232 31953 15156 W MessageQueue: 	at android.os.MessageQueue.enqueueMessage(MessageQueue.java:564)
02-13 20:35:55.232 31953 15156 W MessageQueue: 	at android.os.Handler.enqueueMessage(Handler.java:841)
02-13 20:35:55.232 31953 15156 W MessageQueue: 	at android.os.Handler.sendMessageAtFrontOfQueue(Handler.java:760)
02-13 20:35:55.232 31953 15156 W MessageQueue: 	at X.8Kz.FlO(Unknown Source:8)
02-13 20:35:55.232 31953 15156 W MessageQueue: 	at X.8KA.A01(Unknown Source:29)
02-13 20:35:55.232 31953 15156 W MessageQueue: 	at X.8yK.G3A(Unknown Source:29)
02-13 20:35:55.232 31953 15156 W MessageQueue: 	at X.3eP.A08(Unknown Source:126)
02-13 20:35:55.232 31953 15156 W MessageQueue: 	at X.3eP.handleMessage(Unknown Source:1551)
02-13 20:35:55.232 31953 15156 W MessageQueue: 	at android.os.Handler.dispatchMessage(Handler.java:104)
02-13 20:35:55.232 31953 15156 W MessageQueue: 	at android.os.Looper.loopOnce(Looper.java:226)
02-13 20:35:55.232 31953 15156 W MessageQueue: 	at android.os.Looper.loop(Looper.java:328)
02-13 20:35:55.232 31953 15156 W MessageQueue: 	at android.os.HandlerThread.run(HandlerThread.java:67)
02-13 20:35:55.232 31953 15170 W MediaCodec: no metrics handle found
02-13 20:35:55.251 31953   399 W qdgralloc: getInterlacedFlag: getMetaData returned 3, defaulting to interlaced_flag = 0
02-13 20:35:55.267 31953   399 W qdgralloc: getInterlacedFlag: getMetaData returned 3, defaulting to interlaced_flag = 0
02-13 20:35:55.271 31953  4386 E IdleQueuePayloadBasedServiceLayer: Request empty, but still some servings left: 6761
02-13 20:35:55.273 31953 13517 E IdleQueuePayloadBasedServiceLayer: Request empty, but still some servings left: -6761
02-13 20:35:55.296 31953   399 W qdgralloc: getInterlacedFlag: getMetaData returned 3, defaulting to interlaced_flag = 0
02-13 20:35:55.334 31953   399 W qdgralloc: getInterlacedFlag: getMetaData returned 3, defaulting to interlaced_flag = 0
02-13 20:35:55.368 31953   399 W qdgralloc: getInterlacedFlag: getMetaData returned 3, defaulting to interlaced_flag = 0
02-13 20:35:55.392 31953   399 W qdgralloc: getInterlacedFlag: getMetaData returned 3, defaulting to interlaced_flag = 0
02-13 20:35:55.426 31953   399 W qdgralloc: getInterlacedFlag: getMetaData returned 3, defaulting to interlaced_flag = 0
02-13 20:35:55.468 31953   399 W qdgralloc: getInterlacedFlag: getMetaData returned 3, defaulting to interlaced_flag = 0
02-13 20:35:55.493 31953   399 W qdgralloc: getInterlacedFlag: getMetaData returned 3, defaulting to interlaced_flag = 0
02-13 20:35:55.526 31953   399 W qdgralloc: getInterlacedFlag: getMetaData returned 3, defaulting to interlaced_flag = 0
02-13 20:35:55.568 31953   399 W qdgralloc: getInterlacedFlag: getMetaData returned 3, defaulting to interlaced_flag = 0
02-13 20:35:55.602 31953   399 W qdgralloc: getInterlacedFlag: getMetaData returned 3, defaulting to interlaced_flag = 0
02-13 20:35:55.627 31953   399 W qdgralloc: getInterlacedFlag: getMetaData returned 3, defaulting to interlaced_flag = 0
02-13 20:35:55.660 31953   399 W qdgralloc: getInterlacedFlag: getMetaData returned 3, defaulting to interlaced_flag = 0
02-13 20:35:55.702 31953   399 W qdgralloc: getInterlacedFlag: getMetaData returned 3, defaulting to interlaced_flag = 0
02-13 20:35:55.727 31953   399 W qdgralloc: getInterlacedFlag: getMetaData returned 3, defaulting to interlaced_flag = 0
02-13 20:35:55.760 31953   399 W qdgralloc: getInterlacedFlag: getMetaData returned 3, defaulting to interlaced_flag = 0
02-13 20:35:55.927 31953   399 W qdgralloc: getInterlacedFlag: getMetaData returned 3, defaulting to interlaced_flag = 0
02-13 20:35:56.203 31953   399 W qdgralloc: getInterlacedFlag: getMetaData returned 3, defaulting to interlaced_flag = 0
02-13 20:35:56.295 31953   399 W qdgralloc: getInterlacedFlag: getMetaData returned 3, defaulting to interlaced_flag = 0
02-13 20:35:56.545 31953 31953 E stagram.android: Invalid resource ID 0x00000002.
02-13 20:35:56.549 31953 31953 E stagram.android: Invalid resource ID 0x00000002.
02-13 20:35:56.549 31953 31953 E stagram.android: Invalid resource ID 0x00000002.
02-13 20:35:56.553 31953 31953 E stagram.android: Invalid resource ID 0x00000002.
02-13 20:35:56.553 31953 31953 E stagram.android: Invalid resource ID 0x00000002.
02-13 20:35:56.556 31953 31953 E stagram.android: Invalid resource ID 0x00000002.
02-13 20:35:56.556 31953 31953 E stagram.android: Invalid resource ID 0x00000002.
02-13 20:35:56.560 31953 31953 E stagram.android: Invalid resource ID 0x00000002.
02-13 20:35:56.560 31953 31953 E stagram.android: Invalid resource ID 0x00000002.
02-13 20:35:56.563 31953 31953 E stagram.android: Invalid resource ID 0x00000002.
02-13 20:35:56.589 31953 31953 W D55     : Pos=88 holder=X.2FL@3c14d4c
02-13 20:35:56.593 31953 15222 W DefaultTrackSelector: Audio channel count constraints cannot be applied without reference to Context. Build the track selector instance with one of the non-deprecated constructors that take a Context argument.
02-13 20:35:56.594 31953 31953 W libc    : Access denied finding property "vendor.display.enable_display_extensions"
02-13 20:35:56.595 31953 15223 W MediaCodecSelectorHelper: Unexpected mime type audio/mp4a-latm
02-13 20:35:56.595 31953 15223 W MediaCodecSelectorHelper: Unexpected mime type audio/mp4a-latm
02-13 20:35:56.595 31953 15223 W MediaCodecSelectorHelper: Unexpected mime type audio/mp4a-latm
02-13 20:35:56.595 31953 15223 W MediaCodecSelectorHelper: Unexpected mime type audio/mp4a-latm
02-13 20:35:56.595 31953 15223 W MediaCodecSelectorHelper: Unexpected mime type audio/mp4a-latm
02-13 20:35:56.595 31953 15223 W MediaCodecSelectorHelper: Unexpected mime type audio/mp4a-latm
02-13 20:35:56.598 31953 31953 E VideoPlayerImpl: IgBaseVideoPlayer Warning: AV1_INSTANTIATION AV1_INSTANTIATION AV1 decoding using HardwareDecoder;c2.qti.av1.decoder
02-13 20:35:56.603 31953 15223 W AString : ctor got NULL, using empty string instead
02-13 20:35:56.604 31953 15223 I CCodecBufferChannel: mIsVivoLogEnable = 0
02-13 20:35:56.606 31953 15227 I CCodec  : setting up 'default' as default (vendor) store
02-13 20:35:56.609 31953 15227 I CCodec  : Created component [c2.qti.av1.decoder]
02-13 20:35:56.616 31953 15227 I CCodecConfig: query failed after returning 18 values (BAD_INDEX)
02-13 20:35:56.616 31953 15227 W ColorUtils: expected specified color aspects (0:0:0:0)
02-13 20:35:56.618 31953 15223 W libc    : Access denied finding property "vendor.vivo.debug.PqSetting.enable"
02-13 20:35:56.620 31953 15226 I MediaCodec: [c2.qti.av1.decoder] setting surface generation to 32719966
02-13 20:35:56.622 31953 15227 W Codec2Client: query -- param skipped: index = 1107298332.
02-13 20:35:56.622 31953 15227 I CCodecConfig: query failed after returning 18 values (BAD_INDEX)
02-13 20:35:56.632 31953 15227 W Codec2Client: query -- param skipped: index = 1342179345.
02-13 20:35:56.632 31953 15227 W Codec2Client: query -- param skipped: index = 2415921170.
02-13 20:35:56.632 31953 15227 W Codec2Client: query -- param skipped: index = 1610614798.
02-13 20:35:56.637 31953 15226 I VivoVideoDumpInfo: property persist.sys.log.ctrl-->no
02-13 20:35:56.637 31953 15226 I VivoVideoDumpInfo: logger is not running,videoDump is disable.
02-13 20:35:56.640 31953 15223 W MediaCodecSelectorHelper: Unexpected mime type audio/mp4a-latm
02-13 20:35:56.642 31953 15223 W AString : ctor got NULL, using empty string instead
02-13 20:35:56.643 31953 15223 I CCodecBufferChannel: mIsVivoLogEnable = 0
02-13 20:35:56.646 31953 15237 I CCodec  : setting up 'default' as default (vendor) store
02-13 20:35:56.647 31953 15227 I CCodecBufferChannel: [c2.qti.av1.decoder#333] onWorkDone: updating max output delay 22
02-13 20:35:56.649 31953 15237 I CCodec  : Created component [c2.android.aac.decoder]
02-13 20:35:56.653 31953 15237 I CCodecConfig: query failed after returning 20 values (BAD_INDEX)
02-13 20:35:56.655 31953 15237 W Codec2Client: query -- param skipped: index = 1107298332.
02-13 20:35:56.655 31953 15237 I CCodecConfig: query failed after returning 20 values (BAD_INDEX)
02-13 20:35:56.656 31953 15237 W Codec2Client: query -- param skipped: index = 1342179345.
02-13 20:35:56.656 31953 15237 W Codec2Client: query -- param skipped: index = 2415921170.
02-13 20:35:56.656 31953 15237 W Codec2Client: query -- param skipped: index = 1610614798.
02-13 20:35:56.656 31953 15237 I CCodecBufferChannel: mIsVivoLogEnable = 0
02-13 20:35:56.666 31953 15223 W AudioSystem: setParameters: PlaybackCaptureProtectSupport=com.instagram.android
02-13 20:35:56.670 31953   399 W qdgralloc: getInterlacedFlag: getMetaData returned 3, defaulting to interlaced_flag = 0
02-13 20:35:56.706 31953   358 W AidlConversionCppNdk: aidl2legacy_AudioChannelLayout_audio_channel_mask_t: no legacy output audio_channel_mask_t found for AudioChannelLayout{layoutMask: 16}
02-13 20:35:56.803 31953 15186 I MediaCodec: ++kWhatRelease   mState :6
02-13 20:35:56.810 31953   399 W qdgralloc: getInterlacedFlag: getMetaData returned 3, defaulting to interlaced_flag = 0
02-13 20:35:56.829 31953 15186 I MediaCodec: ++kWhatRelease   mState :2
02-13 20:35:56.830 31953 15186 W MediaCodec: no metrics handle found
02-13 20:35:56.831 31953 15187 I hw-BpHwBinder: onLastStrongRef automatically unlinking death recipients
02-13 20:35:56.852 31953   399 W qdgralloc: getInterlacedFlag: getMetaData returned 3, defaulting to interlaced_flag = 0
02-13 20:35:56.868 31953 15198 I CCodecConfig: query failed after returning 20 values (BAD_INDEX)
02-13 20:35:56.869 31953 15198 W Codec2Client: query -- param skipped: index = 1342179345.
02-13 20:35:56.869 31953 15198 W Codec2Client: query -- param skipped: index = 2415921170.
02-13 20:35:56.869 31953 15198 W Codec2Client: query -- param skipped: index = 1610614798.
02-13 20:35:56.870 31953 15198 I MediaCodec: ++kWhatRelease   mState :6
02-13 20:35:56.873 31953 15198 I MediaCodec: ++kWhatRelease   mState :2
02-13 20:35:56.874 31953 15198 I hw-BpHwBinder: onLastStrongRef automatically unlinking death recipients
02-13 20:35:56.874 31953 15182 W MessageQueue: Handler (android.os.Handler) {f85b299} sending message to a Handler on a dead thread
02-13 20:35:56.874 31953 15182 W MessageQueue: java.lang.IllegalStateException: Handler (android.os.Handler) {f85b299} sending message to a Handler on a dead thread
02-13 20:35:56.874 31953 15182 W MessageQueue: 	at android.os.MessageQueue.enqueueMessage(MessageQueue.java:564)
02-13 20:35:56.874 31953 15182 W MessageQueue: 	at android.os.Handler.enqueueMessage(Handler.java:841)
02-13 20:35:56.874 31953 15182 W MessageQueue: 	at android.os.Handler.sendMessageAtTime(Handler.java:737)
02-13 20:35:56.874 31953 15182 W MessageQueue: 	at android.os.Handler.sendMessageDelayed(Handler.java:707)
02-13 20:35:56.874 31953 15182 W MessageQueue: 	at android.os.Handler.sendMessage(Handler.java:645)
02-13 20:35:56.874 31953 15182 W MessageQueue: 	at android.os.Message.sendToTarget(Message.java:472)
02-13 20:35:56.874 31953 15182 W MessageQueue: 	at X.8zQ.A01(Unknown Source:4)
02-13 20:35:56.874 31953 15182 W MessageQueue: 	at X.8zF.G3A(Unknown Source:9)
02-13 20:35:56.874 31953 15182 W MessageQueue: 	at X.8yK.G3A(Unknown Source:11)
02-13 20:35:56.874 31953 15182 W MessageQueue: 	at X.3eP.A08(Unknown Source:126)
02-13 20:35:56.874 31953 15182 W MessageQueue: 	at X.3eP.handleMessage(Unknown Source:1551)
02-13 20:35:56.874 31953 15182 W MessageQueue: 	at android.os.Handler.dispatchMessage(Handler.java:104)
02-13 20:35:56.874 31953 15182 W MessageQueue: 	at android.os.Looper.loopOnce(Looper.java:226)
02-13 20:35:56.874 31953 15182 W MessageQueue: 	at android.os.Looper.loop(Looper.java:328)
02-13 20:35:56.874 31953 15182 W MessageQueue: 	at android.os.HandlerThread.run(HandlerThread.java:67)
02-13 20:35:56.875 31953 15182 W MessageQueue: Handler (android.os.Handler) {5f4613f} sending message to a Handler on a dead thread
02-13 20:35:56.875 31953 15182 W MessageQueue: java.lang.IllegalStateException: Handler (android.os.Handler) {5f4613f} sending message to a Handler on a dead thread
02-13 20:35:56.875 31953 15182 W MessageQueue: 	at android.os.MessageQueue.enqueueMessage(MessageQueue.java:564)
02-13 20:35:56.875 31953 15182 W MessageQueue: 	at android.os.Handler.enqueueMessage(Handler.java:841)
02-13 20:35:56.875 31953 15182 W MessageQueue: 	at android.os.Handler.sendMessageAtFrontOfQueue(Handler.java:760)
02-13 20:35:56.875 31953 15182 W MessageQueue: 	at X.8Kz.FlO(Unknown Source:8)
02-13 20:35:56.875 31953 15182 W MessageQueue: 	at X.8KA.A01(Unknown Source:29)
02-13 20:35:56.875 31953 15182 W MessageQueue: 	at X.8yK.G3A(Unknown Source:29)
02-13 20:35:56.875 31953 15182 W MessageQueue: 	at X.3eP.A08(Unknown Source:126)
02-13 20:35:56.875 31953 15182 W MessageQueue: 	at X.3eP.handleMessage(Unknown Source:1551)
02-13 20:35:56.875 31953 15182 W MessageQueue: 	at android.os.Handler.dispatchMessage(Handler.java:104)
02-13 20:35:56.875 31953 15182 W MessageQueue: 	at android.os.Looper.loopOnce(Looper.java:226)
02-13 20:35:56.875 31953 15182 W MessageQueue: 	at android.os.Looper.loop(Looper.java:328)
02-13 20:35:56.875 31953 15182 W MessageQueue: 	at android.os.HandlerThread.run(HandlerThread.java:67)
02-13 20:35:56.876 31953 15198 W MediaCodec: no metrics handle found
02-13 20:35:56.881 31953   408 E IdleQueuePayloadBasedServiceLayer: Request empty, but still some servings left: 3064
02-13 20:35:56.883 31953  4386 E IdleQueuePayloadBasedServiceLayer: Request empty, but still some servings left: -3064
02-13 20:35:56.885 31953   399 W qdgralloc: getInterlacedFlag: getMetaData returned 3, defaulting to interlaced_flag = 0
02-13 20:35:56.927 31953   399 W qdgralloc: getInterlacedFlag: getMetaData returned 3, defaulting to interlaced_flag = 0
02-13 20:35:56.952 31953   399 W qdgralloc: getInterlacedFlag: getMetaData returned 3, defaulting to interlaced_flag = 0
02-13 20:35:56.985 31953   399 W qdgralloc: getInterlacedFlag: getMetaData returned 3, defaulting to interlaced_flag = 0
02-13 20:35:57.019 31953   399 W qdgralloc: getInterlacedFlag: getMetaData returned 3, defaulting to interlaced_flag = 0
02-13 20:35:57.061 31953   399 W qdgralloc: getInterlacedFlag: getMetaData returned 3, defaulting to interlaced_flag = 0
02-13 20:35:57.086 31953   399 W qdgralloc: getInterlacedFlag: getMetaData returned 3, defaulting to interlaced_flag = 0
02-13 20:35:57.119 31953   399 W qdgralloc: getInterlacedFlag: getMetaData returned 3, defaulting to interlaced_flag = 0
02-13 20:35:57.161 31953   399 W qdgralloc: getInterlacedFlag: getMetaData returned 3, defaulting to interlaced_flag = 0
02-13 20:35:57.186 31953   399 W qdgralloc: getInterlacedFlag: getMetaData returned 3, defaulting to interlaced_flag = 0
02-13 20:35:57.219 31953   399 W qdgralloc: getInterlacedFlag: getMetaData returned 3, defaulting to interlaced_flag = 0
02-13 20:35:57.261 31953   399 W qdgralloc: getInterlacedFlag: getMetaData returned 3, defaulting to interlaced_flag = 0
02-13 20:35:57.286 31953   399 W qdgralloc: getInterlacedFlag: getMetaData returned 3, defaulting to interlaced_flag = 0
02-13 20:35:57.320 31953   399 W qdgralloc: getInterlacedFlag: getMetaData returned 3, defaulting to interlaced_flag = 0
02-13 20:35:57.361 31953   399 W qdgralloc: getInterlacedFlag: getMetaData returned 3, defaulting to interlaced_flag = 0
02-13 20:35:57.514 31953 31953 E stagram.android: Invalid resource ID 0x00000002.
02-13 20:35:57.517 31953 31953 E stagram.android: Invalid resource ID 0x00000002.
02-13 20:35:57.517 31953 31953 E stagram.android: Invalid resource ID 0x00000002.
02-13 20:35:57.521 31953 31953 E stagram.android: Invalid resource ID 0x00000002.
02-13 20:35:57.521 31953 31953 E stagram.android: Invalid resource ID 0x00000002.
02-13 20:35:57.524 31953 31953 E stagram.android: Invalid resource ID 0x00000002.
02-13 20:35:57.524 31953 31953 E stagram.android: Invalid resource ID 0x00000002.
02-13 20:35:57.528 31953 31953 E stagram.android: Invalid resource ID 0x00000002.
02-13 20:35:57.536 31953   399 W qdgralloc: getInterlacedFlag: getMetaData returned 3, defaulting to interlaced_flag = 0
02-13 20:35:57.564 31953 31953 W D55     : Pos=89 holder=X.2FL@96c5ef8
02-13 20:35:57.568 31953 15249 W DefaultTrackSelector: Audio channel count constraints cannot be applied without reference to Context. Build the track selector instance with one of the non-deprecated constructors that take a Context argument.
02-13 20:35:57.569 31953 31953 W libc    : Access denied finding property "vendor.display.enable_display_extensions"
02-13 20:35:57.570 31953 15250 W MediaCodecSelectorHelper: Unexpected mime type audio/mp4a-latm
02-13 20:35:57.570 31953 15250 W MediaCodecSelectorHelper: Unexpected mime type audio/mp4a-latm
02-13 20:35:57.570 31953 15250 W MediaCodecSelectorHelper: Unexpected mime type audio/mp4a-latm
02-13 20:35:57.570 31953 15250 W MediaCodecSelectorHelper: Unexpected mime type audio/mp4a-latm
02-13 20:35:57.570 31953 15250 W MediaCodecSelectorHelper: Unexpected mime type audio/mp4a-latm
02-13 20:35:57.570 31953 15250 W MediaCodecSelectorHelper: Unexpected mime type audio/mp4a-latm
02-13 20:35:57.573 31953 31953 E VideoPlayerImpl: IgBaseVideoPlayer Warning: AV1_INSTANTIATION AV1_INSTANTIATION AV1 decoding using HardwareDecoder;c2.qti.av1.decoder
02-13 20:35:57.580 31953 15250 W AString : ctor got NULL, using empty string instead
02-13 20:35:57.581 31953 15250 I CCodecBufferChannel: mIsVivoLogEnable = 0
02-13 20:35:57.583 31953 15254 I CCodec  : setting up 'default' as default (vendor) store
02-13 20:35:57.586 31953   399 W qdgralloc: getInterlacedFlag: getMetaData returned 3, defaulting to interlaced_flag = 0
02-13 20:35:57.590 31953 15254 I CCodec  : Created component [c2.qti.av1.decoder]
02-13 20:35:57.598 31953 15254 I CCodecConfig: query failed after returning 18 values (BAD_INDEX)
02-13 20:35:57.599 31953 15254 W ColorUtils: expected specified color aspects (0:0:0:0)
02-13 20:35:57.600 31953 15250 W libc    : Access denied finding property "vendor.vivo.debug.PqSetting.enable"
02-13 20:35:57.603 31953 15253 I MediaCodec: [c2.qti.av1.decoder] setting surface generation to 32719967
02-13 20:35:57.605 31953 15254 W Codec2Client: query -- param skipped: index = 1107298332.
02-13 20:35:57.605 31953 15254 I CCodecConfig: query failed after returning 18 values (BAD_INDEX)
02-13 20:35:57.615 31953 15254 W Codec2Client: query -- param skipped: index = 1342179345.
02-13 20:35:57.615 31953 15254 W Codec2Client: query -- param skipped: index = 2415921170.
02-13 20:35:57.615 31953 15254 W Codec2Client: query -- param skipped: index = 1610614798.
02-13 20:35:57.619 31953 15253 I VivoVideoDumpInfo: property persist.sys.log.ctrl-->no
02-13 20:35:57.619 31953 15253 I VivoVideoDumpInfo: logger is not running,videoDump is disable.
02-13 20:35:57.622 31953 15250 W MediaCodecSelectorHelper: Unexpected mime type audio/mp4a-latm
02-13 20:35:57.623 31953 15250 W AString : ctor got NULL, using empty string instead
02-13 20:35:57.627 31953 15250 I CCodecBufferChannel: mIsVivoLogEnable = 0
02-13 20:35:57.627 31953 15254 I CCodecBufferChannel: [c2.qti.av1.decoder#791] onWorkDone: updating max output delay 22
02-13 20:35:57.629 31953 15263 I CCodec  : setting up 'default' as default (vendor) store
02-13 20:35:57.631 31953 15263 I CCodec  : Created component [c2.android.aac.decoder]
02-13 20:35:57.636 31953 15263 I CCodecConfig: query failed after returning 20 values (BAD_INDEX)
02-13 20:35:57.638 31953 15263 W Codec2Client: query -- param skipped: index = 1107298332.
02-13 20:35:57.638 31953 15263 I CCodecConfig: query failed after returning 20 values (BAD_INDEX)
02-13 20:35:57.639 31953 15263 W Codec2Client: query -- param skipped: index = 1342179345.
02-13 20:35:57.639 31953 15263 W Codec2Client: query -- param skipped: index = 2415921170.
02-13 20:35:57.639 31953 15263 W Codec2Client: query -- param skipped: index = 1610614798.
02-13 20:35:57.640 31953 15263 I CCodecBufferChannel: mIsVivoLogEnable = 0
02-13 20:35:57.652 31953 15250 W AudioSystem: setParameters: PlaybackCaptureProtectSupport=com.instagram.android
02-13 20:35:57.658 31953   399 W qdgralloc: getInterlacedFlag: getMetaData returned 3, defaulting to interlaced_flag = 0
02-13 20:35:57.706 31953 12756 W AidlConversionCppNdk: aidl2legacy_AudioChannelLayout_audio_channel_mask_t: no legacy output audio_channel_mask_t found for AudioChannelLayout{layoutMask: 16}
02-13 20:35:57.770 31953 15226 I MediaCodec: ++kWhatRelease   mState :6
02-13 20:35:57.793 31953 15226 I MediaCodec: ++kWhatRelease   mState :2
02-13 20:35:57.794 31953 15227 I hw-BpHwBinder: onLastStrongRef automatically unlinking death recipients
02-13 20:35:57.794 31953 15226 W MediaCodec: no metrics handle found
02-13 20:35:57.810 31953   399 W qdgralloc: getInterlacedFlag: getMetaData returned 3, defaulting to interlaced_flag = 0
02-13 20:35:57.827 31953 15237 I CCodecConfig: query failed after returning 20 values (BAD_INDEX)
02-13 20:35:57.828 31953 15237 W Codec2Client: query -- param skipped: index = 1342179345.
02-13 20:35:57.828 31953 15237 W Codec2Client: query -- param skipped: index = 2415921170.
02-13 20:35:57.828 31953 15237 W Codec2Client: query -- param skipped: index = 1610614798.
02-13 20:35:57.829 31953 15237 I MediaCodec: ++kWhatRelease   mState :6
02-13 20:35:57.831 31953 15237 I MediaCodec: ++kWhatRelease   mState :2
02-13 20:35:57.833 31953 15237 I hw-BpHwBinder: onLastStrongRef automatically unlinking death recipients
02-13 20:35:57.833 31953 15222 W MessageQueue: Handler (android.os.Handler) {8c50c73} sending message to a Handler on a dead thread
02-13 20:35:57.833 31953 15222 W MessageQueue: java.lang.IllegalStateException: Handler (android.os.Handler) {8c50c73} sending message to a Handler on a dead thread
02-13 20:35:57.833 31953 15222 W MessageQueue: 	at android.os.MessageQueue.enqueueMessage(MessageQueue.java:564)
02-13 20:35:57.833 31953 15222 W MessageQueue: 	at android.os.Handler.enqueueMessage(Handler.java:841)
02-13 20:35:57.833 31953 15222 W MessageQueue: 	at android.os.Handler.sendMessageAtTime(Handler.java:737)
02-13 20:35:57.833 31953 15222 W MessageQueue: 	at android.os.Handler.sendMessageDelayed(Handler.java:707)
02-13 20:35:57.833 31953 15222 W MessageQueue: 	at android.os.Handler.sendMessage(Handler.java:645)
02-13 20:35:57.833 31953 15222 W MessageQueue: 	at android.os.Message.sendToTarget(Message.java:472)
02-13 20:35:57.833 31953 15222 W MessageQueue: 	at X.8zQ.A01(Unknown Source:4)
02-13 20:35:57.833 31953 15222 W MessageQueue: 	at X.8zF.G3A(Unknown Source:9)
02-13 20:35:57.833 31953 15222 W MessageQueue: 	at X.8yK.G3A(Unknown Source:11)
02-13 20:35:57.833 31953 15222 W MessageQueue: 	at X.3eP.A08(Unknown Source:126)
02-13 20:35:57.833 31953 15222 W MessageQueue: 	at X.3eP.handleMessage(Unknown Source:1551)
02-13 20:35:57.833 31953 15222 W MessageQueue: 	at android.os.Handler.dispatchMessage(Handler.java:104)
02-13 20:35:57.833 31953 15222 W MessageQueue: 	at android.os.Looper.loopOnce(Looper.java:226)
02-13 20:35:57.833 31953 15222 W MessageQueue: 	at android.os.Looper.loop(Looper.java:328)
02-13 20:35:57.833 31953 15222 W MessageQueue: 	at android.os.HandlerThread.run(HandlerThread.java:67)
02-13 20:35:57.834 31953 15237 W MediaCodec: no metrics handle found
02-13 20:35:57.835 31953 15222 W MessageQueue: Handler (android.os.Handler) {cf15fa9} sending message to a Handler on a dead thread
02-13 20:35:57.835 31953 15222 W MessageQueue: java.lang.IllegalStateException: Handler (android.os.Handler) {cf15fa9} sending message to a Handler on a dead thread
02-13 20:35:57.835 31953 15222 W MessageQueue: 	at android.os.MessageQueue.enqueueMessage(MessageQueue.java:564)
02-13 20:35:57.835 31953 15222 W MessageQueue: 	at android.os.Handler.enqueueMessage(Handler.java:841)
02-13 20:35:57.835 31953 15222 W MessageQueue: 	at android.os.Handler.sendMessageAtFrontOfQueue(Handler.java:760)
02-13 20:35:57.835 31953 15222 W MessageQueue: 	at X.8Kz.FlO(Unknown Source:8)
02-13 20:35:57.835 31953 15222 W MessageQueue: 	at X.8KA.A01(Unknown Source:29)
02-13 20:35:57.835 31953 15222 W MessageQueue: 	at X.8yK.G3A(Unknown Source:29)
02-13 20:35:57.835 31953 15222 W MessageQueue: 	at X.3eP.A08(Unknown Source:126)
02-13 20:35:57.835 31953 15222 W MessageQueue: 	at X.3eP.handleMessage(Unknown Source:1551)
02-13 20:35:57.835 31953 15222 W MessageQueue: 	at android.os.Handler.dispatchMessage(Handler.java:104)
02-13 20:35:57.835 31953 15222 W MessageQueue: 	at android.os.Looper.loopOnce(Looper.java:226)
02-13 20:35:57.835 31953 15222 W MessageQueue: 	at android.os.Looper.loop(Looper.java:328)
02-13 20:35:57.835 31953 15222 W MessageQueue: 	at android.os.HandlerThread.run(HandlerThread.java:67)
02-13 20:35:57.852 31953   399 W qdgralloc: getInterlacedFlag: getMetaData returned 3, defaulting to interlaced_flag = 0
02-13 20:35:57.897 31953   399 W qdgralloc: getInterlacedFlag: getMetaData returned 3, defaulting to interlaced_flag = 0
02-13 20:35:57.916 31953   399 W qdgralloc: getInterlacedFlag: getMetaData returned 3, defaulting to interlaced_flag = 0
02-13 20:35:57.952 31953   399 W qdgralloc: getInterlacedFlag: getMetaData returned 3, defaulting to interlaced_flag = 0
02-13 20:35:57.985 31953   399 W qdgralloc: getInterlacedFlag: getMetaData returned 3, defaulting to interlaced_flag = 0
02-13 20:35:58.010 31953   399 W qdgralloc: getInterlacedFlag: getMetaData returned 3, defaulting to interlaced_flag = 0
02-13 20:35:58.044 31953   399 W qdgralloc: getInterlacedFlag: getMetaData returned 3, defaulting to interlaced_flag = 0
02-13 20:35:58.085 31953   399 W qdgralloc: getInterlacedFlag: getMetaData returned 3, defaulting to interlaced_flag = 0
02-13 20:35:58.110 31953   399 W qdgralloc: getInterlacedFlag: getMetaData returned 3, defaulting to interlaced_flag = 0
02-13 20:35:58.143 31953   399 W qdgralloc: getInterlacedFlag: getMetaData returned 3, defaulting to interlaced_flag = 0
02-13 20:35:58.185 31953   399 W qdgralloc: getInterlacedFlag: getMetaData returned 3, defaulting to interlaced_flag = 0
02-13 20:35:58.211 31953   399 W qdgralloc: getInterlacedFlag: getMetaData returned 3, defaulting to interlaced_flag = 0
02-13 20:35:58.244 31953   399 W qdgralloc: getInterlacedFlag: getMetaData returned 3, defaulting to interlaced_flag = 0
02-13 20:35:58.285 31953   399 W qdgralloc: getInterlacedFlag: getMetaData returned 3, defaulting to interlaced_flag = 0
02-13 20:35:58.311 31953   399 W qdgralloc: getInterlacedFlag: getMetaData returned 3, defaulting to interlaced_flag = 0
02-13 20:35:58.344 31953   399 W qdgralloc: getInterlacedFlag: getMetaData returned 3, defaulting to interlaced_flag = 0
02-13 20:35:58.478 31953   399 W qdgralloc: getInterlacedFlag: getMetaData returned 3, defaulting to interlaced_flag = 0
02-13 20:35:58.712 31953   399 W qdgralloc: getInterlacedFlag: getMetaData returned 3, defaulting to interlaced_flag = 0
02-13 20:35:59.255 31953   399 W qdgralloc: getInterlacedFlag: getMetaData returned 3, defaulting to interlaced_flag = 0
02-13 20:35:59.890 31953 13517 E IdleQueuePayloadBasedServiceLayer: Request empty, but still some servings left: 464063
02-13 20:36:00.015 31953 13517 E IdleQueuePayloadBasedServiceLayer: Request empty, but still some servings left: -455871
02-13 20:36:00.860 31953   399 W qdgralloc: getInterlacedFlag: getMetaData returned 3, defaulting to interlaced_flag = 0
02-13 20:36:01.779 31953   399 W qdgralloc: getInterlacedFlag: getMetaData returned 3, defaulting to interlaced_flag = 0
02-13 20:36:02.315 31953   408 E IdleQueuePayloadBasedServiceLayer: Request empty, but still some servings left: 394040
02-13 20:36:02.405 31953 13517 E IdleQueuePayloadBasedServiceLayer: Request empty, but still some servings left: -394040
02-13 20:36:04.169 31953 31953 E stagram.android: No package ID ff found for resource ID 0xffffffff.
02-13 20:36:04.173 31953 31953 E stagram.android: No package ID ff found for resource ID 0xffffffff.
02-13 20:36:04.173 31953 31953 E stagram.android: Invalid resource ID 0x00000002.
02-13 20:36:04.176 31953 31953 E stagram.android: Invalid resource ID 0x00000002.
02-13 20:36:04.177 31953 31953 E stagram.android: Invalid resource ID 0x00000002.
02-13 20:36:04.180 31953 31953 E stagram.android: Invalid resource ID 0x00000002.
02-13 20:36:04.180 31953 31953 E stagram.android: Invalid resource ID 0x00000002.
02-13 20:36:04.183 31953 31953 E stagram.android: Invalid resource ID 0x00000002.
02-13 20:36:04.183 31953 31953 E stagram.android: Invalid resource ID 0x00000002.
02-13 20:36:04.187 31953 31953 E stagram.android: Invalid resource ID 0x00000002.
02-13 20:36:04.243 31953 31953 W D55     : Pos=90 holder=X.2FL@5e7039
02-13 20:36:04.247 31953 15280 W DefaultTrackSelector: Audio channel count constraints cannot be applied without reference to Context. Build the track selector instance with one of the non-deprecated constructors that take a Context argument.
02-13 20:36:04.248 31953 31953 W libc    : Access denied finding property "vendor.display.enable_display_extensions"
02-13 20:36:04.260 31953 15281 W AString : ctor got NULL, using empty string instead
02-13 20:36:04.261 31953 15281 I CCodecBufferChannel: mIsVivoLogEnable = 0
02-13 20:36:04.263 31953 15285 I CCodec  : setting up 'default' as default (vendor) store
02-13 20:36:04.267 31953 15285 I CCodec  : Created component [c2.qti.vp9.decoder]
02-13 20:36:04.275 31953 15285 I CCodecConfig: query failed after returning 19 values (BAD_INDEX)
02-13 20:36:04.276 31953 15285 W ColorUtils: expected specified color aspects (0:0:0:0)
02-13 20:36:04.277 31953 15281 W libc    : Access denied finding property "vendor.vivo.debug.PqSetting.enable"
02-13 20:36:04.280 31953 15284 I MediaCodec: [c2.qti.vp9.decoder] setting surface generation to 32719968
02-13 20:36:04.282 31953 15285 W Codec2Client: query -- param skipped: index = 1107298332.
02-13 20:36:04.282 31953 15285 W CCodec  : This behavior is subject to change. It is recommended that app developers double check whether the requested max input size is in reasonable range.
02-13 20:36:04.282 31953 15285 I CCodecConfig: query failed after returning 19 values (BAD_INDEX)
02-13 20:36:04.294 31953 15285 W Codec2Client: query -- param skipped: index = 1342179345.
02-13 20:36:04.294 31953 15285 W Codec2Client: query -- param skipped: index = 2415921170.
02-13 20:36:04.294 31953 15285 W Codec2Client: query -- param skipped: index = 1610614798.
02-13 20:36:04.299 31953 15284 I VivoVideoDumpInfo: property persist.sys.log.ctrl-->no
02-13 20:36:04.299 31953 15284 I VivoVideoDumpInfo: logger is not running,videoDump is disable.
02-13 20:36:04.302 31953 15281 W AString : ctor got NULL, using empty string instead
02-13 20:36:04.304 31953 15281 I CCodecBufferChannel: mIsVivoLogEnable = 0
02-13 20:36:04.307 31953 15294 I CCodec  : setting up 'default' as default (vendor) store
02-13 20:36:04.310 31953 15285 I CCodecBufferChannel: [c2.qti.vp9.decoder#57] onWorkDone: updating max output delay 22
02-13 20:36:04.310 31953 15294 I CCodec  : Created component [c2.android.aac.decoder]
02-13 20:36:04.317 31953 15294 I CCodecConfig: query failed after returning 20 values (BAD_INDEX)
02-13 20:36:04.320 31953 15294 W Codec2Client: query -- param skipped: index = 1107298332.
02-13 20:36:04.320 31953 15294 I CCodecConfig: query failed after returning 20 values (BAD_INDEX)
02-13 20:36:04.320 31953 15294 W Codec2Client: query -- param skipped: index = 1342179345.
02-13 20:36:04.320 31953 15294 W Codec2Client: query -- param skipped: index = 2415921170.
02-13 20:36:04.320 31953 15294 W Codec2Client: query -- param skipped: index = 1610614798.
02-13 20:36:04.321 31953 15294 I CCodecBufferChannel: mIsVivoLogEnable = 0
02-13 20:36:04.332 31953 15281 W AudioSystem: setParameters: PlaybackCaptureProtectSupport=com.instagram.android
02-13 20:36:04.339 31953   399 W qdgralloc: getInterlacedFlag: getMetaData returned 3, defaulting to interlaced_flag = 0
02-13 20:36:04.387 31953   803 W AidlConversionCppNdk: aidl2legacy_AudioChannelLayout_audio_channel_mask_t: no legacy output audio_channel_mask_t found for AudioChannelLayout{layoutMask: 16}
02-13 20:36:04.449 31953 15253 I MediaCodec: ++kWhatRelease   mState :6
02-13 20:36:04.472 31953 15253 I MediaCodec: ++kWhatRelease   mState :2
02-13 20:36:04.474 31953 15253 W MediaCodec: no metrics handle found
02-13 20:36:04.474 31953 15254 I hw-BpHwBinder: onLastStrongRef automatically unlinking death recipients
02-13 20:36:04.489 31953   399 W qdgralloc: getInterlacedFlag: getMetaData returned 3, defaulting to interlaced_flag = 0
02-13 20:36:04.507 31953 15263 I CCodecConfig: query failed after returning 20 values (BAD_INDEX)
02-13 20:36:04.507 31953 15263 W Codec2Client: query -- param skipped: index = 1342179345.
02-13 20:36:04.507 31953 15263 W Codec2Client: query -- param skipped: index = 2415921170.
02-13 20:36:04.507 31953 15263 W Codec2Client: query -- param skipped: index = 1610614798.
02-13 20:36:04.508 31953 15263 I MediaCodec: ++kWhatRelease   mState :6
02-13 20:36:04.510 31953 15263 I MediaCodec: ++kWhatRelease   mState :2
02-13 20:36:04.511 31953 15263 I hw-BpHwBinder: onLastStrongRef automatically unlinking death recipients
02-13 20:36:04.511 31953 15249 W MessageQueue: Handler (android.os.Handler) {62dc559} sending message to a Handler on a dead thread
02-13 20:36:04.511 31953 15249 W MessageQueue: java.lang.IllegalStateException: Handler (android.os.Handler) {62dc559} sending message to a Handler on a dead thread
02-13 20:36:04.511 31953 15249 W MessageQueue: 	at android.os.MessageQueue.enqueueMessage(MessageQueue.java:564)
02-13 20:36:04.511 31953 15249 W MessageQueue: 	at android.os.Handler.enqueueMessage(Handler.java:841)
02-13 20:36:04.511 31953 15249 W MessageQueue: 	at android.os.Handler.sendMessageAtTime(Handler.java:737)
02-13 20:36:04.511 31953 15249 W MessageQueue: 	at android.os.Handler.sendMessageDelayed(Handler.java:707)
02-13 20:36:04.511 31953 15249 W MessageQueue: 	at android.os.Handler.sendMessage(Handler.java:645)
02-13 20:36:04.511 31953 15249 W MessageQueue: 	at android.os.Message.sendToTarget(Message.java:472)
02-13 20:36:04.511 31953 15249 W MessageQueue: 	at X.8zQ.A01(Unknown Source:4)
02-13 20:36:04.511 31953 15249 W MessageQueue: 	at X.8zF.G3A(Unknown Source:9)
02-13 20:36:04.511 31953 15249 W MessageQueue: 	at X.8yK.G3A(Unknown Source:11)
02-13 20:36:04.511 31953 15249 W MessageQueue: 	at X.3eP.A08(Unknown Source:126)
02-13 20:36:04.511 31953 15249 W MessageQueue: 	at X.3eP.handleMessage(Unknown Source:1551)
02-13 20:36:04.511 31953 15249 W MessageQueue: 	at android.os.Handler.dispatchMessage(Handler.java:104)
02-13 20:36:04.511 31953 15249 W MessageQueue: 	at android.os.Looper.loopOnce(Looper.java:226)
02-13 20:36:04.511 31953 15249 W MessageQueue: 	at android.os.Looper.loop(Looper.java:328)
02-13 20:36:04.511 31953 15249 W MessageQueue: 	at android.os.HandlerThread.run(HandlerThread.java:67)
02-13 20:36:04.511 31953 15249 W MessageQueue: Handler (android.os.Handler) {9ab91ff} sending message to a Handler on a dead thread
02-13 20:36:04.511 31953 15249 W MessageQueue: java.lang.IllegalStateException: Handler (android.os.Handler) {9ab91ff} sending message to a Handler on a dead thread
02-13 20:36:04.511 31953 15249 W MessageQueue: 	at android.os.MessageQueue.enqueueMessage(MessageQueue.java:564)
02-13 20:36:04.511 31953 15249 W MessageQueue: 	at android.os.Handler.enqueueMessage(Handler.java:841)
02-13 20:36:04.511 31953 15249 W MessageQueue: 	at android.os.Handler.sendMessageAtFrontOfQueue(Handler.java:760)
02-13 20:36:04.511 31953 15249 W MessageQueue: 	at X.8Kz.FlO(Unknown Source:8)
02-13 20:36:04.511 31953 15249 W MessageQueue: 	at X.8KA.A01(Unknown Source:29)
02-13 20:36:04.511 31953 15249 W MessageQueue: 	at X.8yK.G3A(Unknown Source:29)
02-13 20:36:04.511 31953 15249 W MessageQueue: 	at X.3eP.A08(Unknown Source:126)
02-13 20:36:04.511 31953 15249 W MessageQueue: 	at X.3eP.handleMessage(Unknown Source:1551)
02-13 20:36:04.511 31953 15249 W MessageQueue: 	at android.os.Handler.dispatchMessage(Handler.java:104)
02-13 20:36:04.511 31953 15249 W MessageQueue: 	at android.os.Looper.loopOnce(Looper.java:226)
02-13 20:36:04.511 31953 15249 W MessageQueue: 	at android.os.Looper.loop(Looper.java:328)
02-13 20:36:04.511 31953 15249 W MessageQueue: 	at android.os.HandlerThread.run(HandlerThread.java:67)
02-13 20:36:04.512 31953 15263 W MediaCodec: no metrics handle found
02-13 20:36:04.532 31953   399 W qdgralloc: getInterlacedFlag: getMetaData returned 3, defaulting to interlaced_flag = 0
02-13 20:36:04.573 31953   399 W qdgralloc: getInterlacedFlag: getMetaData returned 3, defaulting to interlaced_flag = 0
02-13 20:36:04.598 31953   399 W qdgralloc: getInterlacedFlag: getMetaData returned 3, defaulting to interlaced_flag = 0
02-13 20:36:04.632 31953   399 W qdgralloc: getInterlacedFlag: getMetaData returned 3, defaulting to interlaced_flag = 0
02-13 20:36:04.633 15302 15302 I cebook.services: Using CollectorTypeCMC GC.
02-13 20:36:04.673 31953   399 W qdgralloc: getInterlacedFlag: getMetaData returned 3, defaulting to interlaced_flag = 0
02-13 20:36:04.698 31953   399 W qdgralloc: getInterlacedFlag: getMetaData returned 3, defaulting to interlaced_flag = 0
02-13 20:36:04.732 31953   399 W qdgralloc: getInterlacedFlag: getMetaData returned 3, defaulting to interlaced_flag = 0
02-13 20:36:04.774 31953   399 W qdgralloc: getInterlacedFlag: getMetaData returned 3, defaulting to interlaced_flag = 0
02-13 20:36:04.797 15302 15302 W SoLoader: Initializing SoLoader: 0
02-13 20:36:04.798 15302 15302 W SoLoader: context.getApplicationContext returned null, holding reference to original context.ApplicationSoSource fallbacks to: /data/app/~~0i27SUu6_SjG4AFiqTz-0w==/com.facebook.services-iRh1sbJoaNWb61uZG3tKxw==/lib/arm64
02-13 20:36:04.798 15302 15302 W SoLoader: Recording new base apk path: /data/app/~~0i27SUu6_SjG4AFiqTz-0w==/com.facebook.services-iRh1sbJoaNWb61uZG3tKxw==/base.apk
02-13 20:36:04.798 15302 15302 W SoLoader: Previously recorded 0 base apk paths.
02-13 20:36:04.799 31953   399 W qdgralloc: getInterlacedFlag: getMetaData returned 3, defaulting to interlaced_flag = 0
02-13 20:36:04.799 15302 15302 I SoLoader: Preparing SO source: DirectorySoSource[root = /vendor/lib64 flags = 2]
02-13 20:36:04.800 15302 15302 I SoLoader: Preparing SO source: DirectorySoSource[root = /system/lib64 flags = 2]
02-13 20:36:04.800 15302 15302 I SoLoader: Preparing SO source: ApplicationSoSource[DirectorySoSource[root = /data/app/~~0i27SUu6_SjG4AFiqTz-0w==/com.facebook.services-iRh1sbJoaNWb61uZG3tKxw==/lib/arm64 flags = 1]]
02-13 20:36:04.800 15302 15302 I SoLoader: Preparing SO source: BackupSoSource[root = /data/data/com.facebook.services/lib-main flags = 1 apks = [ExtractFromZipSoSource[/data/app/~~0i27SUu6_SjG4AFiqTz-0w==/com.facebook.services-iRh1sbJoaNWb61uZG3tKxw==/base.apk]]]
02-13 20:36:04.800 15302 15302 I SoLoader: init finish: 4 SO sources prepared
02-13 20:36:04.801 15302 15302 W SoLoader: SoLoader initialized: 0
02-13 20:36:04.832 31953   399 W qdgralloc: getInterlacedFlag: getMetaData returned 3, defaulting to interlaced_flag = 0
02-13 20:36:04.866 31953   399 W qdgralloc: getInterlacedFlag: getMetaData returned 3, defaulting to interlaced_flag = 0
02-13 20:36:04.890 15302 15302 W fbservices:InitStatus: Not blocking Service (45172955)
02-13 20:36:04.895 15302 15302 W fbservices:InitStatus: Not blocking Service (45172955)
02-13 20:36:04.896 15302 15302 W fbservices:InitStatus: Not blocking Service (45172955)
02-13 20:36:04.908 31953   399 W qdgralloc: getInterlacedFlag: getMetaData returned 3, defaulting to interlaced_flag = 0
02-13 20:36:04.932 31953   399 W qdgralloc: getInterlacedFlag: getMetaData returned 3, defaulting to interlaced_flag = 0
02-13 20:36:04.966 31953   399 W qdgralloc: getInterlacedFlag: getMetaData returned 3, defaulting to interlaced_flag = 0
02-13 20:36:05.003 15302 15302 W fbservices:InitStatus: Not blocking Service (45172955)
02-13 20:36:05.003 15302 15302 W fbservices:InitStatus: Not blocking Service (45172955)
02-13 20:36:05.007 31953   399 W qdgralloc: getInterlacedFlag: getMetaData returned 3, defaulting to interlaced_flag = 0
02-13 20:36:05.032 31953   399 W qdgralloc: getInterlacedFlag: getMetaData returned 3, defaulting to interlaced_flag = 0
02-13 20:36:05.065 31953   399 W qdgralloc: getInterlacedFlag: getMetaData returned 3, defaulting to interlaced_flag = 0
02-13 20:36:05.076 15302 15302 W fbservices:InitStatus: Not blocking Service (45172955)
02-13 20:36:05.076 15302 15302 W fbservices:InitStatus: Not blocking Service (45172955)
02-13 20:36:05.085 15302 15302 W SoLoader: Loading notifgateway-jni on the main thread
02-13 20:36:05.086 15302 15302 W SoLoader[NativeDeps]: Falling back to custom ELF parsing when loading libnotifgateway.so, this can be slow
02-13 20:36:05.088 15302 15302 W SoLoader[NativeDeps]: Falling back to custom ELF parsing when loading libc++_shared.so, this can be slow
02-13 20:36:05.091 15302 15302 W SoLoader: Loading simplejni on the main thread
02-13 20:36:05.091 15302 15302 W SoLoader: Loading simplejni on the main thread
02-13 20:36:05.094 15302 15302 I DGW     : I[startConnection:365] ConnectivityManager start connection.
02-13 20:36:05.096 15302 15336 I DGW     : I[sendRequest:85] StreamGroupConnectivityAwareNetworkLayer Request is queued for serviceId : {notifgateway}
02-13 20:36:05.098 31953   399 W qdgralloc: getInterlacedFlag: getMetaData returned 3, defaulting to interlaced_flag = 0
02-13 20:36:05.113 15302 15302 W fbservices:InitStatus: Not blocking Service (45172955)
02-13 20:36:05.113 15302 15302 W fbservices:InitStatus: Not blocking Service (45172955)
02-13 20:36:05.122 15302 15302 W fbservices:InitStatus: Not blocking Service (45172955)
02-13 20:36:05.123 15302 15302 E fbservices:FbnsServiceDelegateV2: onBind invalid signature: Intent { act=com.facebook.push.fbns.ipc.IFbnsAIDLService cmp=com.facebook.services/com.facebook.oxygen.services.fbns.PreloadedFbnsService (has extras) }
02-13 20:36:05.140 31953   399 W qdgralloc: getInterlacedFlag: getMetaData returned 3, defaulting to interlaced_flag = 0
02-13 20:36:05.165 31953   399 W qdgralloc: getInterlacedFlag: getMetaData returned 3, defaulting to interlaced_flag = 0
02-13 20:36:05.283 15302 15362 I DGW     : I[sendRequest:88] DGW Connecting to https://z-m-gateway.facebook.com/notifgateway
02-13 20:36:05.328 31953   353 I stagram.android: Background concurrent mark compact GC freed 16MB AllocSpace bytes, 69(7088KB) LOS objects, 24% free, 75MB/99MB, paused 1.165ms,2.934ms total 215.252ms
02-13 20:36:05.491 31953   399 W qdgralloc: getInterlacedFlag: getMetaData returned 3, defaulting to interlaced_flag = 0
02-13 20:36:05.503  6120  6153 I m.meesho.supply: Background concurrent mark compact GC freed 2252KB AllocSpace bytes, 17(532KB) LOS objects, 49% free, 6946KB/13MB, paused 1.236ms,4.076ms total 199.840ms
02-13 20:36:05.599 15302 15363 W DGW     : W[onSuccessfulResponse:666] StreamGroupTransport on successful response. DGW for serviceId=notifgateway is now connected.
02-13 20:36:05.871 31953 31953 E stagram.android: Invalid resource ID 0x00000002.
02-13 20:36:05.874 31953 31953 E stagram.android: Invalid resource ID 0x00000002.
02-13 20:36:05.875 31953 31953 E stagram.android: Invalid resource ID 0x00000002.
02-13 20:36:05.878 31953 31953 E stagram.android: Invalid resource ID 0x00000002.
02-13 20:36:05.878 31953 31953 E stagram.android: Invalid resource ID 0x00000002.
02-13 20:36:05.882 31953 31953 E stagram.android: Invalid resource ID 0x00000002.
02-13 20:36:05.882 31953 31953 E stagram.android: Invalid resource ID 0x00000002.
02-13 20:36:05.885 31953 31953 E stagram.android: Invalid resource ID 0x00000002.
02-13 20:36:05.885 31953 31953 E stagram.android: Invalid resource ID 0x00000002.
02-13 20:36:05.889 31953 31953 E stagram.android: Invalid resource ID 0x00000002.
02-13 20:36:05.936 31953 31953 W D55     : Pos=91 holder=X.2FL@5ec9af6
02-13 20:36:05.940 31953 15382 W DefaultTrackSelector: Audio channel count constraints cannot be applied without reference to Context. Build the track selector instance with one of the non-deprecated constructors that take a Context argument.
02-13 20:36:05.941 31953 15384 W MediaCodecSelectorHelper: Unexpected mime type audio/mp4a-latm
02-13 20:36:05.941 31953 15384 W MediaCodecSelectorHelper: Unexpected mime type audio/mp4a-latm
02-13 20:36:05.941 31953 15384 W MediaCodecSelectorHelper: Unexpected mime type audio/mp4a-latm
02-13 20:36:05.941 31953 15384 W MediaCodecSelectorHelper: Unexpected mime type audio/mp4a-latm
02-13 20:36:05.941 31953 15384 W MediaCodecSelectorHelper: Unexpected mime type audio/mp4a-latm
02-13 20:36:05.941 31953 15384 W MediaCodecSelectorHelper: Unexpected mime type audio/mp4a-latm
02-13 20:36:05.941 31953 31953 W libc    : Access denied finding property "vendor.display.enable_display_extensions"
02-13 20:36:05.944 31953 31953 E VideoPlayerImpl: IgBaseVideoPlayer Warning: AV1_INSTANTIATION AV1_INSTANTIATION AV1 decoding using HardwareDecoder;c2.qti.av1.decoder
02-13 20:36:05.949 31953 15384 W AString : ctor got NULL, using empty string instead
02-13 20:36:05.951 31953 15384 I CCodecBufferChannel: mIsVivoLogEnable = 0
02-13 20:36:05.953 31953 15388 I CCodec  : setting up 'default' as default (vendor) store
02-13 20:36:05.960 31953 15388 I CCodec  : Created component [c2.qti.av1.decoder]
02-13 20:36:05.969 31953 15388 I CCodecConfig: query failed after returning 18 values (BAD_INDEX)
02-13 20:36:05.969 31953 15388 W ColorUtils: expected specified color aspects (0:0:0:0)
02-13 20:36:05.970 31953 15384 W libc    : Access denied finding property "vendor.vivo.debug.PqSetting.enable"
02-13 20:36:05.974 31953 15387 I MediaCodec: [c2.qti.av1.decoder] setting surface generation to 32719969
